============================================================
RRR Find-Another Sweep (16-config array)
Array Job: 21209304
Task ID: 2 / 15
A_SOURCE: integrated_gradients
Lambda: 1
Mask frac: 0.20
Run name: rrr_findanother_seed52_integrated_gradients_lam1_mask0p20
Delegating to: /home/ryreu/atlas/CompPhys_FinalProject/restart_studies/sbatch_train_rrr_find_another_single.sh
============================================================
[preflight] WORKDIR=/home/ryreu/atlas/CompPhys_FinalProject
[preflight] PROJECT_ROOT=/home/ryreu/atlas/CompPhys_FinalProject
[preflight] SCRIPT=/home/ryreu/atlas/CompPhys_FinalProject/restart_studies/train_rrr_find_another_single.py
[preflight] RUN_NAME=rrr_findanother_seed52_integrated_gradients_lam1_mask0p20
[preflight] A_SOURCE=integrated_gradients
[preflight] LAMBDA_RRR=1
[preflight] MASK_FRAC=0.20
[preflight] DATA_DIR=/home/ryreu/atlas/PracticeTagging/data/jetclass_part0
[preflight] ASPEN_DIR=/home/ryreu/atlas/CompPhys_Final/data/AspenOpenJets
[preflight] python: /home/ryreu/miniconda3/envs/atlas_kd/bin/python3
[preflight] module check OK
============================================================
RRR Find-Another Training (Single Config)
Job ID: 21212914
Node: skl-a-51
Output: /home/ryreu/atlas/CompPhys_FinalProject/restart_studies/results/rrr_findanother_seed52_integrated_gradients_lam1_mask0p20
============================================================
 python3 -u /home/ryreu/atlas/CompPhys_FinalProject/restart_studies/train_rrr_find_another_single.py --data_dir /home/ryreu/atlas/PracticeTagging/data/jetclass_part0 --aspen_data_dir /home/ryreu/atlas/CompPhys_Final/data/AspenOpenJets --aspen_glob Run\*.h5 --aspen_n_jets 1000000 --aspen_chunk_jets 50000 --output_root /home/ryreu/atlas/CompPhys_FinalProject/restart_studies/results --run_name rrr_findanother_seed52_integrated_gradients_lam1_mask0p20 --seed 52 --device cuda --num_workers 4 --feature_mode full --max_constits 128 --train_files_per_class 8 --val_files_per_class 1 --test_files_per_class 1 --n_train_jets 150000 --n_val_jets 50000 --n_test_jets 150000 --batch_size 512 --rrr_batch_size 128 --epochs 30 --lr 7e-4 --weight_decay 1e-5 --warmup_epochs 3 --embed_dim 128 --num_heads 8 --num_layers 6 --ff_dim 512 --dropout 0.1 --target_class HToBB --background_class ZJetsToNuNu --a_source integrated_gradients --lambda_rrr 1 --mask_frac 0.20 --max_iterations 5 --attr_batch_size 128 --ig_steps 16 --smoothgrad_samples 16 --smoothgrad_sigma 0.10
[info] run_dir=/home/ryreu/atlas/CompPhys_FinalProject/restart_studies/results/rrr_findanother_seed52_integrated_gradients_lam1_mask0p20
[info] device=cuda
[info] classes:
  - HToBB: 10 files
  - HToCC: 10 files
  - HToGG: 10 files
  - HToWW2Q1L: 10 files
  - HToWW4Q: 10 files
  - TTBar: 10 files
  - TTBarLep: 10 files
  - WToQQ: 10 files
  - ZJetsToNuNu: 10 files
  - ZToQQ: 10 files
[info] loading train/val/test splits
[info] loaded jets train=150000 val=50000 test=150000
[info] domain-prior mask coverage tokens=1179673/5898045 features=11796730/100266765
========================================================================
[iter] 1/5
[iter] seed=1052
[iter-train] ep=1 loss=1.2359 ce=1.2332 rrr=0.0027 val_acc=0.6219 val_auc=0.9310
[iter-train] ep=2 loss=1.0486 ce=1.0459 rrr=0.0028 val_acc=0.6248 val_auc=0.9345
[iter-train] ep=3 loss=1.0083 ce=1.0056 rrr=0.0027 val_acc=0.6390 val_auc=0.9403
[iter-train] ep=4 loss=0.9634 ce=0.9607 rrr=0.0027 val_acc=0.6507 val_auc=0.9417
[iter-train] ep=5 loss=0.9376 ce=0.9350 rrr=0.0027 val_acc=0.6760 val_auc=0.9465
[iter-train] ep=6 loss=0.9192 ce=0.9167 rrr=0.0026 val_acc=0.6791 val_auc=0.9484
[iter-train] ep=7 loss=0.9024 ce=0.8998 rrr=0.0026 val_acc=0.6729 val_auc=0.9483
[iter-train] ep=8 loss=0.8910 ce=0.8885 rrr=0.0024 val_acc=0.6758 val_auc=0.9489
[iter-train] ep=9 loss=0.8783 ce=0.8759 rrr=0.0024 val_acc=0.6687 val_auc=0.9473
[iter-train] ep=10 loss=0.8689 ce=0.8665 rrr=0.0023 val_acc=0.6897 val_auc=0.9512
[iter-train] ep=11 loss=0.8576 ce=0.8554 rrr=0.0023 val_acc=0.6985 val_auc=0.9525
[iter-train] ep=12 loss=0.8471 ce=0.8447 rrr=0.0023 val_acc=0.6946 val_auc=0.9519
[iter-train] ep=13 loss=0.8375 ce=0.8352 rrr=0.0023 val_acc=0.7019 val_auc=0.9530
[iter-train] ep=14 loss=0.8267 ce=0.8243 rrr=0.0023 val_acc=0.6977 val_auc=0.9534
[iter-train] ep=15 loss=0.8148 ce=0.8125 rrr=0.0023 val_acc=0.6945 val_auc=0.9522
[iter-train] ep=16 loss=0.8042 ce=0.8019 rrr=0.0023 val_acc=0.6909 val_auc=0.9523
[iter-train] ep=17 loss=0.7933 ce=0.7910 rrr=0.0023 val_acc=0.7042 val_auc=0.9546
[iter-train] ep=18 loss=0.7813 ce=0.7789 rrr=0.0024 val_acc=0.7046 val_auc=0.9551
[iter-train] ep=19 loss=0.7710 ce=0.7685 rrr=0.0025 val_acc=0.7040 val_auc=0.9550
[iter-train] ep=20 loss=0.7600 ce=0.7574 rrr=0.0026 val_acc=0.7138 val_auc=0.9563
[iter-train] ep=21 loss=0.7483 ce=0.7457 rrr=0.0026 val_acc=0.7069 val_auc=0.9552
[iter-train] ep=22 loss=0.7373 ce=0.7346 rrr=0.0027 val_acc=0.7073 val_auc=0.9552
[iter-train] ep=23 loss=0.7263 ce=0.7235 rrr=0.0028 val_acc=0.7056 val_auc=0.9551
[iter-train] ep=24 loss=0.7157 ce=0.7128 rrr=0.0029 val_acc=0.7089 val_auc=0.9553
[iter-train] ep=25 loss=0.7078 ce=0.7048 rrr=0.0030 val_acc=0.7062 val_auc=0.9550
[iter-train] ep=26 loss=0.7009 ce=0.6979 rrr=0.0031 val_acc=0.7082 val_auc=0.9549
[iter-train] ep=27 loss=0.6936 ce=0.6904 rrr=0.0032 val_acc=0.7094 val_auc=0.9552
[iter-train] ep=28 loss=0.6897 ce=0.6865 rrr=0.0032 val_acc=0.7084 val_auc=0.9548
[iter-train] ep=29 loss=0.6860 ce=0.6828 rrr=0.0032 val_acc=0.7104 val_auc=0.9552
[iter-train] ep=30 loss=0.6851 ce=0.6818 rrr=0.0032 val_acc=0.7106 val_auc=0.9551
[iter] done 1: test_acc=0.7102, test_auc=0.9553, aspen_strong3=0.6140
========================================================================
[iter] 2/5
[iter] seed=2052
[iter] computing full-dataset attributions source=integrated_gradients
[iter-train] ep=1 loss=1.2568 ce=1.2497 rrr=0.0072 val_acc=0.6157 val_auc=0.9320
[iter-train] ep=2 loss=1.0672 ce=1.0554 rrr=0.0117 val_acc=0.6381 val_auc=0.9361
[iter-train] ep=3 loss=1.0215 ce=1.0078 rrr=0.0137 val_acc=0.6456 val_auc=0.9395
[iter-train] ep=4 loss=0.9789 ce=0.9646 rrr=0.0143 val_acc=0.6618 val_auc=0.9438
[iter-train] ep=5 loss=0.9515 ce=0.9365 rrr=0.0150 val_acc=0.6697 val_auc=0.9458
[iter-train] ep=6 loss=0.9353 ce=0.9203 rrr=0.0150 val_acc=0.6698 val_auc=0.9454
[iter-train] ep=7 loss=0.9214 ce=0.9064 rrr=0.0150 val_acc=0.6795 val_auc=0.9481
[iter-train] ep=8 loss=0.9077 ce=0.8924 rrr=0.0153 val_acc=0.6830 val_auc=0.9489
[iter-train] ep=9 loss=0.8974 ce=0.8824 rrr=0.0150 val_acc=0.6831 val_auc=0.9493
[iter-train] ep=10 loss=0.8882 ce=0.8729 rrr=0.0152 val_acc=0.6917 val_auc=0.9508
[iter-train] ep=11 loss=0.8737 ce=0.8585 rrr=0.0152 val_acc=0.6878 val_auc=0.9508
[iter-train] ep=12 loss=0.8629 ce=0.8477 rrr=0.0152 val_acc=0.6966 val_auc=0.9523
[iter-train] ep=13 loss=0.8534 ce=0.8379 rrr=0.0155 val_acc=0.6953 val_auc=0.9523
[iter-train] ep=14 loss=0.8408 ce=0.8253 rrr=0.0155 val_acc=0.6939 val_auc=0.9520
[iter-train] ep=15 loss=0.8312 ce=0.8154 rrr=0.0157 val_acc=0.6954 val_auc=0.9531
[iter-train] ep=16 loss=0.8209 ce=0.8049 rrr=0.0159 val_acc=0.6906 val_auc=0.9516
[iter-train] ep=17 loss=0.8091 ce=0.7928 rrr=0.0163 val_acc=0.6993 val_auc=0.9536
[iter-train] ep=18 loss=0.7968 ce=0.7807 rrr=0.0162 val_acc=0.6994 val_auc=0.9538
[iter-train] ep=19 loss=0.7872 ce=0.7705 rrr=0.0167 val_acc=0.7035 val_auc=0.9543
[iter-train] ep=20 loss=0.7748 ce=0.7581 rrr=0.0167 val_acc=0.7017 val_auc=0.9542
[iter-train] ep=21 loss=0.7641 ce=0.7469 rrr=0.0172 val_acc=0.7041 val_auc=0.9546
[iter-train] ep=22 loss=0.7534 ce=0.7358 rrr=0.0176 val_acc=0.7014 val_auc=0.9541
[iter-train] ep=23 loss=0.7435 ce=0.7259 rrr=0.0176 val_acc=0.7011 val_auc=0.9542
[iter-train] ep=24 loss=0.7327 ce=0.7146 rrr=0.0181 val_acc=0.7011 val_auc=0.9539
[iter-train] ep=25 loss=0.7244 ce=0.7061 rrr=0.0182 val_acc=0.7025 val_auc=0.9542
[iter-train] ep=26 loss=0.7174 ce=0.6988 rrr=0.0185 val_acc=0.7027 val_auc=0.9544
[iter-train] ep=27 loss=0.7106 ce=0.6921 rrr=0.0186 val_acc=0.7029 val_auc=0.9543
[iter-train] ep=28 loss=0.7066 ce=0.6882 rrr=0.0184 val_acc=0.7022 val_auc=0.9541
[iter-train] ep=29 loss=0.7037 ce=0.6849 rrr=0.0187 val_acc=0.7025 val_auc=0.9540
[iter-train] ep=30 loss=0.7028 ce=0.6839 rrr=0.0189 val_acc=0.7023 val_auc=0.9540
[iter] done 2: test_acc=0.7017, test_auc=0.9538, aspen_strong3=0.6539
========================================================================
[iter] 3/5
[iter] seed=3052
[iter] computing full-dataset attributions source=integrated_gradients
[iter-train] ep=1 loss=1.2471 ce=1.2401 rrr=0.0070 val_acc=0.6350 val_auc=0.9331
[iter-train] ep=2 loss=1.0600 ce=1.0488 rrr=0.0112 val_acc=0.6483 val_auc=0.9389
[iter-train] ep=3 loss=1.0185 ce=1.0056 rrr=0.0129 val_acc=0.6551 val_auc=0.9395
[iter-train] ep=4 loss=0.9787 ce=0.9648 rrr=0.0140 val_acc=0.6559 val_auc=0.9415
[iter-train] ep=5 loss=0.9517 ce=0.9374 rrr=0.0143 val_acc=0.6758 val_auc=0.9461
[iter-train] ep=6 loss=0.9351 ce=0.9206 rrr=0.0145 val_acc=0.6760 val_auc=0.9465
[iter-train] ep=7 loss=0.9201 ce=0.9056 rrr=0.0145 val_acc=0.6803 val_auc=0.9478
[iter-train] ep=8 loss=0.9072 ce=0.8926 rrr=0.0146 val_acc=0.6706 val_auc=0.9482
[iter-train] ep=9 loss=0.8956 ce=0.8811 rrr=0.0145 val_acc=0.6868 val_auc=0.9507
[iter-train] ep=10 loss=0.8841 ce=0.8694 rrr=0.0147 val_acc=0.6871 val_auc=0.9505
[iter-train] ep=11 loss=0.8723 ce=0.8576 rrr=0.0147 val_acc=0.6792 val_auc=0.9500
[iter-train] ep=12 loss=0.8622 ce=0.8471 rrr=0.0151 val_acc=0.6693 val_auc=0.9505
[iter-train] ep=13 loss=0.8507 ce=0.8358 rrr=0.0149 val_acc=0.6940 val_auc=0.9526
[iter-train] ep=14 loss=0.8433 ce=0.8281 rrr=0.0151 val_acc=0.6898 val_auc=0.9514
[iter-train] ep=15 loss=0.8331 ce=0.8178 rrr=0.0153 val_acc=0.6817 val_auc=0.9512
[iter-train] ep=16 loss=0.8193 ce=0.8038 rrr=0.0155 val_acc=0.6938 val_auc=0.9529
[iter-train] ep=17 loss=0.8114 ce=0.7959 rrr=0.0155 val_acc=0.7052 val_auc=0.9550
[iter-train] ep=18 loss=0.7986 ce=0.7827 rrr=0.0159 val_acc=0.7055 val_auc=0.9554
[iter-train] ep=19 loss=0.7879 ce=0.7719 rrr=0.0160 val_acc=0.7052 val_auc=0.9550
[iter-train] ep=20 loss=0.7751 ce=0.7584 rrr=0.0167 val_acc=0.7066 val_auc=0.9554
[iter-train] ep=21 loss=0.7646 ce=0.7475 rrr=0.0171 val_acc=0.7050 val_auc=0.9558
[iter-train] ep=22 loss=0.7520 ce=0.7343 rrr=0.0178 val_acc=0.7062 val_auc=0.9557
[iter-train] ep=23 loss=0.7410 ce=0.7223 rrr=0.0187 val_acc=0.7160 val_auc=0.9570
[iter-train] ep=24 loss=0.7312 ce=0.7117 rrr=0.0195 val_acc=0.7152 val_auc=0.9569
[iter-train] ep=25 loss=0.7199 ce=0.6998 rrr=0.0201 val_acc=0.7165 val_auc=0.9571
[iter-train] ep=26 loss=0.7120 ce=0.6912 rrr=0.0208 val_acc=0.7173 val_auc=0.9576
[iter-train] ep=27 loss=0.7044 ce=0.6832 rrr=0.0212 val_acc=0.7194 val_auc=0.9576
[iter-train] ep=28 loss=0.7006 ce=0.6791 rrr=0.0215 val_acc=0.7183 val_auc=0.9577
[iter-train] ep=29 loss=0.6974 ce=0.6757 rrr=0.0217 val_acc=0.7200 val_auc=0.9579
[iter-train] ep=30 loss=0.6944 ce=0.6727 rrr=0.0217 val_acc=0.7195 val_auc=0.9578
[iter] done 3: test_acc=0.7177, test_auc=0.9577, aspen_strong3=0.6132
========================================================================
[iter] 4/5
[iter] seed=4052
[iter] computing full-dataset attributions source=integrated_gradients
[iter-train] ep=1 loss=1.2541 ce=1.2472 rrr=0.0069 val_acc=0.6292 val_auc=0.9318
[iter-train] ep=2 loss=1.0684 ce=1.0576 rrr=0.0108 val_acc=0.6427 val_auc=0.9374
[iter-train] ep=3 loss=1.0257 ce=1.0132 rrr=0.0125 val_acc=0.6481 val_auc=0.9392
[iter-train] ep=4 loss=0.9848 ce=0.9713 rrr=0.0134 val_acc=0.6588 val_auc=0.9418
[iter-train] ep=5 loss=0.9577 ce=0.9438 rrr=0.0140 val_acc=0.6628 val_auc=0.9441
[iter-train] ep=6 loss=0.9365 ce=0.9226 rrr=0.0138 val_acc=0.6516 val_auc=0.9424
[iter-train] ep=7 loss=0.9225 ce=0.9084 rrr=0.0141 val_acc=0.6773 val_auc=0.9488
[iter-train] ep=8 loss=0.9091 ce=0.8949 rrr=0.0142 val_acc=0.6846 val_auc=0.9497
[iter-train] ep=9 loss=0.8946 ce=0.8804 rrr=0.0142 val_acc=0.6865 val_auc=0.9502
[iter-train] ep=10 loss=0.8826 ce=0.8683 rrr=0.0143 val_acc=0.6845 val_auc=0.9502
[iter-train] ep=11 loss=0.8727 ce=0.8582 rrr=0.0145 val_acc=0.6954 val_auc=0.9523
[iter-train] ep=12 loss=0.8617 ce=0.8472 rrr=0.0145 val_acc=0.6950 val_auc=0.9524
[iter-train] ep=13 loss=0.8506 ce=0.8360 rrr=0.0146 val_acc=0.6923 val_auc=0.9517
[iter-train] ep=14 loss=0.8394 ce=0.8247 rrr=0.0147 val_acc=0.6938 val_auc=0.9524
[iter-train] ep=15 loss=0.8317 ce=0.8166 rrr=0.0150 val_acc=0.6964 val_auc=0.9535
[iter-train] ep=16 loss=0.8186 ce=0.8034 rrr=0.0152 val_acc=0.7022 val_auc=0.9541
[iter-train] ep=17 loss=0.8083 ce=0.7928 rrr=0.0155 val_acc=0.7043 val_auc=0.9543
[iter-train] ep=18 loss=0.7967 ce=0.7810 rrr=0.0158 val_acc=0.6951 val_auc=0.9534
[iter-train] ep=19 loss=0.7845 ce=0.7686 rrr=0.0159 val_acc=0.7025 val_auc=0.9545
[iter-train] ep=20 loss=0.7738 ce=0.7574 rrr=0.0164 val_acc=0.7010 val_auc=0.9552
[iter-train] ep=21 loss=0.7620 ce=0.7454 rrr=0.0166 val_acc=0.7066 val_auc=0.9557
[iter-train] ep=22 loss=0.7524 ce=0.7355 rrr=0.0169 val_acc=0.7063 val_auc=0.9553
[iter-train] ep=23 loss=0.7421 ce=0.7248 rrr=0.0173 val_acc=0.7035 val_auc=0.9545
[iter-train] ep=24 loss=0.7318 ce=0.7140 rrr=0.0177 val_acc=0.7029 val_auc=0.9544
[iter-train] ep=25 loss=0.7222 ce=0.7044 rrr=0.0178 val_acc=0.7074 val_auc=0.9550
[iter-train] ep=26 loss=0.7145 ce=0.6964 rrr=0.0181 val_acc=0.7040 val_auc=0.9543
[iter-train] ep=27 loss=0.7092 ce=0.6908 rrr=0.0184 val_acc=0.7047 val_auc=0.9546
[iter-train] ep=28 loss=0.7045 ce=0.6859 rrr=0.0186 val_acc=0.7054 val_auc=0.9545
[iter-train] ep=29 loss=0.7005 ce=0.6819 rrr=0.0186 val_acc=0.7054 val_auc=0.9546
[iter-train] ep=30 loss=0.6990 ce=0.6804 rrr=0.0186 val_acc=0.7047 val_auc=0.9545
[iter] done 4: test_acc=0.7045, test_auc=0.9544, aspen_strong3=0.6899
========================================================================
[iter] 5/5
[iter] seed=5052
[iter] computing full-dataset attributions source=integrated_gradients
[iter-train] ep=1 loss=1.2387 ce=1.2321 rrr=0.0065 val_acc=0.6288 val_auc=0.9327
[iter-train] ep=2 loss=1.0606 ce=1.0502 rrr=0.0104 val_acc=0.6468 val_auc=0.9389
[iter-train] ep=3 loss=1.0190 ce=1.0071 rrr=0.0119 val_acc=0.6122 val_auc=0.9314
[iter-train] ep=4 loss=0.9767 ce=0.9637 rrr=0.0130 val_acc=0.6640 val_auc=0.9441
[iter-train] ep=5 loss=0.9551 ce=0.9416 rrr=0.0135 val_acc=0.6704 val_auc=0.9456
[iter-train] ep=6 loss=0.9351 ce=0.9214 rrr=0.0136 val_acc=0.6699 val_auc=0.9461
[iter-train] ep=7 loss=0.9204 ce=0.9062 rrr=0.0141 val_acc=0.6757 val_auc=0.9457
[iter-train] ep=8 loss=0.9074 ce=0.8933 rrr=0.0141 val_acc=0.6802 val_auc=0.9489
[iter-train] ep=9 loss=0.8970 ce=0.8829 rrr=0.0141 val_acc=0.6860 val_auc=0.9507
[iter-train] ep=10 loss=0.8856 ce=0.8714 rrr=0.0143 val_acc=0.6809 val_auc=0.9485
[iter-train] ep=11 loss=0.8743 ce=0.8601 rrr=0.0143 val_acc=0.6922 val_auc=0.9517
[iter-train] ep=12 loss=0.8636 ce=0.8493 rrr=0.0143 val_acc=0.6813 val_auc=0.9508
[iter-train] ep=13 loss=0.8535 ce=0.8390 rrr=0.0144 val_acc=0.6922 val_auc=0.9522
[iter-train] ep=14 loss=0.8433 ce=0.8285 rrr=0.0147 val_acc=0.7023 val_auc=0.9532
[iter-train] ep=15 loss=0.8330 ce=0.8178 rrr=0.0151 val_acc=0.7003 val_auc=0.9528
[iter-train] ep=16 loss=0.8226 ce=0.8077 rrr=0.0149 val_acc=0.6999 val_auc=0.9534
[iter-train] ep=17 loss=0.8122 ce=0.7970 rrr=0.0152 val_acc=0.6995 val_auc=0.9539
[iter-train] ep=18 loss=0.8011 ce=0.7855 rrr=0.0157 val_acc=0.7016 val_auc=0.9541
[iter-train] ep=19 loss=0.7895 ce=0.7735 rrr=0.0160 val_acc=0.7030 val_auc=0.9546
[iter-train] ep=20 loss=0.7795 ce=0.7634 rrr=0.0161 val_acc=0.7084 val_auc=0.9552
[iter-train] ep=21 loss=0.7682 ce=0.7518 rrr=0.0164 val_acc=0.7012 val_auc=0.9539
[iter-train] ep=22 loss=0.7571 ce=0.7406 rrr=0.0165 val_acc=0.7065 val_auc=0.9552
[iter-train] ep=23 loss=0.7469 ce=0.7299 rrr=0.0170 val_acc=0.7046 val_auc=0.9544
[iter-train] ep=24 loss=0.7355 ce=0.7182 rrr=0.0173 val_acc=0.7049 val_auc=0.9546
[iter-train] ep=25 loss=0.7285 ce=0.7109 rrr=0.0176 val_acc=0.7044 val_auc=0.9547
[iter-train] ep=26 loss=0.7200 ce=0.7020 rrr=0.0180 val_acc=0.7065 val_auc=0.9548
[iter-train] ep=27 loss=0.7148 ce=0.6969 rrr=0.0178 val_acc=0.7032 val_auc=0.9543
[iter-train] ep=28 loss=0.7099 ce=0.6919 rrr=0.0181 val_acc=0.7034 val_auc=0.9545
[iter-train] ep=29 loss=0.7063 ce=0.6880 rrr=0.0183 val_acc=0.7046 val_auc=0.9546
[iter-train] ep=30 loss=0.7051 ce=0.6869 rrr=0.0182 val_acc=0.7048 val_auc=0.9545
[iter] done 5: test_acc=0.7053, test_auc=0.9542, aspen_strong3=0.5823
[done] outputs:
  /home/ryreu/atlas/CompPhys_FinalProject/restart_studies/results/rrr_findanother_seed52_integrated_gradients_lam1_mask0p20/config.json
  /home/ryreu/atlas/CompPhys_FinalProject/restart_studies/results/rrr_findanother_seed52_integrated_gradients_lam1_mask0p20/iteration_summary.csv
  /home/ryreu/atlas/CompPhys_FinalProject/restart_studies/results/rrr_findanother_seed52_integrated_gradients_lam1_mask0p20/summary.json
  /home/ryreu/atlas/CompPhys_FinalProject/restart_studies/results/rrr_findanother_seed52_integrated_gradients_lam1_mask0p20/iter_01/jetclass_test_metrics.json
  /home/ryreu/atlas/CompPhys_FinalProject/restart_studies/results/rrr_findanother_seed52_integrated_gradients_lam1_mask0p20/iter_01/aspen_shift_metrics.json
  /home/ryreu/atlas/CompPhys_FinalProject/restart_studies/results/rrr_findanother_seed52_integrated_gradients_lam1_mask0p20/iter_02/jetclass_test_metrics.json
  /home/ryreu/atlas/CompPhys_FinalProject/restart_studies/results/rrr_findanother_seed52_integrated_gradients_lam1_mask0p20/iter_02/aspen_shift_metrics.json
  /home/ryreu/atlas/CompPhys_FinalProject/restart_studies/results/rrr_findanother_seed52_integrated_gradients_lam1_mask0p20/iter_03/jetclass_test_metrics.json
  /home/ryreu/atlas/CompPhys_FinalProject/restart_studies/results/rrr_findanother_seed52_integrated_gradients_lam1_mask0p20/iter_03/aspen_shift_metrics.json
  /home/ryreu/atlas/CompPhys_FinalProject/restart_studies/results/rrr_findanother_seed52_integrated_gradients_lam1_mask0p20/iter_04/jetclass_test_metrics.json
  /home/ryreu/atlas/CompPhys_FinalProject/restart_studies/results/rrr_findanother_seed52_integrated_gradients_lam1_mask0p20/iter_04/aspen_shift_metrics.json
  /home/ryreu/atlas/CompPhys_FinalProject/restart_studies/results/rrr_findanother_seed52_integrated_gradients_lam1_mask0p20/iter_05/jetclass_test_metrics.json
  /home/ryreu/atlas/CompPhys_FinalProject/restart_studies/results/rrr_findanother_seed52_integrated_gradients_lam1_mask0p20/iter_05/aspen_shift_metrics.json
[done] outputs:
  /home/ryreu/atlas/CompPhys_FinalProject/restart_studies/results/rrr_findanother_seed52_integrated_gradients_lam1_mask0p20/config.json
  /home/ryreu/atlas/CompPhys_FinalProject/restart_studies/results/rrr_findanother_seed52_integrated_gradients_lam1_mask0p20/iteration_summary.csv
  /home/ryreu/atlas/CompPhys_FinalProject/restart_studies/results/rrr_findanother_seed52_integrated_gradients_lam1_mask0p20/summary.json
