============================================================
RRR Find-Another Sweep (16-config array)
Array Job: 21209304
Task ID: 13 / 15
A_SOURCE: integrated_gradients
Lambda: 1000
Mask frac: 0.10
Run name: rrr_findanother_seed52_integrated_gradients_lam1000_mask0p10
Delegating to: /home/ryreu/atlas/CompPhys_FinalProject/restart_studies/sbatch_train_rrr_find_another_single.sh
============================================================
[preflight] WORKDIR=/home/ryreu/atlas/CompPhys_FinalProject
[preflight] PROJECT_ROOT=/home/ryreu/atlas/CompPhys_FinalProject
[preflight] SCRIPT=/home/ryreu/atlas/CompPhys_FinalProject/restart_studies/train_rrr_find_another_single.py
[preflight] RUN_NAME=rrr_findanother_seed52_integrated_gradients_lam1000_mask0p10
[preflight] A_SOURCE=integrated_gradients
[preflight] LAMBDA_RRR=1000
[preflight] MASK_FRAC=0.10
[preflight] DATA_DIR=/home/ryreu/atlas/PracticeTagging/data/jetclass_part0
[preflight] ASPEN_DIR=/home/ryreu/atlas/CompPhys_Final/data/AspenOpenJets
[preflight] python: /home/ryreu/miniconda3/envs/atlas_kd/bin/python3
[preflight] module check OK
============================================================
RRR Find-Another Training (Single Config)
Job ID: 21243907
Node: skl-a-26
Output: /home/ryreu/atlas/CompPhys_FinalProject/restart_studies/results/rrr_findanother_seed52_integrated_gradients_lam1000_mask0p10
============================================================
 python3 -u /home/ryreu/atlas/CompPhys_FinalProject/restart_studies/train_rrr_find_another_single.py --data_dir /home/ryreu/atlas/PracticeTagging/data/jetclass_part0 --aspen_data_dir /home/ryreu/atlas/CompPhys_Final/data/AspenOpenJets --aspen_glob Run\*.h5 --aspen_n_jets 1000000 --aspen_chunk_jets 50000 --output_root /home/ryreu/atlas/CompPhys_FinalProject/restart_studies/results --run_name rrr_findanother_seed52_integrated_gradients_lam1000_mask0p10 --seed 52 --device cuda --num_workers 4 --feature_mode full --max_constits 128 --train_files_per_class 8 --val_files_per_class 1 --test_files_per_class 1 --n_train_jets 150000 --n_val_jets 50000 --n_test_jets 150000 --batch_size 512 --rrr_batch_size 128 --epochs 30 --lr 7e-4 --weight_decay 1e-5 --warmup_epochs 3 --embed_dim 128 --num_heads 8 --num_layers 6 --ff_dim 512 --dropout 0.1 --target_class HToBB --background_class ZJetsToNuNu --a_source integrated_gradients --lambda_rrr 1000 --mask_frac 0.10 --max_iterations 5 --attr_batch_size 128 --ig_steps 16 --smoothgrad_samples 16 --smoothgrad_sigma 0.10
[info] run_dir=/home/ryreu/atlas/CompPhys_FinalProject/restart_studies/results/rrr_findanother_seed52_integrated_gradients_lam1000_mask0p10
[info] device=cuda
[info] classes:
  - HToBB: 10 files
  - HToCC: 10 files
  - HToGG: 10 files
  - HToWW2Q1L: 10 files
  - HToWW4Q: 10 files
  - TTBar: 10 files
  - TTBarLep: 10 files
  - WToQQ: 10 files
  - ZJetsToNuNu: 10 files
  - ZToQQ: 10 files
[info] loading train/val/test splits
[info] loaded jets train=150000 val=50000 test=150000
[info] domain-prior mask coverage tokens=589981/5898045 features=5899810/100266765
========================================================================
[iter] 1/5
[iter] seed=1052
[iter-train] ep=1 loss=1.3557 ce=1.3126 rrr=0.0000 val_acc=0.5986 val_auc=0.9236
[iter-train] ep=2 loss=1.1050 ce=1.0768 rrr=0.0000 val_acc=0.5870 val_auc=0.9256
[iter-train] ep=3 loss=1.0362 ce=1.0180 rrr=0.0000 val_acc=0.6510 val_auc=0.9397
[iter-train] ep=4 loss=0.9825 ce=0.9696 rrr=0.0000 val_acc=0.6220 val_auc=0.9357
[iter-train] ep=5 loss=0.9524 ce=0.9415 rrr=0.0000 val_acc=0.6627 val_auc=0.9449
[iter-train] ep=6 loss=0.9330 ce=0.9242 rrr=0.0000 val_acc=0.6807 val_auc=0.9486
[iter-train] ep=7 loss=0.9151 ce=0.9070 rrr=0.0000 val_acc=0.6420 val_auc=0.9429
[iter-train] ep=8 loss=0.9025 ce=0.8949 rrr=0.0000 val_acc=0.6653 val_auc=0.9462
[iter-train] ep=9 loss=0.8880 ce=0.8810 rrr=0.0000 val_acc=0.6720 val_auc=0.9486
[iter-train] ep=10 loss=0.8773 ce=0.8706 rrr=0.0000 val_acc=0.6758 val_auc=0.9499
[iter-train] ep=11 loss=0.8678 ce=0.8616 rrr=0.0000 val_acc=0.6962 val_auc=0.9519
[iter-train] ep=12 loss=0.8575 ce=0.8504 rrr=0.0000 val_acc=0.6910 val_auc=0.9519
[iter-train] ep=13 loss=0.8470 ce=0.8405 rrr=0.0000 val_acc=0.6942 val_auc=0.9522
[iter-train] ep=14 loss=0.8350 ce=0.8295 rrr=0.0000 val_acc=0.6914 val_auc=0.9523
[iter-train] ep=15 loss=0.8206 ce=0.8151 rrr=0.0000 val_acc=0.6845 val_auc=0.9506
[iter-train] ep=16 loss=0.8132 ce=0.8075 rrr=0.0000 val_acc=0.6751 val_auc=0.9492
[iter-train] ep=17 loss=0.8039 ce=0.7984 rrr=0.0000 val_acc=0.6904 val_auc=0.9532
[iter-train] ep=18 loss=0.7900 ce=0.7848 rrr=0.0000 val_acc=0.6929 val_auc=0.9526
[iter-train] ep=19 loss=0.7810 ce=0.7754 rrr=0.0000 val_acc=0.6913 val_auc=0.9531
[iter-train] ep=20 loss=0.7689 ce=0.7637 rrr=0.0000 val_acc=0.7045 val_auc=0.9552
[iter-train] ep=21 loss=0.7577 ce=0.7525 rrr=0.0000 val_acc=0.6889 val_auc=0.9527
[iter-train] ep=22 loss=0.7467 ce=0.7415 rrr=0.0000 val_acc=0.6894 val_auc=0.9523
[iter-train] ep=23 loss=0.7384 ce=0.7331 rrr=0.0000 val_acc=0.6946 val_auc=0.9539
[iter-train] ep=24 loss=0.7269 ce=0.7216 rrr=0.0000 val_acc=0.7013 val_auc=0.9544
[iter-train] ep=25 loss=0.7186 ce=0.7133 rrr=0.0000 val_acc=0.6924 val_auc=0.9530
[iter-train] ep=26 loss=0.7133 ce=0.7062 rrr=0.0000 val_acc=0.6972 val_auc=0.9536
[iter-train] ep=27 loss=0.7035 ce=0.6979 rrr=0.0000 val_acc=0.6973 val_auc=0.9539
[iter-train] ep=28 loss=0.7003 ce=0.6948 rrr=0.0000 val_acc=0.6961 val_auc=0.9534
[iter-train] ep=29 loss=0.6972 ce=0.6917 rrr=0.0000 val_acc=0.6995 val_auc=0.9538
[iter-train] ep=30 loss=0.6952 ce=0.6897 rrr=0.0000 val_acc=0.6992 val_auc=0.9538
[iter] done 1: test_acc=0.6991, test_auc=0.9538, aspen_strong3=0.4943
========================================================================
[iter] 2/5
[iter] seed=2052
[iter] computing full-dataset attributions source=integrated_gradients
[iter-train] ep=1 loss=1.6107 ce=1.5015 rrr=0.0001 val_acc=0.5335 val_auc=0.8995
[iter-train] ep=2 loss=1.4665 ce=1.3432 rrr=0.0001 val_acc=0.5263 val_auc=0.9007
[iter-train] ep=3 loss=1.4388 ce=1.3142 rrr=0.0001 val_acc=0.5484 val_auc=0.9065
[iter-train] ep=4 loss=1.4052 ce=1.2781 rrr=0.0001 val_acc=0.5460 val_auc=0.9075
[iter-train] ep=5 loss=1.3824 ce=1.2522 rrr=0.0001 val_acc=0.5540 val_auc=0.9086
[iter-train] ep=6 loss=1.3659 ce=1.2362 rrr=0.0001 val_acc=0.5766 val_auc=0.9146
[iter-train] ep=7 loss=1.3465 ce=1.2200 rrr=0.0001 val_acc=0.5570 val_auc=0.9083
[iter-train] ep=8 loss=1.3372 ce=1.2076 rrr=0.0001 val_acc=0.5758 val_auc=0.9143
[iter-train] ep=9 loss=1.3249 ce=1.1936 rrr=0.0001 val_acc=0.5906 val_auc=0.9195
[iter-train] ep=10 loss=1.3108 ce=1.1812 rrr=0.0001 val_acc=0.5885 val_auc=0.9185
[iter-train] ep=11 loss=1.2962 ce=1.1675 rrr=0.0001 val_acc=0.5872 val_auc=0.9207
[iter-train] ep=12 loss=1.2859 ce=1.1559 rrr=0.0001 val_acc=0.5939 val_auc=0.9239
[iter-train] ep=13 loss=1.2714 ce=1.1399 rrr=0.0001 val_acc=0.5960 val_auc=0.9233
[iter-train] ep=14 loss=1.2774 ce=1.1276 rrr=0.0001 val_acc=0.6007 val_auc=0.9253
[iter-train] ep=15 loss=1.2515 ce=1.1172 rrr=0.0001 val_acc=0.6113 val_auc=0.9276
[iter-train] ep=16 loss=1.2540 ce=1.1039 rrr=0.0002 val_acc=0.5988 val_auc=0.9265
[iter-train] ep=17 loss=1.2396 ce=1.0920 rrr=0.0001 val_acc=0.6064 val_auc=0.9262
[iter-train] ep=18 loss=1.2209 ce=1.0820 rrr=0.0001 val_acc=0.6139 val_auc=0.9282
[iter-train] ep=19 loss=1.2193 ce=1.0686 rrr=0.0002 val_acc=0.6180 val_auc=0.9312
[iter-train] ep=20 loss=1.2231 ce=1.0577 rrr=0.0002 val_acc=0.6198 val_auc=0.9323
[iter-train] ep=21 loss=1.2043 ce=1.0479 rrr=0.0002 val_acc=0.6237 val_auc=0.9340
[iter-train] ep=22 loss=1.2434 ce=1.0354 rrr=0.0002 val_acc=0.6282 val_auc=0.9339
[iter-train] ep=23 loss=1.3273 ce=1.0273 rrr=0.0003 val_acc=0.6304 val_auc=0.9343
[iter-train] ep=24 loss=1.2414 ce=1.0190 rrr=0.0002 val_acc=0.6273 val_auc=0.9340
[iter-train] ep=25 loss=1.2448 ce=1.0114 rrr=0.0002 val_acc=0.6328 val_auc=0.9358
[iter-train] ep=26 loss=1.3494 ce=1.0056 rrr=0.0003 val_acc=0.6333 val_auc=0.9354
[iter-train] ep=27 loss=1.8834 ce=1.0020 rrr=0.0009 val_acc=0.6369 val_auc=0.9364
[iter-train] ep=28 loss=1.2786 ce=0.9962 rrr=0.0003 val_acc=0.6381 val_auc=0.9371
[iter-train] ep=29 loss=1.2526 ce=0.9939 rrr=0.0003 val_acc=0.6379 val_auc=0.9365
[iter-train] ep=30 loss=1.2839 ce=0.9940 rrr=0.0003 val_acc=0.6380 val_auc=0.9368
[iter] done 2: test_acc=0.6394, test_auc=0.9370, aspen_strong3=0.6293
========================================================================
[iter] 3/5
[iter] seed=3052
[iter] computing full-dataset attributions source=integrated_gradients
[iter-train] ep=1 loss=1.6616 ce=1.5413 rrr=0.0001 val_acc=0.5040 val_auc=0.8899
[iter-train] ep=2 loss=1.5282 ce=1.3899 rrr=0.0001 val_acc=0.5398 val_auc=0.8997
[iter-train] ep=3 loss=1.4980 ce=1.3575 rrr=0.0001 val_acc=0.5444 val_auc=0.9005
[iter-train] ep=4 loss=1.4658 ce=1.3228 rrr=0.0001 val_acc=0.5704 val_auc=0.9132
[iter-train] ep=5 loss=1.4444 ce=1.2990 rrr=0.0001 val_acc=0.5432 val_auc=0.9060
[iter-train] ep=6 loss=1.4312 ce=1.2841 rrr=0.0001 val_acc=0.5594 val_auc=0.9131
[iter-train] ep=7 loss=1.4174 ce=1.2675 rrr=0.0001 val_acc=0.5596 val_auc=0.9117
[iter-train] ep=8 loss=1.4037 ce=1.2536 rrr=0.0002 val_acc=0.5544 val_auc=0.9135
[iter-train] ep=9 loss=1.3998 ce=1.2367 rrr=0.0002 val_acc=0.5768 val_auc=0.9169
[iter-train] ep=10 loss=1.3926 ce=1.2261 rrr=0.0002 val_acc=0.5814 val_auc=0.9187
[iter-train] ep=11 loss=1.4019 ce=1.2105 rrr=0.0002 val_acc=0.5697 val_auc=0.9149
[iter-train] ep=12 loss=1.4168 ce=1.2028 rrr=0.0002 val_acc=0.5886 val_auc=0.9208
[iter-train] ep=13 loss=1.4365 ce=1.1880 rrr=0.0002 val_acc=0.5923 val_auc=0.9230
[iter-train] ep=14 loss=1.4493 ce=1.1789 rrr=0.0003 val_acc=0.5887 val_auc=0.9233
[iter-train] ep=15 loss=1.4945 ce=1.1684 rrr=0.0003 val_acc=0.5991 val_auc=0.9263
[iter-train] ep=16 loss=1.5997 ce=1.1540 rrr=0.0004 val_acc=0.5936 val_auc=0.9252
[iter-train] ep=17 loss=1.6480 ce=1.1477 rrr=0.0005 val_acc=0.5972 val_auc=0.9218
[iter-train] ep=18 loss=1.4647 ce=1.1396 rrr=0.0003 val_acc=0.6035 val_auc=0.9259
[iter-train] ep=19 loss=1.5891 ce=1.1245 rrr=0.0005 val_acc=0.6053 val_auc=0.9268
[iter-train] ep=20 loss=1.5227 ce=1.1114 rrr=0.0004 val_acc=0.6090 val_auc=0.9288
[iter-train] ep=21 loss=1.9647 ce=1.1026 rrr=0.0009 val_acc=0.6078 val_auc=0.9292
[iter-train] ep=22 loss=1.7769 ce=1.0930 rrr=0.0007 val_acc=0.6140 val_auc=0.9309
[iter-train] ep=23 loss=1.9330 ce=1.0810 rrr=0.0009 val_acc=0.6082 val_auc=0.9284
[iter-train] ep=24 loss=1.8323 ce=1.0764 rrr=0.0008 val_acc=0.6129 val_auc=0.9315
[iter-train] ep=25 loss=1.7667 ce=1.0679 rrr=0.0007 val_acc=0.6166 val_auc=0.9324
[iter-train] ep=26 loss=1.7808 ce=1.0603 rrr=0.0007 val_acc=0.6167 val_auc=0.9323
[iter-train] ep=27 loss=2.3081 ce=1.0553 rrr=0.0013 val_acc=0.6219 val_auc=0.9330
[iter-train] ep=28 loss=1.9225 ce=1.0522 rrr=0.0009 val_acc=0.6230 val_auc=0.9333
[iter-train] ep=29 loss=2.2051 ce=1.0491 rrr=0.0012 val_acc=0.6230 val_auc=0.9334
[iter-train] ep=30 loss=1.9774 ce=1.0485 rrr=0.0009 val_acc=0.6223 val_auc=0.9332
[iter] done 3: test_acc=0.6230, test_auc=0.9337, aspen_strong3=0.6962
========================================================================
[iter] 4/5
[iter] seed=4052
[iter] computing full-dataset attributions source=integrated_gradients
[iter-train] ep=1 loss=1.6518 ce=1.5292 rrr=0.0001 val_acc=0.5167 val_auc=0.8940
[iter-train] ep=2 loss=1.5233 ce=1.3846 rrr=0.0001 val_acc=0.5145 val_auc=0.8955
[iter-train] ep=3 loss=1.4924 ce=1.3498 rrr=0.0001 val_acc=0.5071 val_auc=0.8958
[iter-train] ep=4 loss=1.4599 ce=1.3137 rrr=0.0001 val_acc=0.5558 val_auc=0.9077
[iter-train] ep=5 loss=1.4404 ce=1.2924 rrr=0.0001 val_acc=0.5387 val_auc=0.9048
[iter-train] ep=6 loss=1.4255 ce=1.2741 rrr=0.0002 val_acc=0.5534 val_auc=0.9059
[iter-train] ep=7 loss=1.4140 ce=1.2582 rrr=0.0002 val_acc=0.5655 val_auc=0.9182
[iter-train] ep=8 loss=1.4048 ce=1.2435 rrr=0.0002 val_acc=0.5729 val_auc=0.9152
[iter-train] ep=9 loss=1.4289 ce=1.2305 rrr=0.0002 val_acc=0.5861 val_auc=0.9203
[iter-train] ep=10 loss=1.4272 ce=1.2179 rrr=0.0002 val_acc=0.5670 val_auc=0.9164
[iter-train] ep=11 loss=1.4878 ce=1.2097 rrr=0.0003 val_acc=0.5901 val_auc=0.9201
[iter-train] ep=12 loss=1.5330 ce=1.2016 rrr=0.0003 val_acc=0.5903 val_auc=0.9198
[iter-train] ep=13 loss=1.4975 ce=1.1904 rrr=0.0003 val_acc=0.5841 val_auc=0.9209
[iter-train] ep=14 loss=1.5422 ce=1.1767 rrr=0.0004 val_acc=0.5881 val_auc=0.9226
[iter-train] ep=15 loss=1.5381 ce=1.1703 rrr=0.0004 val_acc=0.5978 val_auc=0.9260
[iter-train] ep=16 loss=1.5360 ce=1.1601 rrr=0.0004 val_acc=0.5995 val_auc=0.9250
[iter-train] ep=17 loss=1.5916 ce=1.1477 rrr=0.0004 val_acc=0.5958 val_auc=0.9260
[iter-train] ep=18 loss=1.6965 ce=1.1371 rrr=0.0006 val_acc=0.5968 val_auc=0.9244
[iter-train] ep=19 loss=1.7702 ce=1.1296 rrr=0.0006 val_acc=0.6047 val_auc=0.9280
[iter-train] ep=20 loss=2.1931 ce=1.1180 rrr=0.0011 val_acc=0.6050 val_auc=0.9283
[iter-train] ep=21 loss=1.6170 ce=1.1108 rrr=0.0005 val_acc=0.6177 val_auc=0.9305
[iter-train] ep=22 loss=1.6311 ce=1.1020 rrr=0.0005 val_acc=0.5994 val_auc=0.9282
[iter-train] ep=23 loss=2.1010 ce=1.0913 rrr=0.0010 val_acc=0.6073 val_auc=0.9286
[iter-train] ep=24 loss=1.9546 ce=1.0832 rrr=0.0009 val_acc=0.6191 val_auc=0.9329
[iter-train] ep=25 loss=2.0665 ce=1.0774 rrr=0.0010 val_acc=0.6183 val_auc=0.9323
[iter-train] ep=26 loss=2.4510 ce=1.0693 rrr=0.0014 val_acc=0.6170 val_auc=0.9322
[iter-train] ep=27 loss=1.8744 ce=1.0640 rrr=0.0008 val_acc=0.6178 val_auc=0.9327
[iter-train] ep=28 loss=1.8990 ce=1.0601 rrr=0.0008 val_acc=0.6205 val_auc=0.9332
[iter-train] ep=29 loss=1.8623 ce=1.0586 rrr=0.0008 val_acc=0.6194 val_auc=0.9329
[iter-train] ep=30 loss=1.7695 ce=1.0570 rrr=0.0007 val_acc=0.6213 val_auc=0.9335
[iter] done 4: test_acc=0.6232, test_auc=0.9337, aspen_strong3=0.5239
========================================================================
[iter] 5/5
[iter] seed=5052
[iter] computing full-dataset attributions source=integrated_gradients
[iter-train] ep=1 loss=1.6456 ce=1.5232 rrr=0.0001 val_acc=0.5227 val_auc=0.8932
[iter-train] ep=2 loss=1.5277 ce=1.3882 rrr=0.0001 val_acc=0.5228 val_auc=0.8897
[iter-train] ep=3 loss=1.4990 ce=1.3553 rrr=0.0001 val_acc=0.5313 val_auc=0.8992
[iter-train] ep=4 loss=1.4691 ce=1.3226 rrr=0.0001 val_acc=0.5547 val_auc=0.9097
[iter-train] ep=5 loss=1.4474 ce=1.2992 rrr=0.0001 val_acc=0.5681 val_auc=0.9129
[iter-train] ep=6 loss=1.4350 ce=1.2825 rrr=0.0002 val_acc=0.5471 val_auc=0.9122
[iter-train] ep=7 loss=1.4307 ce=1.2639 rrr=0.0002 val_acc=0.5744 val_auc=0.9144
[iter-train] ep=8 loss=1.4477 ce=1.2490 rrr=0.0002 val_acc=0.5705 val_auc=0.9149
[iter-train] ep=9 loss=1.4577 ce=1.2386 rrr=0.0002 val_acc=0.5682 val_auc=0.9180
[iter-train] ep=10 loss=1.5552 ce=1.2266 rrr=0.0003 val_acc=0.5700 val_auc=0.9085
[iter-train] ep=11 loss=1.4338 ce=1.2252 rrr=0.0002 val_acc=0.5964 val_auc=0.9222
[iter-train] ep=12 loss=1.5097 ce=1.2052 rrr=0.0003 val_acc=0.5849 val_auc=0.9181
[iter-train] ep=13 loss=1.7377 ce=1.1943 rrr=0.0005 val_acc=0.5973 val_auc=0.9236
[iter-train] ep=14 loss=1.7131 ce=1.1871 rrr=0.0005 val_acc=0.5939 val_auc=0.9227
[iter-train] ep=15 loss=2.0490 ce=1.1742 rrr=0.0009 val_acc=0.5869 val_auc=0.9196
[iter-train] ep=16 loss=1.8405 ce=1.1666 rrr=0.0007 val_acc=0.6006 val_auc=0.9245
[iter-train] ep=17 loss=2.2622 ce=1.1544 rrr=0.0011 val_acc=0.5970 val_auc=0.9253
[iter-train] ep=18 loss=2.2605 ce=1.1455 rrr=0.0011 val_acc=0.5985 val_auc=0.9238
[iter-train] ep=19 loss=2.0196 ce=1.1372 rrr=0.0009 val_acc=0.6040 val_auc=0.9271
[iter-train] ep=20 loss=1.9129 ce=1.1269 rrr=0.0008 val_acc=0.6043 val_auc=0.9292
[iter-train] ep=21 loss=1.8490 ce=1.1154 rrr=0.0007 val_acc=0.6072 val_auc=0.9301
[iter-train] ep=22 loss=1.7903 ce=1.1058 rrr=0.0007 val_acc=0.6097 val_auc=0.9297
[iter-train] ep=23 loss=2.3067 ce=1.0971 rrr=0.0012 val_acc=0.6173 val_auc=0.9316
[iter-train] ep=24 loss=1.7068 ce=1.0899 rrr=0.0006 val_acc=0.6153 val_auc=0.9312
[iter-train] ep=25 loss=2.7137 ce=1.0851 rrr=0.0016 val_acc=0.6147 val_auc=0.9318
[iter-train] ep=26 loss=2.0503 ce=1.0782 rrr=0.0010 val_acc=0.6120 val_auc=0.9305
[iter-train] ep=27 loss=1.9038 ce=1.0712 rrr=0.0008 val_acc=0.6157 val_auc=0.9322
[iter-train] ep=28 loss=2.8256 ce=1.0687 rrr=0.0018 val_acc=0.6161 val_auc=0.9322
[iter-train] ep=29 loss=2.7704 ce=1.0659 rrr=0.0017 val_acc=0.6162 val_auc=0.9323
[iter-train] ep=30 loss=2.3165 ce=1.0655 rrr=0.0013 val_acc=0.6171 val_auc=0.9327
[iter] done 5: test_acc=0.6187, test_auc=0.9329, aspen_strong3=0.5338
[done] outputs:
  /home/ryreu/atlas/CompPhys_FinalProject/restart_studies/results/rrr_findanother_seed52_integrated_gradients_lam1000_mask0p10/config.json
  /home/ryreu/atlas/CompPhys_FinalProject/restart_studies/results/rrr_findanother_seed52_integrated_gradients_lam1000_mask0p10/iteration_summary.csv
  /home/ryreu/atlas/CompPhys_FinalProject/restart_studies/results/rrr_findanother_seed52_integrated_gradients_lam1000_mask0p10/summary.json
  /home/ryreu/atlas/CompPhys_FinalProject/restart_studies/results/rrr_findanother_seed52_integrated_gradients_lam1000_mask0p10/iter_01/jetclass_test_metrics.json
  /home/ryreu/atlas/CompPhys_FinalProject/restart_studies/results/rrr_findanother_seed52_integrated_gradients_lam1000_mask0p10/iter_01/aspen_shift_metrics.json
  /home/ryreu/atlas/CompPhys_FinalProject/restart_studies/results/rrr_findanother_seed52_integrated_gradients_lam1000_mask0p10/iter_02/jetclass_test_metrics.json
  /home/ryreu/atlas/CompPhys_FinalProject/restart_studies/results/rrr_findanother_seed52_integrated_gradients_lam1000_mask0p10/iter_02/aspen_shift_metrics.json
  /home/ryreu/atlas/CompPhys_FinalProject/restart_studies/results/rrr_findanother_seed52_integrated_gradients_lam1000_mask0p10/iter_03/jetclass_test_metrics.json
  /home/ryreu/atlas/CompPhys_FinalProject/restart_studies/results/rrr_findanother_seed52_integrated_gradients_lam1000_mask0p10/iter_03/aspen_shift_metrics.json
  /home/ryreu/atlas/CompPhys_FinalProject/restart_studies/results/rrr_findanother_seed52_integrated_gradients_lam1000_mask0p10/iter_04/jetclass_test_metrics.json
  /home/ryreu/atlas/CompPhys_FinalProject/restart_studies/results/rrr_findanother_seed52_integrated_gradients_lam1000_mask0p10/iter_04/aspen_shift_metrics.json
  /home/ryreu/atlas/CompPhys_FinalProject/restart_studies/results/rrr_findanother_seed52_integrated_gradients_lam1000_mask0p10/iter_05/jetclass_test_metrics.json
  /home/ryreu/atlas/CompPhys_FinalProject/restart_studies/results/rrr_findanother_seed52_integrated_gradients_lam1000_mask0p10/iter_05/aspen_shift_metrics.json
[done] outputs:
  /home/ryreu/atlas/CompPhys_FinalProject/restart_studies/results/rrr_findanother_seed52_integrated_gradients_lam1000_mask0p10/config.json
  /home/ryreu/atlas/CompPhys_FinalProject/restart_studies/results/rrr_findanother_seed52_integrated_gradients_lam1000_mask0p10/iteration_summary.csv
  /home/ryreu/atlas/CompPhys_FinalProject/restart_studies/results/rrr_findanother_seed52_integrated_gradients_lam1000_mask0p10/summary.json
