============================================================
RRR Find-Another Sweep (16-config array)
Array Job: 21209305
Task ID: 2 / 15
A_SOURCE: smoothgrad
Lambda: 1
Mask frac: 0.20
Run name: rrr_findanother_seed52_smoothgrad_lam1_mask0p20
Delegating to: /home/ryreu/atlas/CompPhys_FinalProject/restart_studies/sbatch_train_rrr_find_another_single.sh
============================================================
[preflight] WORKDIR=/home/ryreu/atlas/CompPhys_FinalProject
[preflight] PROJECT_ROOT=/home/ryreu/atlas/CompPhys_FinalProject
[preflight] SCRIPT=/home/ryreu/atlas/CompPhys_FinalProject/restart_studies/train_rrr_find_another_single.py
[preflight] RUN_NAME=rrr_findanother_seed52_smoothgrad_lam1_mask0p20
[preflight] A_SOURCE=smoothgrad
[preflight] LAMBDA_RRR=1
[preflight] MASK_FRAC=0.20
[preflight] DATA_DIR=/home/ryreu/atlas/PracticeTagging/data/jetclass_part0
[preflight] ASPEN_DIR=/home/ryreu/atlas/CompPhys_Final/data/AspenOpenJets
[preflight] python: /home/ryreu/miniconda3/envs/atlas_kd/bin/python3
[preflight] module check OK
============================================================
RRR Find-Another Training (Single Config)
Job ID: 21213229
Node: skl-a-34
Output: /home/ryreu/atlas/CompPhys_FinalProject/restart_studies/results/rrr_findanother_seed52_smoothgrad_lam1_mask0p20
============================================================
 python3 -u /home/ryreu/atlas/CompPhys_FinalProject/restart_studies/train_rrr_find_another_single.py --data_dir /home/ryreu/atlas/PracticeTagging/data/jetclass_part0 --aspen_data_dir /home/ryreu/atlas/CompPhys_Final/data/AspenOpenJets --aspen_glob Run\*.h5 --aspen_n_jets 1000000 --aspen_chunk_jets 50000 --output_root /home/ryreu/atlas/CompPhys_FinalProject/restart_studies/results --run_name rrr_findanother_seed52_smoothgrad_lam1_mask0p20 --seed 52 --device cuda --num_workers 4 --feature_mode full --max_constits 128 --train_files_per_class 8 --val_files_per_class 1 --test_files_per_class 1 --n_train_jets 150000 --n_val_jets 50000 --n_test_jets 150000 --batch_size 512 --rrr_batch_size 128 --epochs 30 --lr 7e-4 --weight_decay 1e-5 --warmup_epochs 3 --embed_dim 128 --num_heads 8 --num_layers 6 --ff_dim 512 --dropout 0.1 --target_class HToBB --background_class ZJetsToNuNu --a_source smoothgrad --lambda_rrr 1 --mask_frac 0.20 --max_iterations 5 --attr_batch_size 128 --ig_steps 16 --smoothgrad_samples 16 --smoothgrad_sigma 0.10
[info] run_dir=/home/ryreu/atlas/CompPhys_FinalProject/restart_studies/results/rrr_findanother_seed52_smoothgrad_lam1_mask0p20
[info] device=cuda
[info] classes:
  - HToBB: 10 files
  - HToCC: 10 files
  - HToGG: 10 files
  - HToWW2Q1L: 10 files
  - HToWW4Q: 10 files
  - TTBar: 10 files
  - TTBarLep: 10 files
  - WToQQ: 10 files
  - ZJetsToNuNu: 10 files
  - ZToQQ: 10 files
[info] loading train/val/test splits
[info] loaded jets train=150000 val=50000 test=150000
[info] domain-prior mask coverage tokens=1179673/5898045 features=11796730/100266765
========================================================================
[iter] 1/5
[iter] seed=1052
[iter-train] ep=1 loss=1.2359 ce=1.2332 rrr=0.0027 val_acc=0.6219 val_auc=0.9310
[iter-train] ep=2 loss=1.0486 ce=1.0459 rrr=0.0028 val_acc=0.6248 val_auc=0.9345
[iter-train] ep=3 loss=1.0083 ce=1.0056 rrr=0.0027 val_acc=0.6390 val_auc=0.9403
[iter-train] ep=4 loss=0.9634 ce=0.9607 rrr=0.0027 val_acc=0.6507 val_auc=0.9417
[iter-train] ep=5 loss=0.9376 ce=0.9350 rrr=0.0027 val_acc=0.6760 val_auc=0.9465
[iter-train] ep=6 loss=0.9192 ce=0.9167 rrr=0.0026 val_acc=0.6791 val_auc=0.9484
[iter-train] ep=7 loss=0.9024 ce=0.8998 rrr=0.0026 val_acc=0.6729 val_auc=0.9483
[iter-train] ep=8 loss=0.8910 ce=0.8885 rrr=0.0024 val_acc=0.6758 val_auc=0.9489
[iter-train] ep=9 loss=0.8783 ce=0.8759 rrr=0.0024 val_acc=0.6687 val_auc=0.9473
[iter-train] ep=10 loss=0.8689 ce=0.8665 rrr=0.0023 val_acc=0.6897 val_auc=0.9512
[iter-train] ep=11 loss=0.8576 ce=0.8554 rrr=0.0023 val_acc=0.6985 val_auc=0.9525
[iter-train] ep=12 loss=0.8471 ce=0.8447 rrr=0.0023 val_acc=0.6946 val_auc=0.9519
[iter-train] ep=13 loss=0.8375 ce=0.8352 rrr=0.0023 val_acc=0.7019 val_auc=0.9530
[iter-train] ep=14 loss=0.8267 ce=0.8243 rrr=0.0023 val_acc=0.6977 val_auc=0.9534
[iter-train] ep=15 loss=0.8148 ce=0.8125 rrr=0.0023 val_acc=0.6945 val_auc=0.9522
[iter-train] ep=16 loss=0.8042 ce=0.8019 rrr=0.0023 val_acc=0.6909 val_auc=0.9523
[iter-train] ep=17 loss=0.7933 ce=0.7910 rrr=0.0023 val_acc=0.7042 val_auc=0.9546
[iter-train] ep=18 loss=0.7813 ce=0.7789 rrr=0.0024 val_acc=0.7046 val_auc=0.9551
[iter-train] ep=19 loss=0.7710 ce=0.7685 rrr=0.0025 val_acc=0.7040 val_auc=0.9550
[iter-train] ep=20 loss=0.7600 ce=0.7574 rrr=0.0026 val_acc=0.7138 val_auc=0.9563
[iter-train] ep=21 loss=0.7483 ce=0.7457 rrr=0.0026 val_acc=0.7069 val_auc=0.9552
[iter-train] ep=22 loss=0.7373 ce=0.7346 rrr=0.0027 val_acc=0.7073 val_auc=0.9552
[iter-train] ep=23 loss=0.7263 ce=0.7235 rrr=0.0028 val_acc=0.7056 val_auc=0.9551
[iter-train] ep=24 loss=0.7157 ce=0.7128 rrr=0.0029 val_acc=0.7089 val_auc=0.9553
[iter-train] ep=25 loss=0.7078 ce=0.7048 rrr=0.0030 val_acc=0.7062 val_auc=0.9550
[iter-train] ep=26 loss=0.7009 ce=0.6979 rrr=0.0031 val_acc=0.7082 val_auc=0.9549
[iter-train] ep=27 loss=0.6936 ce=0.6904 rrr=0.0032 val_acc=0.7094 val_auc=0.9552
[iter-train] ep=28 loss=0.6897 ce=0.6865 rrr=0.0032 val_acc=0.7084 val_auc=0.9548
[iter-train] ep=29 loss=0.6860 ce=0.6828 rrr=0.0032 val_acc=0.7104 val_auc=0.9552
[iter-train] ep=30 loss=0.6851 ce=0.6818 rrr=0.0032 val_acc=0.7106 val_auc=0.9551
[iter] done 1: test_acc=0.7102, test_auc=0.9553, aspen_strong3=0.6140
========================================================================
[iter] 2/5
[iter] seed=2052
[iter] computing full-dataset attributions source=smoothgrad
[iter-train] ep=1 loss=1.2547 ce=1.2465 rrr=0.0083 val_acc=0.6099 val_auc=0.9314
[iter-train] ep=2 loss=1.0679 ce=1.0545 rrr=0.0134 val_acc=0.6333 val_auc=0.9353
[iter-train] ep=3 loss=1.0243 ce=1.0093 rrr=0.0150 val_acc=0.6167 val_auc=0.9323
[iter-train] ep=4 loss=0.9818 ce=0.9660 rrr=0.0158 val_acc=0.6558 val_auc=0.9428
[iter-train] ep=5 loss=0.9550 ce=0.9388 rrr=0.0162 val_acc=0.6710 val_auc=0.9448
[iter-train] ep=6 loss=0.9391 ce=0.9226 rrr=0.0165 val_acc=0.6678 val_auc=0.9452
[iter-train] ep=7 loss=0.9242 ce=0.9076 rrr=0.0166 val_acc=0.6829 val_auc=0.9488
[iter-train] ep=8 loss=0.9109 ce=0.8941 rrr=0.0168 val_acc=0.6803 val_auc=0.9480
[iter-train] ep=9 loss=0.8997 ce=0.8830 rrr=0.0167 val_acc=0.6831 val_auc=0.9493
[iter-train] ep=10 loss=0.8880 ce=0.8711 rrr=0.0169 val_acc=0.6795 val_auc=0.9483
[iter-train] ep=11 loss=0.8761 ce=0.8593 rrr=0.0168 val_acc=0.6844 val_auc=0.9502
[iter-train] ep=12 loss=0.8643 ce=0.8475 rrr=0.0168 val_acc=0.6934 val_auc=0.9517
[iter-train] ep=13 loss=0.8538 ce=0.8369 rrr=0.0169 val_acc=0.6955 val_auc=0.9524
[iter-train] ep=14 loss=0.8424 ce=0.8252 rrr=0.0172 val_acc=0.6955 val_auc=0.9524
[iter-train] ep=15 loss=0.8329 ce=0.8154 rrr=0.0175 val_acc=0.6982 val_auc=0.9531
[iter-train] ep=16 loss=0.8218 ce=0.8041 rrr=0.0176 val_acc=0.6989 val_auc=0.9528
[iter-train] ep=17 loss=0.8086 ce=0.7908 rrr=0.0177 val_acc=0.7016 val_auc=0.9535
[iter-train] ep=18 loss=0.7992 ce=0.7814 rrr=0.0179 val_acc=0.6977 val_auc=0.9535
[iter-train] ep=19 loss=0.7878 ce=0.7692 rrr=0.0185 val_acc=0.7011 val_auc=0.9541
[iter-train] ep=20 loss=0.7761 ce=0.7575 rrr=0.0187 val_acc=0.7013 val_auc=0.9543
[iter-train] ep=21 loss=0.7647 ce=0.7457 rrr=0.0191 val_acc=0.7013 val_auc=0.9541
[iter-train] ep=22 loss=0.7529 ce=0.7335 rrr=0.0194 val_acc=0.6988 val_auc=0.9537
[iter-train] ep=23 loss=0.7437 ce=0.7241 rrr=0.0196 val_acc=0.7016 val_auc=0.9542
[iter-train] ep=24 loss=0.7306 ce=0.7108 rrr=0.0198 val_acc=0.7028 val_auc=0.9539
[iter-train] ep=25 loss=0.7218 ce=0.7015 rrr=0.0203 val_acc=0.7016 val_auc=0.9539
[iter-train] ep=26 loss=0.7163 ce=0.6957 rrr=0.0206 val_acc=0.7028 val_auc=0.9539
[iter-train] ep=27 loss=0.7094 ce=0.6889 rrr=0.0205 val_acc=0.7037 val_auc=0.9542
[iter-train] ep=28 loss=0.7042 ce=0.6837 rrr=0.0205 val_acc=0.7022 val_auc=0.9538
[iter-train] ep=29 loss=0.7014 ce=0.6806 rrr=0.0208 val_acc=0.7013 val_auc=0.9537
[iter-train] ep=30 loss=0.6981 ce=0.6771 rrr=0.0209 val_acc=0.7010 val_auc=0.9537
[iter] done 2: test_acc=0.7020, test_auc=0.9535, aspen_strong3=0.7450
========================================================================
[iter] 3/5
[iter] seed=3052
[iter] computing full-dataset attributions source=smoothgrad
[iter-train] ep=1 loss=1.2491 ce=1.2411 rrr=0.0081 val_acc=0.6111 val_auc=0.9289
[iter-train] ep=2 loss=1.0642 ce=1.0517 rrr=0.0125 val_acc=0.6464 val_auc=0.9373
[iter-train] ep=3 loss=1.0226 ce=1.0082 rrr=0.0143 val_acc=0.6565 val_auc=0.9402
[iter-train] ep=4 loss=0.9812 ce=0.9657 rrr=0.0154 val_acc=0.6757 val_auc=0.9454
[iter-train] ep=5 loss=0.9544 ce=0.9387 rrr=0.0157 val_acc=0.6759 val_auc=0.9461
[iter-train] ep=6 loss=0.9372 ce=0.9212 rrr=0.0160 val_acc=0.6734 val_auc=0.9461
[iter-train] ep=7 loss=0.9237 ce=0.9078 rrr=0.0159 val_acc=0.6804 val_auc=0.9479
[iter-train] ep=8 loss=0.9088 ce=0.8928 rrr=0.0160 val_acc=0.6753 val_auc=0.9478
[iter-train] ep=9 loss=0.8960 ce=0.8798 rrr=0.0163 val_acc=0.6832 val_auc=0.9499
[iter-train] ep=10 loss=0.8854 ce=0.8690 rrr=0.0164 val_acc=0.6773 val_auc=0.9494
[iter-train] ep=11 loss=0.8742 ce=0.8577 rrr=0.0165 val_acc=0.6823 val_auc=0.9509
[iter-train] ep=12 loss=0.8634 ce=0.8468 rrr=0.0166 val_acc=0.6707 val_auc=0.9507
[iter-train] ep=13 loss=0.8542 ce=0.8378 rrr=0.0165 val_acc=0.6944 val_auc=0.9526
[iter-train] ep=14 loss=0.8436 ce=0.8269 rrr=0.0166 val_acc=0.6881 val_auc=0.9518
[iter-train] ep=15 loss=0.8332 ce=0.8163 rrr=0.0169 val_acc=0.6918 val_auc=0.9522
[iter-train] ep=16 loss=0.8221 ce=0.8045 rrr=0.0175 val_acc=0.6982 val_auc=0.9539
[iter-train] ep=17 loss=0.8123 ce=0.7946 rrr=0.0177 val_acc=0.7040 val_auc=0.9547
[iter-train] ep=18 loss=0.8006 ce=0.7827 rrr=0.0178 val_acc=0.7059 val_auc=0.9550
[iter-train] ep=19 loss=0.7888 ce=0.7709 rrr=0.0180 val_acc=0.7025 val_auc=0.9540
[iter-train] ep=20 loss=0.7783 ce=0.7595 rrr=0.0188 val_acc=0.7032 val_auc=0.9540
[iter-train] ep=21 loss=0.7690 ce=0.7504 rrr=0.0187 val_acc=0.7051 val_auc=0.9545
[iter-train] ep=22 loss=0.7556 ce=0.7367 rrr=0.0189 val_acc=0.7039 val_auc=0.9544
[iter-train] ep=23 loss=0.7472 ce=0.7275 rrr=0.0197 val_acc=0.7070 val_auc=0.9550
[iter-train] ep=24 loss=0.7361 ce=0.7161 rrr=0.0200 val_acc=0.7039 val_auc=0.9542
[iter-train] ep=25 loss=0.7290 ce=0.7087 rrr=0.0203 val_acc=0.7043 val_auc=0.9540
[iter-train] ep=26 loss=0.7204 ce=0.6999 rrr=0.0205 val_acc=0.7053 val_auc=0.9546
[iter-train] ep=27 loss=0.7131 ce=0.6926 rrr=0.0205 val_acc=0.7040 val_auc=0.9542
[iter-train] ep=28 loss=0.7098 ce=0.6890 rrr=0.0208 val_acc=0.7032 val_auc=0.9541
[iter-train] ep=29 loss=0.7074 ce=0.6868 rrr=0.0207 val_acc=0.7041 val_auc=0.9540
[iter-train] ep=30 loss=0.7042 ce=0.6836 rrr=0.0205 val_acc=0.7044 val_auc=0.9542
[iter] done 3: test_acc=0.7035, test_auc=0.9542, aspen_strong3=0.6409
========================================================================
[iter] 4/5
[iter] seed=4052
[iter] computing full-dataset attributions source=smoothgrad
[iter-train] ep=1 loss=1.2510 ce=1.2434 rrr=0.0077 val_acc=0.6240 val_auc=0.9304
[iter-train] ep=2 loss=1.0718 ce=1.0601 rrr=0.0117 val_acc=0.6520 val_auc=0.9389
[iter-train] ep=3 loss=1.0254 ce=1.0119 rrr=0.0135 val_acc=0.6565 val_auc=0.9406
[iter-train] ep=4 loss=0.9832 ce=0.9686 rrr=0.0146 val_acc=0.6567 val_auc=0.9417
[iter-train] ep=5 loss=0.9568 ce=0.9418 rrr=0.0150 val_acc=0.6666 val_auc=0.9442
[iter-train] ep=6 loss=0.9361 ce=0.9208 rrr=0.0153 val_acc=0.6657 val_auc=0.9444
[iter-train] ep=7 loss=0.9221 ce=0.9065 rrr=0.0156 val_acc=0.6849 val_auc=0.9492
[iter-train] ep=8 loss=0.9078 ce=0.8922 rrr=0.0156 val_acc=0.6812 val_auc=0.9492
[iter-train] ep=9 loss=0.8940 ce=0.8783 rrr=0.0156 val_acc=0.6905 val_auc=0.9509
[iter-train] ep=10 loss=0.8837 ce=0.8677 rrr=0.0160 val_acc=0.6855 val_auc=0.9507
[iter-train] ep=11 loss=0.8732 ce=0.8574 rrr=0.0158 val_acc=0.6931 val_auc=0.9515
[iter-train] ep=12 loss=0.8625 ce=0.8464 rrr=0.0161 val_acc=0.6907 val_auc=0.9518
[iter-train] ep=13 loss=0.8522 ce=0.8360 rrr=0.0162 val_acc=0.6935 val_auc=0.9520
[iter-train] ep=14 loss=0.8412 ce=0.8249 rrr=0.0163 val_acc=0.6929 val_auc=0.9523
[iter-train] ep=15 loss=0.8312 ce=0.8146 rrr=0.0167 val_acc=0.6949 val_auc=0.9533
[iter-train] ep=16 loss=0.8203 ce=0.8035 rrr=0.0168 val_acc=0.6997 val_auc=0.9537
[iter-train] ep=17 loss=0.8078 ce=0.7907 rrr=0.0171 val_acc=0.7044 val_auc=0.9545
[iter-train] ep=18 loss=0.7996 ce=0.7822 rrr=0.0174 val_acc=0.6988 val_auc=0.9535
[iter-train] ep=19 loss=0.7863 ce=0.7686 rrr=0.0177 val_acc=0.6987 val_auc=0.9540
[iter-train] ep=20 loss=0.7746 ce=0.7565 rrr=0.0181 val_acc=0.7013 val_auc=0.9547
[iter-train] ep=21 loss=0.7642 ce=0.7456 rrr=0.0185 val_acc=0.7052 val_auc=0.9551
[iter-train] ep=22 loss=0.7540 ce=0.7354 rrr=0.0186 val_acc=0.7041 val_auc=0.9548
[iter-train] ep=23 loss=0.7426 ce=0.7235 rrr=0.0191 val_acc=0.7067 val_auc=0.9550
[iter-train] ep=24 loss=0.7324 ce=0.7127 rrr=0.0197 val_acc=0.7037 val_auc=0.9546
[iter-train] ep=25 loss=0.7231 ce=0.7031 rrr=0.0200 val_acc=0.7066 val_auc=0.9549
[iter-train] ep=26 loss=0.7169 ce=0.6968 rrr=0.0201 val_acc=0.7050 val_auc=0.9544
[iter-train] ep=27 loss=0.7109 ce=0.6905 rrr=0.0204 val_acc=0.7037 val_auc=0.9543
[iter-train] ep=28 loss=0.7073 ce=0.6868 rrr=0.0205 val_acc=0.7057 val_auc=0.9545
[iter-train] ep=29 loss=0.7035 ce=0.6832 rrr=0.0203 val_acc=0.7056 val_auc=0.9546
[iter-train] ep=30 loss=0.6991 ce=0.6789 rrr=0.0201 val_acc=0.7043 val_auc=0.9545
[iter] done 4: test_acc=0.7032, test_auc=0.9542, aspen_strong3=0.7211
========================================================================
[iter] 5/5
[iter] seed=5052
[iter] computing full-dataset attributions source=smoothgrad
[iter-train] ep=1 loss=1.2426 ce=1.2351 rrr=0.0074 val_acc=0.6223 val_auc=0.9319
[iter-train] ep=2 loss=1.0602 ce=1.0483 rrr=0.0119 val_acc=0.6496 val_auc=0.9391
[iter-train] ep=3 loss=1.0193 ce=1.0059 rrr=0.0134 val_acc=0.6123 val_auc=0.9323
[iter-train] ep=4 loss=0.9796 ce=0.9653 rrr=0.0143 val_acc=0.6720 val_auc=0.9456
[iter-train] ep=5 loss=0.9545 ce=0.9395 rrr=0.0150 val_acc=0.6748 val_auc=0.9463
[iter-train] ep=6 loss=0.9358 ce=0.9205 rrr=0.0153 val_acc=0.6769 val_auc=0.9476
[iter-train] ep=7 loss=0.9199 ce=0.9042 rrr=0.0157 val_acc=0.6616 val_auc=0.9429
[iter-train] ep=8 loss=0.9070 ce=0.8913 rrr=0.0157 val_acc=0.6817 val_auc=0.9495
[iter-train] ep=9 loss=0.8956 ce=0.8799 rrr=0.0156 val_acc=0.6716 val_auc=0.9490
[iter-train] ep=10 loss=0.8842 ce=0.8682 rrr=0.0160 val_acc=0.6829 val_auc=0.9494
[iter-train] ep=11 loss=0.8733 ce=0.8571 rrr=0.0162 val_acc=0.6864 val_auc=0.9510
[iter-train] ep=12 loss=0.8635 ce=0.8477 rrr=0.0159 val_acc=0.6782 val_auc=0.9505
[iter-train] ep=13 loss=0.8531 ce=0.8369 rrr=0.0162 val_acc=0.6899 val_auc=0.9517
[iter-train] ep=14 loss=0.8427 ce=0.8264 rrr=0.0163 val_acc=0.6985 val_auc=0.9530
[iter-train] ep=15 loss=0.8322 ce=0.8157 rrr=0.0166 val_acc=0.7037 val_auc=0.9540
[iter-train] ep=16 loss=0.8214 ce=0.8047 rrr=0.0167 val_acc=0.6976 val_auc=0.9533
[iter-train] ep=17 loss=0.8119 ce=0.7949 rrr=0.0170 val_acc=0.6979 val_auc=0.9537
[iter-train] ep=18 loss=0.8016 ce=0.7843 rrr=0.0173 val_acc=0.7033 val_auc=0.9543
[iter-train] ep=19 loss=0.7897 ce=0.7721 rrr=0.0176 val_acc=0.6981 val_auc=0.9543
[iter-train] ep=20 loss=0.7774 ce=0.7597 rrr=0.0178 val_acc=0.7090 val_auc=0.9554
[iter-train] ep=21 loss=0.7671 ce=0.7487 rrr=0.0184 val_acc=0.7080 val_auc=0.9552
[iter-train] ep=22 loss=0.7571 ce=0.7385 rrr=0.0187 val_acc=0.7097 val_auc=0.9556
[iter-train] ep=23 loss=0.7482 ce=0.7293 rrr=0.0189 val_acc=0.7049 val_auc=0.9549
[iter-train] ep=24 loss=0.7380 ce=0.7192 rrr=0.0188 val_acc=0.7053 val_auc=0.9550
[iter-train] ep=25 loss=0.7294 ce=0.7099 rrr=0.0194 val_acc=0.7067 val_auc=0.9549
[iter-train] ep=26 loss=0.7219 ce=0.7024 rrr=0.0195 val_acc=0.7081 val_auc=0.9550
[iter-train] ep=27 loss=0.7140 ce=0.6939 rrr=0.0201 val_acc=0.7039 val_auc=0.9545
[iter-train] ep=28 loss=0.7108 ce=0.6907 rrr=0.0201 val_acc=0.7056 val_auc=0.9547
[iter-train] ep=29 loss=0.7068 ce=0.6865 rrr=0.0204 val_acc=0.7068 val_auc=0.9549
[iter-train] ep=30 loss=0.7068 ce=0.6864 rrr=0.0203 val_acc=0.7067 val_auc=0.9549
[iter] done 5: test_acc=0.7060, test_auc=0.9547, aspen_strong3=0.6606
[done] outputs:
  /home/ryreu/atlas/CompPhys_FinalProject/restart_studies/results/rrr_findanother_seed52_smoothgrad_lam1_mask0p20/config.json
  /home/ryreu/atlas/CompPhys_FinalProject/restart_studies/results/rrr_findanother_seed52_smoothgrad_lam1_mask0p20/iteration_summary.csv
  /home/ryreu/atlas/CompPhys_FinalProject/restart_studies/results/rrr_findanother_seed52_smoothgrad_lam1_mask0p20/summary.json
  /home/ryreu/atlas/CompPhys_FinalProject/restart_studies/results/rrr_findanother_seed52_smoothgrad_lam1_mask0p20/iter_01/jetclass_test_metrics.json
  /home/ryreu/atlas/CompPhys_FinalProject/restart_studies/results/rrr_findanother_seed52_smoothgrad_lam1_mask0p20/iter_01/aspen_shift_metrics.json
  /home/ryreu/atlas/CompPhys_FinalProject/restart_studies/results/rrr_findanother_seed52_smoothgrad_lam1_mask0p20/iter_02/jetclass_test_metrics.json
  /home/ryreu/atlas/CompPhys_FinalProject/restart_studies/results/rrr_findanother_seed52_smoothgrad_lam1_mask0p20/iter_02/aspen_shift_metrics.json
  /home/ryreu/atlas/CompPhys_FinalProject/restart_studies/results/rrr_findanother_seed52_smoothgrad_lam1_mask0p20/iter_03/jetclass_test_metrics.json
  /home/ryreu/atlas/CompPhys_FinalProject/restart_studies/results/rrr_findanother_seed52_smoothgrad_lam1_mask0p20/iter_03/aspen_shift_metrics.json
  /home/ryreu/atlas/CompPhys_FinalProject/restart_studies/results/rrr_findanother_seed52_smoothgrad_lam1_mask0p20/iter_04/jetclass_test_metrics.json
  /home/ryreu/atlas/CompPhys_FinalProject/restart_studies/results/rrr_findanother_seed52_smoothgrad_lam1_mask0p20/iter_04/aspen_shift_metrics.json
  /home/ryreu/atlas/CompPhys_FinalProject/restart_studies/results/rrr_findanother_seed52_smoothgrad_lam1_mask0p20/iter_05/jetclass_test_metrics.json
  /home/ryreu/atlas/CompPhys_FinalProject/restart_studies/results/rrr_findanother_seed52_smoothgrad_lam1_mask0p20/iter_05/aspen_shift_metrics.json
[done] outputs:
  /home/ryreu/atlas/CompPhys_FinalProject/restart_studies/results/rrr_findanother_seed52_smoothgrad_lam1_mask0p20/config.json
  /home/ryreu/atlas/CompPhys_FinalProject/restart_studies/results/rrr_findanother_seed52_smoothgrad_lam1_mask0p20/iteration_summary.csv
  /home/ryreu/atlas/CompPhys_FinalProject/restart_studies/results/rrr_findanother_seed52_smoothgrad_lam1_mask0p20/summary.json
