============================================================
RRR Find-Another Sweep (16-config array)
Array Job: 21209304
Task ID: 3 / 15
A_SOURCE: integrated_gradients
Lambda: 1
Mask frac: 0.30
Run name: rrr_findanother_seed52_integrated_gradients_lam1_mask0p30
Delegating to: /home/ryreu/atlas/CompPhys_FinalProject/restart_studies/sbatch_train_rrr_find_another_single.sh
============================================================
[preflight] WORKDIR=/home/ryreu/atlas/CompPhys_FinalProject
[preflight] PROJECT_ROOT=/home/ryreu/atlas/CompPhys_FinalProject
[preflight] SCRIPT=/home/ryreu/atlas/CompPhys_FinalProject/restart_studies/train_rrr_find_another_single.py
[preflight] RUN_NAME=rrr_findanother_seed52_integrated_gradients_lam1_mask0p30
[preflight] A_SOURCE=integrated_gradients
[preflight] LAMBDA_RRR=1
[preflight] MASK_FRAC=0.30
[preflight] DATA_DIR=/home/ryreu/atlas/PracticeTagging/data/jetclass_part0
[preflight] ASPEN_DIR=/home/ryreu/atlas/CompPhys_Final/data/AspenOpenJets
[preflight] python: /home/ryreu/miniconda3/envs/atlas_kd/bin/python3
[preflight] module check OK
============================================================
RRR Find-Another Training (Single Config)
Job ID: 21213482
Node: spr-a-02
Output: /home/ryreu/atlas/CompPhys_FinalProject/restart_studies/results/rrr_findanother_seed52_integrated_gradients_lam1_mask0p30
============================================================
 python3 -u /home/ryreu/atlas/CompPhys_FinalProject/restart_studies/train_rrr_find_another_single.py --data_dir /home/ryreu/atlas/PracticeTagging/data/jetclass_part0 --aspen_data_dir /home/ryreu/atlas/CompPhys_Final/data/AspenOpenJets --aspen_glob Run\*.h5 --aspen_n_jets 1000000 --aspen_chunk_jets 50000 --output_root /home/ryreu/atlas/CompPhys_FinalProject/restart_studies/results --run_name rrr_findanother_seed52_integrated_gradients_lam1_mask0p30 --seed 52 --device cuda --num_workers 4 --feature_mode full --max_constits 128 --train_files_per_class 8 --val_files_per_class 1 --test_files_per_class 1 --n_train_jets 150000 --n_val_jets 50000 --n_test_jets 150000 --batch_size 512 --rrr_batch_size 128 --epochs 30 --lr 7e-4 --weight_decay 1e-5 --warmup_epochs 3 --embed_dim 128 --num_heads 8 --num_layers 6 --ff_dim 512 --dropout 0.1 --target_class HToBB --background_class ZJetsToNuNu --a_source integrated_gradients --lambda_rrr 1 --mask_frac 0.30 --max_iterations 5 --attr_batch_size 128 --ig_steps 16 --smoothgrad_samples 16 --smoothgrad_sigma 0.10
[info] run_dir=/home/ryreu/atlas/CompPhys_FinalProject/restart_studies/results/rrr_findanother_seed52_integrated_gradients_lam1_mask0p30
[info] device=cuda
[info] classes:
  - HToBB: 10 files
  - HToCC: 10 files
  - HToGG: 10 files
  - HToWW2Q1L: 10 files
  - HToWW4Q: 10 files
  - TTBar: 10 files
  - TTBarLep: 10 files
  - WToQQ: 10 files
  - ZJetsToNuNu: 10 files
  - ZToQQ: 10 files
[info] loading train/val/test splits
[info] loaded jets train=150000 val=50000 test=150000
[info] domain-prior mask coverage tokens=1769358/5898045 features=17693580/100266765
========================================================================
[iter] 1/5
[iter] seed=1052
[iter-train] ep=1 loss=1.2364 ce=1.2339 rrr=0.0025 val_acc=0.6211 val_auc=0.9303
[iter-train] ep=2 loss=1.0488 ce=1.0461 rrr=0.0026 val_acc=0.6296 val_auc=0.9360
[iter-train] ep=3 loss=1.0079 ce=1.0053 rrr=0.0026 val_acc=0.6481 val_auc=0.9414
[iter-train] ep=4 loss=0.9647 ce=0.9621 rrr=0.0026 val_acc=0.6550 val_auc=0.9429
[iter-train] ep=5 loss=0.9373 ce=0.9348 rrr=0.0025 val_acc=0.6669 val_auc=0.9455
[iter-train] ep=6 loss=0.9212 ce=0.9188 rrr=0.0024 val_acc=0.6831 val_auc=0.9482
[iter-train] ep=7 loss=0.9058 ce=0.9034 rrr=0.0024 val_acc=0.6776 val_auc=0.9484
[iter-train] ep=8 loss=0.8928 ce=0.8904 rrr=0.0024 val_acc=0.6775 val_auc=0.9484
[iter-train] ep=9 loss=0.8812 ce=0.8788 rrr=0.0023 val_acc=0.6752 val_auc=0.9482
[iter-train] ep=10 loss=0.8694 ce=0.8672 rrr=0.0023 val_acc=0.6916 val_auc=0.9515
[iter-train] ep=11 loss=0.8602 ce=0.8580 rrr=0.0022 val_acc=0.6907 val_auc=0.9510
[iter-train] ep=12 loss=0.8510 ce=0.8488 rrr=0.0022 val_acc=0.6945 val_auc=0.9521
[iter-train] ep=13 loss=0.8397 ce=0.8376 rrr=0.0022 val_acc=0.7031 val_auc=0.9536
[iter-train] ep=14 loss=0.8301 ce=0.8279 rrr=0.0022 val_acc=0.6939 val_auc=0.9531
[iter-train] ep=15 loss=0.8182 ce=0.8160 rrr=0.0022 val_acc=0.7046 val_auc=0.9543
[iter-train] ep=16 loss=0.8070 ce=0.8048 rrr=0.0022 val_acc=0.6926 val_auc=0.9521
[iter-train] ep=17 loss=0.7972 ce=0.7949 rrr=0.0023 val_acc=0.7041 val_auc=0.9547
[iter-train] ep=18 loss=0.7863 ce=0.7839 rrr=0.0023 val_acc=0.7011 val_auc=0.9541
[iter-train] ep=19 loss=0.7759 ce=0.7736 rrr=0.0023 val_acc=0.7075 val_auc=0.9551
[iter-train] ep=20 loss=0.7645 ce=0.7620 rrr=0.0025 val_acc=0.7093 val_auc=0.9554
[iter-train] ep=21 loss=0.7534 ce=0.7509 rrr=0.0025 val_acc=0.7022 val_auc=0.9541
[iter-train] ep=22 loss=0.7435 ce=0.7409 rrr=0.0026 val_acc=0.7037 val_auc=0.9547
[iter-train] ep=23 loss=0.7335 ce=0.7308 rrr=0.0027 val_acc=0.7067 val_auc=0.9553
[iter-train] ep=24 loss=0.7237 ce=0.7209 rrr=0.0028 val_acc=0.7102 val_auc=0.9556
[iter-train] ep=25 loss=0.7160 ce=0.7132 rrr=0.0029 val_acc=0.7062 val_auc=0.9552
[iter-train] ep=26 loss=0.7071 ce=0.7042 rrr=0.0029 val_acc=0.7068 val_auc=0.9550
[iter-train] ep=27 loss=0.7017 ce=0.6987 rrr=0.0030 val_acc=0.7055 val_auc=0.9549
[iter-train] ep=28 loss=0.6964 ce=0.6934 rrr=0.0030 val_acc=0.7066 val_auc=0.9549
[iter-train] ep=29 loss=0.6935 ce=0.6904 rrr=0.0031 val_acc=0.7087 val_auc=0.9552
[iter-train] ep=30 loss=0.6903 ce=0.6872 rrr=0.0031 val_acc=0.7083 val_auc=0.9551
[iter] done 1: test_acc=0.7076, test_auc=0.9549, aspen_strong3=0.6597
========================================================================
[iter] 2/5
[iter] seed=2052
[iter] computing full-dataset attributions source=integrated_gradients
[iter-train] ep=1 loss=1.2553 ce=1.2488 rrr=0.0065 val_acc=0.6229 val_auc=0.9331
[iter-train] ep=2 loss=1.0631 ce=1.0524 rrr=0.0107 val_acc=0.6472 val_auc=0.9379
[iter-train] ep=3 loss=1.0193 ce=1.0069 rrr=0.0124 val_acc=0.6240 val_auc=0.9338
[iter-train] ep=4 loss=0.9752 ce=0.9617 rrr=0.0135 val_acc=0.6597 val_auc=0.9434
[iter-train] ep=5 loss=0.9498 ce=0.9359 rrr=0.0139 val_acc=0.6763 val_auc=0.9460
[iter-train] ep=6 loss=0.9304 ce=0.9163 rrr=0.0140 val_acc=0.6714 val_auc=0.9466
[iter-train] ep=7 loss=0.9155 ce=0.9013 rrr=0.0142 val_acc=0.6705 val_auc=0.9474
[iter-train] ep=8 loss=0.9031 ce=0.8886 rrr=0.0145 val_acc=0.6788 val_auc=0.9480
[iter-train] ep=9 loss=0.8930 ce=0.8786 rrr=0.0144 val_acc=0.6808 val_auc=0.9487
[iter-train] ep=10 loss=0.8816 ce=0.8673 rrr=0.0143 val_acc=0.6894 val_auc=0.9501
[iter-train] ep=11 loss=0.8693 ce=0.8549 rrr=0.0144 val_acc=0.6911 val_auc=0.9514
[iter-train] ep=12 loss=0.8582 ce=0.8436 rrr=0.0146 val_acc=0.6989 val_auc=0.9526
[iter-train] ep=13 loss=0.8499 ce=0.8353 rrr=0.0146 val_acc=0.6958 val_auc=0.9529
[iter-train] ep=14 loss=0.8375 ce=0.8228 rrr=0.0147 val_acc=0.7021 val_auc=0.9534
[iter-train] ep=15 loss=0.8278 ce=0.8128 rrr=0.0150 val_acc=0.7006 val_auc=0.9537
[iter-train] ep=16 loss=0.8174 ce=0.8022 rrr=0.0152 val_acc=0.7006 val_auc=0.9532
[iter-train] ep=17 loss=0.8064 ce=0.7910 rrr=0.0154 val_acc=0.7037 val_auc=0.9540
[iter-train] ep=18 loss=0.7947 ce=0.7789 rrr=0.0158 val_acc=0.6969 val_auc=0.9537
[iter-train] ep=19 loss=0.7832 ce=0.7670 rrr=0.0162 val_acc=0.7024 val_auc=0.9543
[iter-train] ep=20 loss=0.7719 ce=0.7556 rrr=0.0164 val_acc=0.7057 val_auc=0.9550
[iter-train] ep=21 loss=0.7619 ce=0.7452 rrr=0.0167 val_acc=0.7062 val_auc=0.9550
[iter-train] ep=22 loss=0.7511 ce=0.7339 rrr=0.0172 val_acc=0.7023 val_auc=0.9543
[iter-train] ep=23 loss=0.7408 ce=0.7236 rrr=0.0173 val_acc=0.7061 val_auc=0.9552
[iter-train] ep=24 loss=0.7290 ce=0.7113 rrr=0.0177 val_acc=0.7059 val_auc=0.9549
[iter-train] ep=25 loss=0.7207 ce=0.7026 rrr=0.0181 val_acc=0.7063 val_auc=0.9550
[iter-train] ep=26 loss=0.7134 ce=0.6954 rrr=0.0181 val_acc=0.7058 val_auc=0.9549
[iter-train] ep=27 loss=0.7083 ce=0.6900 rrr=0.0182 val_acc=0.7073 val_auc=0.9553
[iter-train] ep=28 loss=0.7039 ce=0.6854 rrr=0.0185 val_acc=0.7065 val_auc=0.9548
[iter-train] ep=29 loss=0.6997 ce=0.6811 rrr=0.0186 val_acc=0.7058 val_auc=0.9549
[iter-train] ep=30 loss=0.6990 ce=0.6804 rrr=0.0185 val_acc=0.7062 val_auc=0.9548
[iter] done 2: test_acc=0.7049, test_auc=0.9547, aspen_strong3=0.7746
========================================================================
[iter] 3/5
[iter] seed=3052
[iter] computing full-dataset attributions source=integrated_gradients
[iter-train] ep=1 loss=1.2470 ce=1.2407 rrr=0.0063 val_acc=0.6249 val_auc=0.9325
[iter-train] ep=2 loss=1.0585 ce=1.0484 rrr=0.0100 val_acc=0.6555 val_auc=0.9389
[iter-train] ep=3 loss=1.0180 ce=1.0063 rrr=0.0117 val_acc=0.6531 val_auc=0.9391
[iter-train] ep=4 loss=0.9764 ce=0.9638 rrr=0.0126 val_acc=0.6564 val_auc=0.9422
[iter-train] ep=5 loss=0.9489 ce=0.9358 rrr=0.0132 val_acc=0.6705 val_auc=0.9454
[iter-train] ep=6 loss=0.9312 ce=0.9180 rrr=0.0132 val_acc=0.6781 val_auc=0.9475
[iter-train] ep=7 loss=0.9163 ce=0.9030 rrr=0.0133 val_acc=0.6813 val_auc=0.9474
[iter-train] ep=8 loss=0.9019 ce=0.8883 rrr=0.0136 val_acc=0.6864 val_auc=0.9495
[iter-train] ep=9 loss=0.8893 ce=0.8759 rrr=0.0135 val_acc=0.6846 val_auc=0.9503
[iter-train] ep=10 loss=0.8787 ce=0.8651 rrr=0.0136 val_acc=0.6894 val_auc=0.9513
[iter-train] ep=11 loss=0.8670 ce=0.8533 rrr=0.0137 val_acc=0.6818 val_auc=0.9511
[iter-train] ep=12 loss=0.8554 ce=0.8414 rrr=0.0140 val_acc=0.6743 val_auc=0.9506
[iter-train] ep=13 loss=0.8469 ce=0.8330 rrr=0.0139 val_acc=0.7017 val_auc=0.9533
[iter-train] ep=14 loss=0.8363 ce=0.8223 rrr=0.0140 val_acc=0.6939 val_auc=0.9521
[iter-train] ep=15 loss=0.8258 ce=0.8114 rrr=0.0144 val_acc=0.6929 val_auc=0.9524
[iter-train] ep=16 loss=0.8141 ce=0.7996 rrr=0.0146 val_acc=0.6970 val_auc=0.9527
[iter-train] ep=17 loss=0.8057 ce=0.7911 rrr=0.0147 val_acc=0.7046 val_auc=0.9547
[iter-train] ep=18 loss=0.7938 ce=0.7787 rrr=0.0151 val_acc=0.7077 val_auc=0.9556
[iter-train] ep=19 loss=0.7818 ce=0.7667 rrr=0.0151 val_acc=0.7083 val_auc=0.9548
[iter-train] ep=20 loss=0.7687 ce=0.7529 rrr=0.0158 val_acc=0.7052 val_auc=0.9546
[iter-train] ep=21 loss=0.7593 ce=0.7433 rrr=0.0160 val_acc=0.7054 val_auc=0.9551
[iter-train] ep=22 loss=0.7466 ce=0.7304 rrr=0.0162 val_acc=0.7083 val_auc=0.9554
[iter-train] ep=23 loss=0.7361 ce=0.7193 rrr=0.0168 val_acc=0.7106 val_auc=0.9554
[iter-train] ep=24 loss=0.7260 ce=0.7089 rrr=0.0171 val_acc=0.7105 val_auc=0.9553
[iter-train] ep=25 loss=0.7159 ce=0.6987 rrr=0.0172 val_acc=0.7085 val_auc=0.9551
[iter-train] ep=26 loss=0.7106 ce=0.6929 rrr=0.0177 val_acc=0.7091 val_auc=0.9554
[iter-train] ep=27 loss=0.7036 ce=0.6857 rrr=0.0179 val_acc=0.7097 val_auc=0.9553
[iter-train] ep=28 loss=0.6981 ce=0.6802 rrr=0.0179 val_acc=0.7083 val_auc=0.9552
[iter-train] ep=29 loss=0.6952 ce=0.6771 rrr=0.0181 val_acc=0.7099 val_auc=0.9551
[iter-train] ep=30 loss=0.6936 ce=0.6756 rrr=0.0180 val_acc=0.7091 val_auc=0.9551
[iter] done 3: test_acc=0.7073, test_auc=0.9549, aspen_strong3=0.6085
========================================================================
[iter] 4/5
[iter] seed=4052
[iter] computing full-dataset attributions source=integrated_gradients
[iter-train] ep=1 loss=1.2521 ce=1.2461 rrr=0.0059 val_acc=0.6293 val_auc=0.9309
[iter-train] ep=2 loss=1.0675 ce=1.0581 rrr=0.0094 val_acc=0.6545 val_auc=0.9394
[iter-train] ep=3 loss=1.0230 ce=1.0121 rrr=0.0108 val_acc=0.6350 val_auc=0.9372
[iter-train] ep=4 loss=0.9811 ce=0.9691 rrr=0.0119 val_acc=0.6621 val_auc=0.9429
[iter-train] ep=5 loss=0.9541 ce=0.9416 rrr=0.0125 val_acc=0.6660 val_auc=0.9449
[iter-train] ep=6 loss=0.9337 ce=0.9213 rrr=0.0124 val_acc=0.6580 val_auc=0.9435
[iter-train] ep=7 loss=0.9211 ce=0.9084 rrr=0.0127 val_acc=0.6863 val_auc=0.9493
[iter-train] ep=8 loss=0.9061 ce=0.8933 rrr=0.0128 val_acc=0.6863 val_auc=0.9500
[iter-train] ep=9 loss=0.8944 ce=0.8814 rrr=0.0130 val_acc=0.6902 val_auc=0.9506
[iter-train] ep=10 loss=0.8836 ce=0.8706 rrr=0.0130 val_acc=0.6868 val_auc=0.9506
[iter-train] ep=11 loss=0.8722 ce=0.8590 rrr=0.0131 val_acc=0.6940 val_auc=0.9517
[iter-train] ep=12 loss=0.8629 ce=0.8497 rrr=0.0133 val_acc=0.6930 val_auc=0.9520
[iter-train] ep=13 loss=0.8510 ce=0.8376 rrr=0.0134 val_acc=0.6945 val_auc=0.9522
[iter-train] ep=14 loss=0.8414 ce=0.8280 rrr=0.0134 val_acc=0.7000 val_auc=0.9536
[iter-train] ep=15 loss=0.8322 ce=0.8186 rrr=0.0136 val_acc=0.7000 val_auc=0.9540
[iter-train] ep=16 loss=0.8220 ce=0.8081 rrr=0.0138 val_acc=0.7010 val_auc=0.9535
[iter-train] ep=17 loss=0.8089 ce=0.7949 rrr=0.0140 val_acc=0.7039 val_auc=0.9543
[iter-train] ep=18 loss=0.7996 ce=0.7852 rrr=0.0144 val_acc=0.7011 val_auc=0.9536
[iter-train] ep=19 loss=0.7863 ce=0.7714 rrr=0.0148 val_acc=0.7054 val_auc=0.9546
[iter-train] ep=20 loss=0.7772 ce=0.7622 rrr=0.0150 val_acc=0.7045 val_auc=0.9549
[iter-train] ep=21 loss=0.7650 ce=0.7496 rrr=0.0154 val_acc=0.7079 val_auc=0.9554
[iter-train] ep=22 loss=0.7546 ce=0.7389 rrr=0.0157 val_acc=0.7077 val_auc=0.9552
[iter-train] ep=23 loss=0.7428 ce=0.7266 rrr=0.0162 val_acc=0.7062 val_auc=0.9554
[iter-train] ep=24 loss=0.7336 ce=0.7172 rrr=0.0164 val_acc=0.7074 val_auc=0.9551
[iter-train] ep=25 loss=0.7244 ce=0.7075 rrr=0.0168 val_acc=0.7094 val_auc=0.9555
[iter-train] ep=26 loss=0.7168 ce=0.6997 rrr=0.0171 val_acc=0.7080 val_auc=0.9553
[iter-train] ep=27 loss=0.7093 ce=0.6920 rrr=0.0173 val_acc=0.7070 val_auc=0.9551
[iter-train] ep=28 loss=0.7072 ce=0.6896 rrr=0.0177 val_acc=0.7086 val_auc=0.9553
[iter-train] ep=29 loss=0.7023 ce=0.6850 rrr=0.0174 val_acc=0.7080 val_auc=0.9553
[iter-train] ep=30 loss=0.7001 ce=0.6825 rrr=0.0176 val_acc=0.7085 val_auc=0.9553
[iter] done 4: test_acc=0.7083, test_auc=0.9549, aspen_strong3=0.7920
========================================================================
[iter] 5/5
[iter] seed=5052
[iter] computing full-dataset attributions source=integrated_gradients
[iter-train] ep=1 loss=1.2430 ce=1.2373 rrr=0.0057 val_acc=0.6273 val_auc=0.9323
[iter-train] ep=2 loss=1.0599 ce=1.0507 rrr=0.0091 val_acc=0.6563 val_auc=0.9404
[iter-train] ep=3 loss=1.0166 ce=1.0058 rrr=0.0108 val_acc=0.6276 val_auc=0.9363
[iter-train] ep=4 loss=0.9771 ce=0.9654 rrr=0.0117 val_acc=0.6663 val_auc=0.9442
[iter-train] ep=5 loss=0.9527 ce=0.9405 rrr=0.0122 val_acc=0.6709 val_auc=0.9459
[iter-train] ep=6 loss=0.9337 ce=0.9211 rrr=0.0126 val_acc=0.6776 val_auc=0.9477
[iter-train] ep=7 loss=0.9207 ce=0.9080 rrr=0.0127 val_acc=0.6695 val_auc=0.9449
[iter-train] ep=8 loss=0.9043 ce=0.8913 rrr=0.0130 val_acc=0.6831 val_auc=0.9494
[iter-train] ep=9 loss=0.8958 ce=0.8829 rrr=0.0129 val_acc=0.6872 val_auc=0.9501
[iter-train] ep=10 loss=0.8842 ce=0.8711 rrr=0.0130 val_acc=0.6818 val_auc=0.9490
[iter-train] ep=11 loss=0.8727 ce=0.8595 rrr=0.0132 val_acc=0.6915 val_auc=0.9518
[iter-train] ep=12 loss=0.8625 ce=0.8492 rrr=0.0133 val_acc=0.6760 val_auc=0.9507
[iter-train] ep=13 loss=0.8527 ce=0.8392 rrr=0.0135 val_acc=0.6953 val_auc=0.9524
[iter-train] ep=14 loss=0.8427 ce=0.8291 rrr=0.0136 val_acc=0.6982 val_auc=0.9519
[iter-train] ep=15 loss=0.8309 ce=0.8171 rrr=0.0138 val_acc=0.7029 val_auc=0.9534
[iter-train] ep=16 loss=0.8224 ce=0.8084 rrr=0.0140 val_acc=0.6984 val_auc=0.9537
[iter-train] ep=17 loss=0.8110 ce=0.7969 rrr=0.0141 val_acc=0.7010 val_auc=0.9542
[iter-train] ep=18 loss=0.8005 ce=0.7862 rrr=0.0144 val_acc=0.7012 val_auc=0.9542
[iter-train] ep=19 loss=0.7904 ce=0.7757 rrr=0.0147 val_acc=0.6980 val_auc=0.9536
[iter-train] ep=20 loss=0.7791 ce=0.7640 rrr=0.0152 val_acc=0.7075 val_auc=0.9551
[iter-train] ep=21 loss=0.7666 ce=0.7514 rrr=0.0152 val_acc=0.7017 val_auc=0.9539
[iter-train] ep=22 loss=0.7568 ce=0.7412 rrr=0.0156 val_acc=0.7080 val_auc=0.9552
[iter-train] ep=23 loss=0.7464 ce=0.7304 rrr=0.0159 val_acc=0.7021 val_auc=0.9543
[iter-train] ep=24 loss=0.7376 ce=0.7214 rrr=0.0161 val_acc=0.7069 val_auc=0.9549
[iter-train] ep=25 loss=0.7276 ce=0.7112 rrr=0.0164 val_acc=0.7046 val_auc=0.9546
[iter-train] ep=26 loss=0.7198 ce=0.7029 rrr=0.0169 val_acc=0.7063 val_auc=0.9545
[iter-train] ep=27 loss=0.7133 ce=0.6963 rrr=0.0170 val_acc=0.7021 val_auc=0.9540
[iter-train] ep=28 loss=0.7105 ce=0.6933 rrr=0.0173 val_acc=0.7053 val_auc=0.9544
[iter-train] ep=29 loss=0.7059 ce=0.6886 rrr=0.0173 val_acc=0.7061 val_auc=0.9545
[iter-train] ep=30 loss=0.7048 ce=0.6876 rrr=0.0173 val_acc=0.7061 val_auc=0.9545
[iter] done 5: test_acc=0.7054, test_auc=0.9544, aspen_strong3=0.7517
[done] outputs:
  /home/ryreu/atlas/CompPhys_FinalProject/restart_studies/results/rrr_findanother_seed52_integrated_gradients_lam1_mask0p30/config.json
  /home/ryreu/atlas/CompPhys_FinalProject/restart_studies/results/rrr_findanother_seed52_integrated_gradients_lam1_mask0p30/iteration_summary.csv
  /home/ryreu/atlas/CompPhys_FinalProject/restart_studies/results/rrr_findanother_seed52_integrated_gradients_lam1_mask0p30/summary.json
  /home/ryreu/atlas/CompPhys_FinalProject/restart_studies/results/rrr_findanother_seed52_integrated_gradients_lam1_mask0p30/iter_01/jetclass_test_metrics.json
  /home/ryreu/atlas/CompPhys_FinalProject/restart_studies/results/rrr_findanother_seed52_integrated_gradients_lam1_mask0p30/iter_01/aspen_shift_metrics.json
  /home/ryreu/atlas/CompPhys_FinalProject/restart_studies/results/rrr_findanother_seed52_integrated_gradients_lam1_mask0p30/iter_02/jetclass_test_metrics.json
  /home/ryreu/atlas/CompPhys_FinalProject/restart_studies/results/rrr_findanother_seed52_integrated_gradients_lam1_mask0p30/iter_02/aspen_shift_metrics.json
  /home/ryreu/atlas/CompPhys_FinalProject/restart_studies/results/rrr_findanother_seed52_integrated_gradients_lam1_mask0p30/iter_03/jetclass_test_metrics.json
  /home/ryreu/atlas/CompPhys_FinalProject/restart_studies/results/rrr_findanother_seed52_integrated_gradients_lam1_mask0p30/iter_03/aspen_shift_metrics.json
  /home/ryreu/atlas/CompPhys_FinalProject/restart_studies/results/rrr_findanother_seed52_integrated_gradients_lam1_mask0p30/iter_04/jetclass_test_metrics.json
  /home/ryreu/atlas/CompPhys_FinalProject/restart_studies/results/rrr_findanother_seed52_integrated_gradients_lam1_mask0p30/iter_04/aspen_shift_metrics.json
  /home/ryreu/atlas/CompPhys_FinalProject/restart_studies/results/rrr_findanother_seed52_integrated_gradients_lam1_mask0p30/iter_05/jetclass_test_metrics.json
  /home/ryreu/atlas/CompPhys_FinalProject/restart_studies/results/rrr_findanother_seed52_integrated_gradients_lam1_mask0p30/iter_05/aspen_shift_metrics.json
[done] outputs:
  /home/ryreu/atlas/CompPhys_FinalProject/restart_studies/results/rrr_findanother_seed52_integrated_gradients_lam1_mask0p30/config.json
  /home/ryreu/atlas/CompPhys_FinalProject/restart_studies/results/rrr_findanother_seed52_integrated_gradients_lam1_mask0p30/iteration_summary.csv
  /home/ryreu/atlas/CompPhys_FinalProject/restart_studies/results/rrr_findanother_seed52_integrated_gradients_lam1_mask0p30/summary.json
