============================================================
RRR Find-Another Sweep (16-config array)
Array Job: 21209305
Task ID: 9 / 15
A_SOURCE: smoothgrad
Lambda: 100
Mask frac: 0.10
Run name: rrr_findanother_seed52_smoothgrad_lam100_mask0p10
Delegating to: /home/ryreu/atlas/CompPhys_FinalProject/restart_studies/sbatch_train_rrr_find_another_single.sh
============================================================
[preflight] WORKDIR=/home/ryreu/atlas/CompPhys_FinalProject
[preflight] PROJECT_ROOT=/home/ryreu/atlas/CompPhys_FinalProject
[preflight] SCRIPT=/home/ryreu/atlas/CompPhys_FinalProject/restart_studies/train_rrr_find_another_single.py
[preflight] RUN_NAME=rrr_findanother_seed52_smoothgrad_lam100_mask0p10
[preflight] A_SOURCE=smoothgrad
[preflight] LAMBDA_RRR=100
[preflight] MASK_FRAC=0.10
[preflight] DATA_DIR=/home/ryreu/atlas/PracticeTagging/data/jetclass_part0
[preflight] ASPEN_DIR=/home/ryreu/atlas/CompPhys_Final/data/AspenOpenJets
[preflight] python: /home/ryreu/miniconda3/envs/atlas_kd/bin/python3
[preflight] module check OK
============================================================
RRR Find-Another Training (Single Config)
Job ID: 21240762
Node: skl-a-50
Output: /home/ryreu/atlas/CompPhys_FinalProject/restart_studies/results/rrr_findanother_seed52_smoothgrad_lam100_mask0p10
============================================================
 python3 -u /home/ryreu/atlas/CompPhys_FinalProject/restart_studies/train_rrr_find_another_single.py --data_dir /home/ryreu/atlas/PracticeTagging/data/jetclass_part0 --aspen_data_dir /home/ryreu/atlas/CompPhys_Final/data/AspenOpenJets --aspen_glob Run\*.h5 --aspen_n_jets 1000000 --aspen_chunk_jets 50000 --output_root /home/ryreu/atlas/CompPhys_FinalProject/restart_studies/results --run_name rrr_findanother_seed52_smoothgrad_lam100_mask0p10 --seed 52 --device cuda --num_workers 4 --feature_mode full --max_constits 128 --train_files_per_class 8 --val_files_per_class 1 --test_files_per_class 1 --n_train_jets 150000 --n_val_jets 50000 --n_test_jets 150000 --batch_size 512 --rrr_batch_size 128 --epochs 30 --lr 7e-4 --weight_decay 1e-5 --warmup_epochs 3 --embed_dim 128 --num_heads 8 --num_layers 6 --ff_dim 512 --dropout 0.1 --target_class HToBB --background_class ZJetsToNuNu --a_source smoothgrad --lambda_rrr 100 --mask_frac 0.10 --max_iterations 5 --attr_batch_size 128 --ig_steps 16 --smoothgrad_samples 16 --smoothgrad_sigma 0.10
[info] run_dir=/home/ryreu/atlas/CompPhys_FinalProject/restart_studies/results/rrr_findanother_seed52_smoothgrad_lam100_mask0p10
[info] device=cuda
[info] classes:
  - HToBB: 10 files
  - HToCC: 10 files
  - HToGG: 10 files
  - HToWW2Q1L: 10 files
  - HToWW4Q: 10 files
  - TTBar: 10 files
  - TTBarLep: 10 files
  - WToQQ: 10 files
  - ZJetsToNuNu: 10 files
  - ZToQQ: 10 files
[info] loading train/val/test splits
[info] loaded jets train=150000 val=50000 test=150000
[info] domain-prior mask coverage tokens=589981/5898045 features=5899810/100266765
========================================================================
[iter] 1/5
[iter] seed=1052
[iter-train] ep=1 loss=1.2741 ce=1.2476 rrr=0.0003 val_acc=0.6178 val_auc=0.9296
[iter-train] ep=2 loss=1.0721 ce=1.0527 rrr=0.0002 val_acc=0.5813 val_auc=0.9260
[iter-train] ep=3 loss=1.0214 ce=1.0076 rrr=0.0001 val_acc=0.6344 val_auc=0.9395
[iter-train] ep=4 loss=0.9721 ce=0.9620 rrr=0.0001 val_acc=0.6538 val_auc=0.9426
[iter-train] ep=5 loss=0.9419 ce=0.9339 rrr=0.0001 val_acc=0.6714 val_auc=0.9470
[iter-train] ep=6 loss=0.9223 ce=0.9157 rrr=0.0001 val_acc=0.6754 val_auc=0.9485
[iter-train] ep=7 loss=0.9066 ce=0.9007 rrr=0.0001 val_acc=0.6376 val_auc=0.9432
[iter-train] ep=8 loss=0.8950 ce=0.8895 rrr=0.0001 val_acc=0.6609 val_auc=0.9452
[iter-train] ep=9 loss=0.8812 ce=0.8762 rrr=0.0001 val_acc=0.6457 val_auc=0.9442
[iter-train] ep=10 loss=0.8707 ce=0.8660 rrr=0.0000 val_acc=0.6845 val_auc=0.9508
[iter-train] ep=11 loss=0.8612 ce=0.8565 rrr=0.0000 val_acc=0.6836 val_auc=0.9492
[iter-train] ep=12 loss=0.8502 ce=0.8455 rrr=0.0000 val_acc=0.6885 val_auc=0.9516
[iter-train] ep=13 loss=0.8404 ce=0.8363 rrr=0.0000 val_acc=0.6961 val_auc=0.9527
[iter-train] ep=14 loss=0.8291 ce=0.8249 rrr=0.0000 val_acc=0.6874 val_auc=0.9517
[iter-train] ep=15 loss=0.8163 ce=0.8122 rrr=0.0000 val_acc=0.6888 val_auc=0.9518
[iter-train] ep=16 loss=0.8060 ce=0.8020 rrr=0.0000 val_acc=0.6681 val_auc=0.9484
[iter-train] ep=17 loss=0.7976 ce=0.7933 rrr=0.0000 val_acc=0.6946 val_auc=0.9537
[iter-train] ep=18 loss=0.7848 ce=0.7809 rrr=0.0000 val_acc=0.6969 val_auc=0.9534
[iter-train] ep=19 loss=0.7735 ce=0.7696 rrr=0.0000 val_acc=0.6913 val_auc=0.9532
[iter-train] ep=20 loss=0.7640 ce=0.7600 rrr=0.0000 val_acc=0.7048 val_auc=0.9547
[iter-train] ep=21 loss=0.7524 ce=0.7483 rrr=0.0000 val_acc=0.6922 val_auc=0.9533
[iter-train] ep=22 loss=0.7407 ce=0.7366 rrr=0.0000 val_acc=0.6891 val_auc=0.9524
[iter-train] ep=23 loss=0.7313 ce=0.7271 rrr=0.0000 val_acc=0.6929 val_auc=0.9537
[iter-train] ep=24 loss=0.7207 ce=0.7158 rrr=0.0000 val_acc=0.7007 val_auc=0.9541
[iter-train] ep=25 loss=0.7123 ce=0.7080 rrr=0.0000 val_acc=0.6948 val_auc=0.9533
[iter-train] ep=26 loss=0.7061 ce=0.7016 rrr=0.0000 val_acc=0.6974 val_auc=0.9533
[iter-train] ep=27 loss=0.6976 ce=0.6931 rrr=0.0000 val_acc=0.6970 val_auc=0.9535
[iter-train] ep=28 loss=0.6945 ce=0.6899 rrr=0.0000 val_acc=0.6956 val_auc=0.9531
[iter-train] ep=29 loss=0.6909 ce=0.6863 rrr=0.0000 val_acc=0.6975 val_auc=0.9535
[iter-train] ep=30 loss=0.6890 ce=0.6842 rrr=0.0000 val_acc=0.6983 val_auc=0.9536
[iter] done 1: test_acc=0.6982, test_auc=0.9536, aspen_strong3=0.4810
========================================================================
[iter] 2/5
[iter] seed=2052
[iter] computing full-dataset attributions source=smoothgrad
[iter-train] ep=1 loss=1.4268 ce=1.3481 rrr=0.0008 val_acc=0.5641 val_auc=0.9160
[iter-train] ep=2 loss=1.2619 ce=1.1731 rrr=0.0009 val_acc=0.5824 val_auc=0.9207
[iter-train] ep=3 loss=1.2215 ce=1.1317 rrr=0.0009 val_acc=0.5827 val_auc=0.9211
[iter-train] ep=4 loss=1.1809 ce=1.0905 rrr=0.0009 val_acc=0.5962 val_auc=0.9268
[iter-train] ep=5 loss=1.1543 ce=1.0646 rrr=0.0009 val_acc=0.6255 val_auc=0.9345
[iter-train] ep=6 loss=1.1391 ce=1.0483 rrr=0.0009 val_acc=0.6279 val_auc=0.9324
[iter-train] ep=7 loss=1.1283 ce=1.0349 rrr=0.0009 val_acc=0.6276 val_auc=0.9336
[iter-train] ep=8 loss=1.1133 ce=1.0216 rrr=0.0009 val_acc=0.6320 val_auc=0.9339
[iter-train] ep=9 loss=1.1061 ce=1.0097 rrr=0.0010 val_acc=0.6442 val_auc=0.9383
[iter-train] ep=10 loss=1.1035 ce=1.0003 rrr=0.0010 val_acc=0.6461 val_auc=0.9389
[iter-train] ep=11 loss=1.0882 ce=0.9876 rrr=0.0010 val_acc=0.6428 val_auc=0.9376
[iter-train] ep=12 loss=1.0852 ce=0.9781 rrr=0.0011 val_acc=0.6524 val_auc=0.9417
[iter-train] ep=13 loss=1.0873 ce=0.9672 rrr=0.0012 val_acc=0.6554 val_auc=0.9411
[iter-train] ep=14 loss=1.0590 ce=0.9574 rrr=0.0010 val_acc=0.6562 val_auc=0.9413
[iter-train] ep=15 loss=1.0743 ce=0.9498 rrr=0.0012 val_acc=0.6597 val_auc=0.9427
[iter-train] ep=16 loss=1.0637 ce=0.9377 rrr=0.0013 val_acc=0.6595 val_auc=0.9425
[iter-train] ep=17 loss=1.0401 ce=0.9277 rrr=0.0011 val_acc=0.6563 val_auc=0.9427
[iter-train] ep=18 loss=1.0649 ce=0.9174 rrr=0.0015 val_acc=0.6616 val_auc=0.9434
[iter-train] ep=19 loss=1.0861 ce=0.9079 rrr=0.0018 val_acc=0.6612 val_auc=0.9436
[iter-train] ep=20 loss=1.0773 ce=0.8977 rrr=0.0018 val_acc=0.6674 val_auc=0.9455
[iter-train] ep=21 loss=1.0222 ce=0.8896 rrr=0.0013 val_acc=0.6657 val_auc=0.9449
[iter-train] ep=22 loss=1.0539 ce=0.8798 rrr=0.0017 val_acc=0.6634 val_auc=0.9451
[iter-train] ep=23 loss=1.0281 ce=0.8707 rrr=0.0016 val_acc=0.6669 val_auc=0.9457
[iter-train] ep=24 loss=1.0266 ce=0.8607 rrr=0.0017 val_acc=0.6647 val_auc=0.9456
[iter-train] ep=25 loss=1.0022 ce=0.8541 rrr=0.0015 val_acc=0.6646 val_auc=0.9459
[iter-train] ep=26 loss=1.0709 ce=0.8488 rrr=0.0022 val_acc=0.6696 val_auc=0.9464
[iter-train] ep=27 loss=1.0339 ce=0.8441 rrr=0.0019 val_acc=0.6683 val_auc=0.9465
[iter-train] ep=28 loss=1.0179 ce=0.8411 rrr=0.0018 val_acc=0.6685 val_auc=0.9464
[iter-train] ep=29 loss=0.9796 ce=0.8383 rrr=0.0014 val_acc=0.6679 val_auc=0.9464
[iter-train] ep=30 loss=0.9865 ce=0.8363 rrr=0.0015 val_acc=0.6690 val_auc=0.9465
[iter] done 2: test_acc=0.6719, test_auc=0.9470, aspen_strong3=0.5928
========================================================================
[iter] 3/5
[iter] seed=3052
[iter] computing full-dataset attributions source=smoothgrad
[iter-train] ep=1 loss=1.4160 ce=1.3298 rrr=0.0009 val_acc=0.6088 val_auc=0.9230
[iter-train] ep=2 loss=1.2574 ce=1.1580 rrr=0.0010 val_acc=0.6130 val_auc=0.9260
[iter-train] ep=3 loss=1.2188 ce=1.1175 rrr=0.0010 val_acc=0.6184 val_auc=0.9273
[iter-train] ep=4 loss=1.1810 ce=1.0797 rrr=0.0010 val_acc=0.6313 val_auc=0.9324
[iter-train] ep=5 loss=1.1586 ce=1.0563 rrr=0.0010 val_acc=0.6300 val_auc=0.9331
[iter-train] ep=6 loss=1.1402 ce=1.0382 rrr=0.0010 val_acc=0.6211 val_auc=0.9336
[iter-train] ep=7 loss=1.1281 ce=1.0245 rrr=0.0010 val_acc=0.6380 val_auc=0.9373
[iter-train] ep=8 loss=1.1156 ce=1.0108 rrr=0.0010 val_acc=0.6441 val_auc=0.9382
[iter-train] ep=9 loss=1.1137 ce=1.0006 rrr=0.0011 val_acc=0.6530 val_auc=0.9407
[iter-train] ep=10 loss=1.1206 ce=0.9892 rrr=0.0013 val_acc=0.6504 val_auc=0.9390
[iter-train] ep=11 loss=1.1057 ce=0.9782 rrr=0.0013 val_acc=0.6337 val_auc=0.9387
[iter-train] ep=12 loss=1.0931 ce=0.9689 rrr=0.0012 val_acc=0.6388 val_auc=0.9408
[iter-train] ep=13 loss=1.0969 ce=0.9595 rrr=0.0014 val_acc=0.6628 val_auc=0.9437
[iter-train] ep=14 loss=1.0979 ce=0.9506 rrr=0.0015 val_acc=0.6482 val_auc=0.9419
[iter-train] ep=15 loss=1.0754 ce=0.9429 rrr=0.0013 val_acc=0.6479 val_auc=0.9411
[iter-train] ep=16 loss=1.0914 ce=0.9328 rrr=0.0016 val_acc=0.6620 val_auc=0.9441
[iter-train] ep=17 loss=1.0762 ce=0.9241 rrr=0.0015 val_acc=0.6644 val_auc=0.9456
[iter-train] ep=18 loss=1.0671 ce=0.9157 rrr=0.0015 val_acc=0.6683 val_auc=0.9452
[iter-train] ep=19 loss=1.0371 ce=0.9054 rrr=0.0013 val_acc=0.6662 val_auc=0.9456
[iter-train] ep=20 loss=1.0764 ce=0.8975 rrr=0.0018 val_acc=0.6685 val_auc=0.9461
[iter-train] ep=21 loss=1.0834 ce=0.8883 rrr=0.0020 val_acc=0.6648 val_auc=0.9463
[iter-train] ep=22 loss=1.0790 ce=0.8782 rrr=0.0020 val_acc=0.6684 val_auc=0.9466
[iter-train] ep=23 loss=1.0583 ce=0.8693 rrr=0.0019 val_acc=0.6721 val_auc=0.9469
[iter-train] ep=24 loss=1.0271 ce=0.8626 rrr=0.0016 val_acc=0.6688 val_auc=0.9469
[iter-train] ep=25 loss=1.0642 ce=0.8558 rrr=0.0021 val_acc=0.6725 val_auc=0.9476
[iter-train] ep=26 loss=1.0371 ce=0.8504 rrr=0.0019 val_acc=0.6712 val_auc=0.9476
[iter-train] ep=27 loss=1.0688 ce=0.8448 rrr=0.0022 val_acc=0.6727 val_auc=0.9475
[iter-train] ep=28 loss=1.0567 ce=0.8408 rrr=0.0022 val_acc=0.6729 val_auc=0.9478
[iter-train] ep=29 loss=1.0095 ce=0.8385 rrr=0.0017 val_acc=0.6747 val_auc=0.9479
[iter-train] ep=30 loss=1.0231 ce=0.8374 rrr=0.0019 val_acc=0.6747 val_auc=0.9479
[iter] done 3: test_acc=0.6750, test_auc=0.9482, aspen_strong3=0.6682
========================================================================
[iter] 4/5
[iter] seed=4052
[iter] computing full-dataset attributions source=smoothgrad
[iter-train] ep=1 loss=1.4142 ce=1.3263 rrr=0.0009 val_acc=0.5784 val_auc=0.9194
[iter-train] ep=2 loss=1.2633 ce=1.1608 rrr=0.0010 val_acc=0.6110 val_auc=0.9268
[iter-train] ep=3 loss=1.2217 ce=1.1167 rrr=0.0010 val_acc=0.5936 val_auc=0.9227
[iter-train] ep=4 loss=1.1876 ce=1.0819 rrr=0.0011 val_acc=0.6115 val_auc=0.9289
[iter-train] ep=5 loss=1.1640 ce=1.0569 rrr=0.0011 val_acc=0.6325 val_auc=0.9347
[iter-train] ep=6 loss=1.1480 ce=1.0399 rrr=0.0011 val_acc=0.6298 val_auc=0.9336
[iter-train] ep=7 loss=1.1390 ce=1.0271 rrr=0.0011 val_acc=0.6426 val_auc=0.9384
[iter-train] ep=8 loss=1.1295 ce=1.0148 rrr=0.0011 val_acc=0.6473 val_auc=0.9390
[iter-train] ep=9 loss=1.1186 ce=1.0036 rrr=0.0012 val_acc=0.6550 val_auc=0.9408
[iter-train] ep=10 loss=1.1243 ce=0.9931 rrr=0.0013 val_acc=0.6437 val_auc=0.9400
[iter-train] ep=11 loss=1.1243 ce=0.9839 rrr=0.0014 val_acc=0.6594 val_auc=0.9402
[iter-train] ep=12 loss=1.0963 ce=0.9754 rrr=0.0012 val_acc=0.6503 val_auc=0.9405
[iter-train] ep=13 loss=1.1069 ce=0.9663 rrr=0.0014 val_acc=0.6510 val_auc=0.9415
[iter-train] ep=14 loss=1.1042 ce=0.9555 rrr=0.0015 val_acc=0.6544 val_auc=0.9413
[iter-train] ep=15 loss=1.0944 ce=0.9485 rrr=0.0015 val_acc=0.6561 val_auc=0.9418
[iter-train] ep=16 loss=1.0863 ce=0.9406 rrr=0.0015 val_acc=0.6558 val_auc=0.9434
[iter-train] ep=17 loss=1.0871 ce=0.9287 rrr=0.0016 val_acc=0.6642 val_auc=0.9457
[iter-train] ep=18 loss=1.0863 ce=0.9216 rrr=0.0016 val_acc=0.6597 val_auc=0.9433
[iter-train] ep=19 loss=1.0652 ce=0.9132 rrr=0.0015 val_acc=0.6694 val_auc=0.9450
[iter-train] ep=20 loss=1.0653 ce=0.9042 rrr=0.0016 val_acc=0.6670 val_auc=0.9459
[iter-train] ep=21 loss=1.0671 ce=0.8957 rrr=0.0017 val_acc=0.6732 val_auc=0.9468
[iter-train] ep=22 loss=1.0484 ce=0.8872 rrr=0.0016 val_acc=0.6711 val_auc=0.9467
[iter-train] ep=23 loss=1.0584 ce=0.8797 rrr=0.0018 val_acc=0.6716 val_auc=0.9466
[iter-train] ep=24 loss=1.0601 ce=0.8722 rrr=0.0019 val_acc=0.6780 val_auc=0.9479
[iter-train] ep=25 loss=1.0572 ce=0.8637 rrr=0.0019 val_acc=0.6741 val_auc=0.9477
[iter-train] ep=26 loss=1.0631 ce=0.8594 rrr=0.0020 val_acc=0.6750 val_auc=0.9478
[iter-train] ep=27 loss=1.0308 ce=0.8548 rrr=0.0018 val_acc=0.6724 val_auc=0.9477
[iter-train] ep=28 loss=1.1554 ce=0.8509 rrr=0.0030 val_acc=0.6747 val_auc=0.9479
[iter-train] ep=29 loss=1.0643 ce=0.8479 rrr=0.0022 val_acc=0.6761 val_auc=0.9481
[iter-train] ep=30 loss=1.0195 ce=0.8461 rrr=0.0017 val_acc=0.6746 val_auc=0.9480
[iter] done 4: test_acc=0.6744, test_auc=0.9482, aspen_strong3=0.5827
========================================================================
[iter] 5/5
[iter] seed=5052
[iter] computing full-dataset attributions source=smoothgrad
[iter-train] ep=1 loss=1.4116 ce=1.3232 rrr=0.0009 val_acc=0.5989 val_auc=0.9229
[iter-train] ep=2 loss=1.2644 ce=1.1601 rrr=0.0010 val_acc=0.6125 val_auc=0.9248
[iter-train] ep=3 loss=1.2247 ce=1.1172 rrr=0.0011 val_acc=0.6035 val_auc=0.9254
[iter-train] ep=4 loss=1.1894 ce=1.0805 rrr=0.0011 val_acc=0.6116 val_auc=0.9326
[iter-train] ep=5 loss=1.1670 ce=1.0572 rrr=0.0011 val_acc=0.6402 val_auc=0.9360
[iter-train] ep=6 loss=1.1545 ce=1.0415 rrr=0.0011 val_acc=0.6344 val_auc=0.9370
[iter-train] ep=7 loss=1.1431 ce=1.0291 rrr=0.0011 val_acc=0.6352 val_auc=0.9359
[iter-train] ep=8 loss=1.1358 ce=1.0167 rrr=0.0012 val_acc=0.6481 val_auc=0.9403
[iter-train] ep=9 loss=1.1252 ce=1.0071 rrr=0.0012 val_acc=0.6214 val_auc=0.9353
[iter-train] ep=10 loss=1.1349 ce=0.9971 rrr=0.0014 val_acc=0.6530 val_auc=0.9405
[iter-train] ep=11 loss=1.1406 ce=0.9873 rrr=0.0015 val_acc=0.6558 val_auc=0.9404
[iter-train] ep=12 loss=1.1127 ce=0.9790 rrr=0.0013 val_acc=0.6403 val_auc=0.9394
[iter-train] ep=13 loss=1.1154 ce=0.9714 rrr=0.0014 val_acc=0.6612 val_auc=0.9424
[iter-train] ep=14 loss=1.0906 ce=0.9611 rrr=0.0013 val_acc=0.6568 val_auc=0.9409
[iter-train] ep=15 loss=1.1023 ce=0.9529 rrr=0.0015 val_acc=0.6634 val_auc=0.9432
[iter-train] ep=16 loss=1.1282 ce=0.9441 rrr=0.0018 val_acc=0.6594 val_auc=0.9430
[iter-train] ep=17 loss=1.0927 ce=0.9358 rrr=0.0016 val_acc=0.6616 val_auc=0.9445
[iter-train] ep=18 loss=1.1438 ce=0.9254 rrr=0.0022 val_acc=0.6700 val_auc=0.9452
[iter-train] ep=19 loss=1.0682 ce=0.9178 rrr=0.0015 val_acc=0.6681 val_auc=0.9455
[iter-train] ep=20 loss=1.0723 ce=0.9082 rrr=0.0016 val_acc=0.6669 val_auc=0.9457
[iter-train] ep=21 loss=1.1165 ce=0.9009 rrr=0.0022 val_acc=0.6573 val_auc=0.9449
[iter-train] ep=22 loss=1.0774 ce=0.8929 rrr=0.0018 val_acc=0.6641 val_auc=0.9457
[iter-train] ep=23 loss=1.0684 ce=0.8847 rrr=0.0018 val_acc=0.6730 val_auc=0.9471
[iter-train] ep=24 loss=1.0938 ce=0.8762 rrr=0.0022 val_acc=0.6701 val_auc=0.9462
[iter-train] ep=25 loss=1.0874 ce=0.8705 rrr=0.0022 val_acc=0.6691 val_auc=0.9465
[iter-train] ep=26 loss=1.0282 ce=0.8638 rrr=0.0016 val_acc=0.6696 val_auc=0.9470
[iter-train] ep=27 loss=1.0627 ce=0.8597 rrr=0.0020 val_acc=0.6708 val_auc=0.9470
[iter-train] ep=28 loss=1.1362 ce=0.8567 rrr=0.0028 val_acc=0.6692 val_auc=0.9470
[iter-train] ep=29 loss=1.0470 ce=0.8542 rrr=0.0019 val_acc=0.6703 val_auc=0.9473
[iter-train] ep=30 loss=1.0121 ce=0.8527 rrr=0.0016 val_acc=0.6716 val_auc=0.9474
[iter] done 5: test_acc=0.6728, test_auc=0.9478, aspen_strong3=0.7281
[done] outputs:
  /home/ryreu/atlas/CompPhys_FinalProject/restart_studies/results/rrr_findanother_seed52_smoothgrad_lam100_mask0p10/config.json
  /home/ryreu/atlas/CompPhys_FinalProject/restart_studies/results/rrr_findanother_seed52_smoothgrad_lam100_mask0p10/iteration_summary.csv
  /home/ryreu/atlas/CompPhys_FinalProject/restart_studies/results/rrr_findanother_seed52_smoothgrad_lam100_mask0p10/summary.json
  /home/ryreu/atlas/CompPhys_FinalProject/restart_studies/results/rrr_findanother_seed52_smoothgrad_lam100_mask0p10/iter_01/jetclass_test_metrics.json
  /home/ryreu/atlas/CompPhys_FinalProject/restart_studies/results/rrr_findanother_seed52_smoothgrad_lam100_mask0p10/iter_01/aspen_shift_metrics.json
  /home/ryreu/atlas/CompPhys_FinalProject/restart_studies/results/rrr_findanother_seed52_smoothgrad_lam100_mask0p10/iter_02/jetclass_test_metrics.json
  /home/ryreu/atlas/CompPhys_FinalProject/restart_studies/results/rrr_findanother_seed52_smoothgrad_lam100_mask0p10/iter_02/aspen_shift_metrics.json
  /home/ryreu/atlas/CompPhys_FinalProject/restart_studies/results/rrr_findanother_seed52_smoothgrad_lam100_mask0p10/iter_03/jetclass_test_metrics.json
  /home/ryreu/atlas/CompPhys_FinalProject/restart_studies/results/rrr_findanother_seed52_smoothgrad_lam100_mask0p10/iter_03/aspen_shift_metrics.json
  /home/ryreu/atlas/CompPhys_FinalProject/restart_studies/results/rrr_findanother_seed52_smoothgrad_lam100_mask0p10/iter_04/jetclass_test_metrics.json
  /home/ryreu/atlas/CompPhys_FinalProject/restart_studies/results/rrr_findanother_seed52_smoothgrad_lam100_mask0p10/iter_04/aspen_shift_metrics.json
  /home/ryreu/atlas/CompPhys_FinalProject/restart_studies/results/rrr_findanother_seed52_smoothgrad_lam100_mask0p10/iter_05/jetclass_test_metrics.json
  /home/ryreu/atlas/CompPhys_FinalProject/restart_studies/results/rrr_findanother_seed52_smoothgrad_lam100_mask0p10/iter_05/aspen_shift_metrics.json
[done] outputs:
  /home/ryreu/atlas/CompPhys_FinalProject/restart_studies/results/rrr_findanother_seed52_smoothgrad_lam100_mask0p10/config.json
  /home/ryreu/atlas/CompPhys_FinalProject/restart_studies/results/rrr_findanother_seed52_smoothgrad_lam100_mask0p10/iteration_summary.csv
  /home/ryreu/atlas/CompPhys_FinalProject/restart_studies/results/rrr_findanother_seed52_smoothgrad_lam100_mask0p10/summary.json
