============================================================
RRR Find-Another Sweep (16-config array)
Array Job: 21209304
Task ID: 6 / 15
A_SOURCE: integrated_gradients
Lambda: 10
Mask frac: 0.20
Run name: rrr_findanother_seed52_integrated_gradients_lam10_mask0p20
Delegating to: /home/ryreu/atlas/CompPhys_FinalProject/restart_studies/sbatch_train_rrr_find_another_single.sh
============================================================
[preflight] WORKDIR=/home/ryreu/atlas/CompPhys_FinalProject
[preflight] PROJECT_ROOT=/home/ryreu/atlas/CompPhys_FinalProject
[preflight] SCRIPT=/home/ryreu/atlas/CompPhys_FinalProject/restart_studies/train_rrr_find_another_single.py
[preflight] RUN_NAME=rrr_findanother_seed52_integrated_gradients_lam10_mask0p20
[preflight] A_SOURCE=integrated_gradients
[preflight] LAMBDA_RRR=10
[preflight] MASK_FRAC=0.20
[preflight] DATA_DIR=/home/ryreu/atlas/PracticeTagging/data/jetclass_part0
[preflight] ASPEN_DIR=/home/ryreu/atlas/CompPhys_Final/data/AspenOpenJets
[preflight] python: /home/ryreu/miniconda3/envs/atlas_kd/bin/python3
[preflight] module check OK
============================================================
RRR Find-Another Training (Single Config)
Job ID: 21214944
Node: skl-a-49
Output: /home/ryreu/atlas/CompPhys_FinalProject/restart_studies/results/rrr_findanother_seed52_integrated_gradients_lam10_mask0p20
============================================================
 python3 -u /home/ryreu/atlas/CompPhys_FinalProject/restart_studies/train_rrr_find_another_single.py --data_dir /home/ryreu/atlas/PracticeTagging/data/jetclass_part0 --aspen_data_dir /home/ryreu/atlas/CompPhys_Final/data/AspenOpenJets --aspen_glob Run\*.h5 --aspen_n_jets 1000000 --aspen_chunk_jets 50000 --output_root /home/ryreu/atlas/CompPhys_FinalProject/restart_studies/results --run_name rrr_findanother_seed52_integrated_gradients_lam10_mask0p20 --seed 52 --device cuda --num_workers 4 --feature_mode full --max_constits 128 --train_files_per_class 8 --val_files_per_class 1 --test_files_per_class 1 --n_train_jets 150000 --n_val_jets 50000 --n_test_jets 150000 --batch_size 512 --rrr_batch_size 128 --epochs 30 --lr 7e-4 --weight_decay 1e-5 --warmup_epochs 3 --embed_dim 128 --num_heads 8 --num_layers 6 --ff_dim 512 --dropout 0.1 --target_class HToBB --background_class ZJetsToNuNu --a_source integrated_gradients --lambda_rrr 10 --mask_frac 0.20 --max_iterations 5 --attr_batch_size 128 --ig_steps 16 --smoothgrad_samples 16 --smoothgrad_sigma 0.10
[info] run_dir=/home/ryreu/atlas/CompPhys_FinalProject/restart_studies/results/rrr_findanother_seed52_integrated_gradients_lam10_mask0p20
[info] device=cuda
[info] classes:
  - HToBB: 10 files
  - HToCC: 10 files
  - HToGG: 10 files
  - HToWW2Q1L: 10 files
  - HToWW4Q: 10 files
  - TTBar: 10 files
  - TTBarLep: 10 files
  - WToQQ: 10 files
  - ZJetsToNuNu: 10 files
  - ZToQQ: 10 files
[info] loading train/val/test splits
[info] loaded jets train=150000 val=50000 test=150000
[info] domain-prior mask coverage tokens=1179673/5898045 features=11796730/100266765
========================================================================
[iter] 1/5
[iter] seed=1052
[iter-train] ep=1 loss=1.2429 ce=1.2325 rrr=0.0010 val_acc=0.6184 val_auc=0.9304
[iter-train] ep=2 loss=1.0538 ce=1.0450 rrr=0.0009 val_acc=0.6002 val_auc=0.9305
[iter-train] ep=3 loss=1.0111 ce=1.0037 rrr=0.0007 val_acc=0.6254 val_auc=0.9382
[iter-train] ep=4 loss=0.9661 ce=0.9598 rrr=0.0006 val_acc=0.6406 val_auc=0.9392
[iter-train] ep=5 loss=0.9395 ce=0.9339 rrr=0.0006 val_acc=0.6735 val_auc=0.9469
[iter-train] ep=6 loss=0.9210 ce=0.9160 rrr=0.0005 val_acc=0.6801 val_auc=0.9491
[iter-train] ep=7 loss=0.9041 ce=0.8993 rrr=0.0005 val_acc=0.6506 val_auc=0.9448
[iter-train] ep=8 loss=0.8933 ce=0.8889 rrr=0.0004 val_acc=0.6525 val_auc=0.9453
[iter-train] ep=9 loss=0.8800 ce=0.8759 rrr=0.0004 val_acc=0.6556 val_auc=0.9448
[iter-train] ep=10 loss=0.8700 ce=0.8661 rrr=0.0004 val_acc=0.6896 val_auc=0.9514
[iter-train] ep=11 loss=0.8591 ce=0.8554 rrr=0.0004 val_acc=0.6935 val_auc=0.9512
[iter-train] ep=12 loss=0.8492 ce=0.8456 rrr=0.0004 val_acc=0.6929 val_auc=0.9520
[iter-train] ep=13 loss=0.8393 ce=0.8358 rrr=0.0003 val_acc=0.6994 val_auc=0.9531
[iter-train] ep=14 loss=0.8282 ce=0.8247 rrr=0.0004 val_acc=0.6942 val_auc=0.9524
[iter-train] ep=15 loss=0.8177 ce=0.8143 rrr=0.0003 val_acc=0.6895 val_auc=0.9516
[iter-train] ep=16 loss=0.8060 ce=0.8026 rrr=0.0003 val_acc=0.6908 val_auc=0.9527
[iter-train] ep=17 loss=0.7967 ce=0.7932 rrr=0.0003 val_acc=0.7013 val_auc=0.9543
[iter-train] ep=18 loss=0.7841 ce=0.7806 rrr=0.0004 val_acc=0.6953 val_auc=0.9533
[iter-train] ep=19 loss=0.7742 ce=0.7706 rrr=0.0004 val_acc=0.7003 val_auc=0.9543
[iter-train] ep=20 loss=0.7638 ce=0.7602 rrr=0.0004 val_acc=0.7083 val_auc=0.9550
[iter-train] ep=21 loss=0.7516 ce=0.7479 rrr=0.0004 val_acc=0.6962 val_auc=0.9534
[iter-train] ep=22 loss=0.7402 ce=0.7364 rrr=0.0004 val_acc=0.6976 val_auc=0.9537
[iter-train] ep=23 loss=0.7308 ce=0.7270 rrr=0.0004 val_acc=0.6980 val_auc=0.9540
[iter-train] ep=24 loss=0.7204 ce=0.7164 rrr=0.0004 val_acc=0.7036 val_auc=0.9544
[iter-train] ep=25 loss=0.7121 ce=0.7079 rrr=0.0004 val_acc=0.6966 val_auc=0.9534
[iter-train] ep=26 loss=0.7043 ce=0.7000 rrr=0.0004 val_acc=0.7008 val_auc=0.9539
[iter-train] ep=27 loss=0.6977 ce=0.6933 rrr=0.0004 val_acc=0.7001 val_auc=0.9535
[iter-train] ep=28 loss=0.6937 ce=0.6893 rrr=0.0004 val_acc=0.7002 val_auc=0.9535
[iter-train] ep=29 loss=0.6909 ce=0.6864 rrr=0.0004 val_acc=0.7023 val_auc=0.9539
[iter-train] ep=30 loss=0.6892 ce=0.6848 rrr=0.0004 val_acc=0.7024 val_auc=0.9539
[iter] done 1: test_acc=0.7018, test_auc=0.9538, aspen_strong3=0.5675
========================================================================
[iter] 2/5
[iter] seed=2052
[iter] computing full-dataset attributions source=integrated_gradients
[iter-train] ep=1 loss=1.2900 ce=1.2588 rrr=0.0031 val_acc=0.6056 val_auc=0.9289
[iter-train] ep=2 loss=1.1119 ce=1.0716 rrr=0.0040 val_acc=0.6305 val_auc=0.9339
[iter-train] ep=3 loss=1.0667 ce=1.0253 rrr=0.0041 val_acc=0.6335 val_auc=0.9352
[iter-train] ep=4 loss=1.0260 ce=0.9844 rrr=0.0042 val_acc=0.6480 val_auc=0.9407
[iter-train] ep=5 loss=0.9984 ce=0.9563 rrr=0.0042 val_acc=0.6591 val_auc=0.9429
[iter-train] ep=6 loss=0.9824 ce=0.9405 rrr=0.0042 val_acc=0.6682 val_auc=0.9449
[iter-train] ep=7 loss=0.9666 ce=0.9249 rrr=0.0042 val_acc=0.6710 val_auc=0.9460
[iter-train] ep=8 loss=0.9555 ce=0.9133 rrr=0.0042 val_acc=0.6739 val_auc=0.9460
[iter-train] ep=9 loss=0.9432 ce=0.9019 rrr=0.0041 val_acc=0.6795 val_auc=0.9482
[iter-train] ep=10 loss=0.9334 ce=0.8916 rrr=0.0042 val_acc=0.6854 val_auc=0.9494
[iter-train] ep=11 loss=0.9203 ce=0.8785 rrr=0.0042 val_acc=0.6758 val_auc=0.9483
[iter-train] ep=12 loss=0.9104 ce=0.8692 rrr=0.0041 val_acc=0.6882 val_auc=0.9504
[iter-train] ep=13 loss=0.9009 ce=0.8590 rrr=0.0042 val_acc=0.6834 val_auc=0.9502
[iter-train] ep=14 loss=0.8893 ce=0.8474 rrr=0.0042 val_acc=0.6752 val_auc=0.9483
[iter-train] ep=15 loss=0.8796 ce=0.8376 rrr=0.0042 val_acc=0.6831 val_auc=0.9507
[iter-train] ep=16 loss=0.8697 ce=0.8271 rrr=0.0043 val_acc=0.6892 val_auc=0.9510
[iter-train] ep=17 loss=0.8576 ce=0.8154 rrr=0.0042 val_acc=0.6864 val_auc=0.9512
[iter-train] ep=18 loss=0.8462 ce=0.8036 rrr=0.0043 val_acc=0.6844 val_auc=0.9514
[iter-train] ep=19 loss=0.8357 ce=0.7934 rrr=0.0042 val_acc=0.6857 val_auc=0.9515
[iter-train] ep=20 loss=0.8258 ce=0.7824 rrr=0.0043 val_acc=0.6934 val_auc=0.9525
[iter-train] ep=21 loss=0.8140 ce=0.7707 rrr=0.0043 val_acc=0.6920 val_auc=0.9524
[iter-train] ep=22 loss=0.8052 ce=0.7600 rrr=0.0045 val_acc=0.6868 val_auc=0.9515
[iter-train] ep=23 loss=0.7940 ce=0.7503 rrr=0.0044 val_acc=0.6861 val_auc=0.9522
[iter-train] ep=24 loss=0.7838 ce=0.7392 rrr=0.0045 val_acc=0.6869 val_auc=0.9516
[iter-train] ep=25 loss=0.7742 ce=0.7300 rrr=0.0044 val_acc=0.6852 val_auc=0.9517
[iter-train] ep=26 loss=0.7682 ce=0.7232 rrr=0.0045 val_acc=0.6853 val_auc=0.9516
[iter-train] ep=27 loss=0.7606 ce=0.7166 rrr=0.0044 val_acc=0.6889 val_auc=0.9521
[iter-train] ep=28 loss=0.7558 ce=0.7118 rrr=0.0044 val_acc=0.6856 val_auc=0.9515
[iter-train] ep=29 loss=0.7536 ce=0.7093 rrr=0.0044 val_acc=0.6858 val_auc=0.9515
[iter-train] ep=30 loss=0.7511 ce=0.7070 rrr=0.0044 val_acc=0.6869 val_auc=0.9517
[iter] done 2: test_acc=0.6887, test_auc=0.9519, aspen_strong3=0.7370
========================================================================
[iter] 3/5
[iter] seed=3052
[iter] computing full-dataset attributions source=integrated_gradients
[iter-train] ep=1 loss=1.2819 ce=1.2486 rrr=0.0033 val_acc=0.6329 val_auc=0.9317
[iter-train] ep=2 loss=1.1053 ce=1.0638 rrr=0.0042 val_acc=0.6408 val_auc=0.9354
[iter-train] ep=3 loss=1.0632 ce=1.0204 rrr=0.0043 val_acc=0.6562 val_auc=0.9390
[iter-train] ep=4 loss=1.0218 ce=0.9784 rrr=0.0043 val_acc=0.6576 val_auc=0.9410
[iter-train] ep=5 loss=0.9947 ce=0.9509 rrr=0.0044 val_acc=0.6624 val_auc=0.9438
[iter-train] ep=6 loss=0.9784 ce=0.9345 rrr=0.0044 val_acc=0.6647 val_auc=0.9446
[iter-train] ep=7 loss=0.9636 ce=0.9200 rrr=0.0044 val_acc=0.6691 val_auc=0.9453
[iter-train] ep=8 loss=0.9512 ce=0.9078 rrr=0.0043 val_acc=0.6601 val_auc=0.9456
[iter-train] ep=9 loss=0.9391 ce=0.8956 rrr=0.0044 val_acc=0.6747 val_auc=0.9480
[iter-train] ep=10 loss=0.9291 ce=0.8845 rrr=0.0045 val_acc=0.6751 val_auc=0.9484
[iter-train] ep=11 loss=0.9171 ce=0.8732 rrr=0.0044 val_acc=0.6786 val_auc=0.9493
[iter-train] ep=12 loss=0.9076 ce=0.8638 rrr=0.0044 val_acc=0.6456 val_auc=0.9472
[iter-train] ep=13 loss=0.8983 ce=0.8537 rrr=0.0045 val_acc=0.6807 val_auc=0.9502
[iter-train] ep=14 loss=0.8902 ce=0.8444 rrr=0.0046 val_acc=0.6746 val_auc=0.9491
[iter-train] ep=15 loss=0.8815 ce=0.8369 rrr=0.0045 val_acc=0.6653 val_auc=0.9490
[iter-train] ep=16 loss=0.8677 ce=0.8229 rrr=0.0045 val_acc=0.6829 val_auc=0.9505
[iter-train] ep=17 loss=0.8600 ce=0.8152 rrr=0.0045 val_acc=0.6930 val_auc=0.9523
[iter-train] ep=18 loss=0.8502 ce=0.8043 rrr=0.0046 val_acc=0.6911 val_auc=0.9527
[iter-train] ep=19 loss=0.8404 ce=0.7943 rrr=0.0046 val_acc=0.6903 val_auc=0.9523
[iter-train] ep=20 loss=0.8289 ce=0.7829 rrr=0.0046 val_acc=0.6883 val_auc=0.9521
[iter-train] ep=21 loss=0.8211 ce=0.7737 rrr=0.0047 val_acc=0.6922 val_auc=0.9529
[iter-train] ep=22 loss=0.8104 ce=0.7622 rrr=0.0048 val_acc=0.6829 val_auc=0.9513
[iter-train] ep=23 loss=0.7991 ce=0.7520 rrr=0.0047 val_acc=0.6966 val_auc=0.9531
[iter-train] ep=24 loss=0.7907 ce=0.7430 rrr=0.0048 val_acc=0.6902 val_auc=0.9522
[iter-train] ep=25 loss=0.7816 ce=0.7330 rrr=0.0049 val_acc=0.6918 val_auc=0.9523
[iter-train] ep=26 loss=0.7765 ce=0.7287 rrr=0.0048 val_acc=0.6928 val_auc=0.9528
[iter-train] ep=27 loss=0.7688 ce=0.7214 rrr=0.0047 val_acc=0.6911 val_auc=0.9523
[iter-train] ep=28 loss=0.7673 ce=0.7188 rrr=0.0049 val_acc=0.6909 val_auc=0.9525
[iter-train] ep=29 loss=0.7623 ce=0.7151 rrr=0.0047 val_acc=0.6921 val_auc=0.9525
[iter-train] ep=30 loss=0.7600 ce=0.7119 rrr=0.0048 val_acc=0.6921 val_auc=0.9526
[iter] done 3: test_acc=0.6918, test_auc=0.9526, aspen_strong3=0.6784
========================================================================
[iter] 4/5
[iter] seed=4052
[iter] computing full-dataset attributions source=integrated_gradients
[iter-train] ep=1 loss=1.2871 ce=1.2547 rrr=0.0032 val_acc=0.6236 val_auc=0.9303
[iter-train] ep=2 loss=1.1116 ce=1.0707 rrr=0.0041 val_acc=0.6325 val_auc=0.9350
[iter-train] ep=3 loss=1.0686 ce=1.0263 rrr=0.0042 val_acc=0.6427 val_auc=0.9379
[iter-train] ep=4 loss=1.0258 ce=0.9827 rrr=0.0043 val_acc=0.6519 val_auc=0.9400
[iter-train] ep=5 loss=1.0001 ce=0.9569 rrr=0.0043 val_acc=0.6559 val_auc=0.9430
[iter-train] ep=6 loss=0.9797 ce=0.9364 rrr=0.0043 val_acc=0.6414 val_auc=0.9401
[iter-train] ep=7 loss=0.9660 ce=0.9227 rrr=0.0043 val_acc=0.6745 val_auc=0.9475
[iter-train] ep=8 loss=0.9542 ce=0.9107 rrr=0.0044 val_acc=0.6736 val_auc=0.9464
[iter-train] ep=9 loss=0.9403 ce=0.8968 rrr=0.0043 val_acc=0.6842 val_auc=0.9497
[iter-train] ep=10 loss=0.9287 ce=0.8848 rrr=0.0044 val_acc=0.6813 val_auc=0.9496
[iter-train] ep=11 loss=0.9185 ce=0.8749 rrr=0.0044 val_acc=0.6934 val_auc=0.9509
[iter-train] ep=12 loss=0.9073 ce=0.8638 rrr=0.0044 val_acc=0.6794 val_auc=0.9496
[iter-train] ep=13 loss=0.8972 ce=0.8530 rrr=0.0044 val_acc=0.6838 val_auc=0.9499
[iter-train] ep=14 loss=0.8867 ce=0.8426 rrr=0.0044 val_acc=0.6857 val_auc=0.9502
[iter-train] ep=15 loss=0.8801 ce=0.8349 rrr=0.0045 val_acc=0.6856 val_auc=0.9516
[iter-train] ep=16 loss=0.8676 ce=0.8236 rrr=0.0044 val_acc=0.6849 val_auc=0.9510
[iter-train] ep=17 loss=0.8570 ce=0.8124 rrr=0.0045 val_acc=0.6962 val_auc=0.9524
[iter-train] ep=18 loss=0.8473 ce=0.8016 rrr=0.0046 val_acc=0.6853 val_auc=0.9505
[iter-train] ep=19 loss=0.8347 ce=0.7902 rrr=0.0044 val_acc=0.6903 val_auc=0.9524
[iter-train] ep=20 loss=0.8250 ce=0.7791 rrr=0.0046 val_acc=0.6914 val_auc=0.9526
[iter-train] ep=21 loss=0.8147 ce=0.7687 rrr=0.0046 val_acc=0.6951 val_auc=0.9535
[iter-train] ep=22 loss=0.8050 ce=0.7584 rrr=0.0047 val_acc=0.6949 val_auc=0.9529
[iter-train] ep=23 loss=0.7983 ce=0.7487 rrr=0.0050 val_acc=0.6939 val_auc=0.9528
[iter-train] ep=24 loss=0.7847 ce=0.7377 rrr=0.0047 val_acc=0.6912 val_auc=0.9523
[iter-train] ep=25 loss=0.7778 ce=0.7297 rrr=0.0048 val_acc=0.6964 val_auc=0.9531
[iter-train] ep=26 loss=0.7686 ce=0.7219 rrr=0.0047 val_acc=0.6916 val_auc=0.9524
[iter-train] ep=27 loss=0.7630 ce=0.7151 rrr=0.0048 val_acc=0.6936 val_auc=0.9526
[iter-train] ep=28 loss=0.7596 ce=0.7111 rrr=0.0048 val_acc=0.6939 val_auc=0.9527
[iter-train] ep=29 loss=0.7557 ce=0.7078 rrr=0.0048 val_acc=0.6946 val_auc=0.9528
[iter-train] ep=30 loss=0.7542 ce=0.7061 rrr=0.0048 val_acc=0.6928 val_auc=0.9526
[iter] done 4: test_acc=0.6920, test_auc=0.9526, aspen_strong3=0.7367
========================================================================
[iter] 5/5
[iter] seed=5052
[iter] computing full-dataset attributions source=integrated_gradients
[iter-train] ep=1 loss=1.2712 ce=1.2396 rrr=0.0032 val_acc=0.6242 val_auc=0.9313
[iter-train] ep=2 loss=1.1036 ce=1.0629 rrr=0.0041 val_acc=0.6463 val_auc=0.9376
[iter-train] ep=3 loss=1.0645 ce=1.0230 rrr=0.0041 val_acc=0.6072 val_auc=0.9312
[iter-train] ep=4 loss=1.0214 ce=0.9791 rrr=0.0042 val_acc=0.6454 val_auc=0.9406
[iter-train] ep=5 loss=0.9987 ce=0.9564 rrr=0.0042 val_acc=0.6639 val_auc=0.9442
[iter-train] ep=6 loss=0.9799 ce=0.9369 rrr=0.0043 val_acc=0.6642 val_auc=0.9448
[iter-train] ep=7 loss=0.9666 ce=0.9231 rrr=0.0043 val_acc=0.6744 val_auc=0.9460
[iter-train] ep=8 loss=0.9529 ce=0.9097 rrr=0.0043 val_acc=0.6757 val_auc=0.9480
[iter-train] ep=9 loss=0.9423 ce=0.8984 rrr=0.0044 val_acc=0.6696 val_auc=0.9478
[iter-train] ep=10 loss=0.9318 ce=0.8875 rrr=0.0044 val_acc=0.6764 val_auc=0.9472
[iter-train] ep=11 loss=0.9201 ce=0.8768 rrr=0.0043 val_acc=0.6860 val_auc=0.9500
[iter-train] ep=12 loss=0.9094 ce=0.8661 rrr=0.0043 val_acc=0.6797 val_auc=0.9496
[iter-train] ep=13 loss=0.8993 ce=0.8557 rrr=0.0044 val_acc=0.6875 val_auc=0.9511
[iter-train] ep=14 loss=0.8897 ce=0.8454 rrr=0.0044 val_acc=0.6931 val_auc=0.9510
[iter-train] ep=15 loss=0.8808 ce=0.8350 rrr=0.0046 val_acc=0.6948 val_auc=0.9515
[iter-train] ep=16 loss=0.8692 ce=0.8247 rrr=0.0044 val_acc=0.6874 val_auc=0.9516
[iter-train] ep=17 loss=0.8594 ce=0.8149 rrr=0.0044 val_acc=0.6856 val_auc=0.9513
[iter-train] ep=18 loss=0.8499 ce=0.8050 rrr=0.0045 val_acc=0.6922 val_auc=0.9524
[iter-train] ep=19 loss=0.8399 ce=0.7926 rrr=0.0047 val_acc=0.6879 val_auc=0.9522
[iter-train] ep=20 loss=0.8288 ce=0.7815 rrr=0.0047 val_acc=0.6990 val_auc=0.9534
[iter-train] ep=21 loss=0.8188 ce=0.7708 rrr=0.0048 val_acc=0.6939 val_auc=0.9529
[iter-train] ep=22 loss=0.8070 ce=0.7600 rrr=0.0047 val_acc=0.6986 val_auc=0.9539
[iter-train] ep=23 loss=0.7973 ce=0.7500 rrr=0.0047 val_acc=0.6929 val_auc=0.9530
[iter-train] ep=24 loss=0.7869 ce=0.7397 rrr=0.0047 val_acc=0.6933 val_auc=0.9529
[iter-train] ep=25 loss=0.7800 ce=0.7322 rrr=0.0048 val_acc=0.6936 val_auc=0.9529
[iter-train] ep=26 loss=0.7723 ce=0.7235 rrr=0.0049 val_acc=0.6948 val_auc=0.9529
[iter-train] ep=27 loss=0.7672 ce=0.7187 rrr=0.0049 val_acc=0.6917 val_auc=0.9524
[iter-train] ep=28 loss=0.7620 ce=0.7140 rrr=0.0048 val_acc=0.6933 val_auc=0.9527
[iter-train] ep=29 loss=0.7578 ce=0.7100 rrr=0.0048 val_acc=0.6951 val_auc=0.9529
[iter-train] ep=30 loss=0.7572 ce=0.7094 rrr=0.0048 val_acc=0.6951 val_auc=0.9528
[iter] done 5: test_acc=0.6953, test_auc=0.9527, aspen_strong3=0.6443
[done] outputs:
  /home/ryreu/atlas/CompPhys_FinalProject/restart_studies/results/rrr_findanother_seed52_integrated_gradients_lam10_mask0p20/config.json
  /home/ryreu/atlas/CompPhys_FinalProject/restart_studies/results/rrr_findanother_seed52_integrated_gradients_lam10_mask0p20/iteration_summary.csv
  /home/ryreu/atlas/CompPhys_FinalProject/restart_studies/results/rrr_findanother_seed52_integrated_gradients_lam10_mask0p20/summary.json
  /home/ryreu/atlas/CompPhys_FinalProject/restart_studies/results/rrr_findanother_seed52_integrated_gradients_lam10_mask0p20/iter_01/jetclass_test_metrics.json
  /home/ryreu/atlas/CompPhys_FinalProject/restart_studies/results/rrr_findanother_seed52_integrated_gradients_lam10_mask0p20/iter_01/aspen_shift_metrics.json
  /home/ryreu/atlas/CompPhys_FinalProject/restart_studies/results/rrr_findanother_seed52_integrated_gradients_lam10_mask0p20/iter_02/jetclass_test_metrics.json
  /home/ryreu/atlas/CompPhys_FinalProject/restart_studies/results/rrr_findanother_seed52_integrated_gradients_lam10_mask0p20/iter_02/aspen_shift_metrics.json
  /home/ryreu/atlas/CompPhys_FinalProject/restart_studies/results/rrr_findanother_seed52_integrated_gradients_lam10_mask0p20/iter_03/jetclass_test_metrics.json
  /home/ryreu/atlas/CompPhys_FinalProject/restart_studies/results/rrr_findanother_seed52_integrated_gradients_lam10_mask0p20/iter_03/aspen_shift_metrics.json
  /home/ryreu/atlas/CompPhys_FinalProject/restart_studies/results/rrr_findanother_seed52_integrated_gradients_lam10_mask0p20/iter_04/jetclass_test_metrics.json
  /home/ryreu/atlas/CompPhys_FinalProject/restart_studies/results/rrr_findanother_seed52_integrated_gradients_lam10_mask0p20/iter_04/aspen_shift_metrics.json
  /home/ryreu/atlas/CompPhys_FinalProject/restart_studies/results/rrr_findanother_seed52_integrated_gradients_lam10_mask0p20/iter_05/jetclass_test_metrics.json
  /home/ryreu/atlas/CompPhys_FinalProject/restart_studies/results/rrr_findanother_seed52_integrated_gradients_lam10_mask0p20/iter_05/aspen_shift_metrics.json
[done] outputs:
  /home/ryreu/atlas/CompPhys_FinalProject/restart_studies/results/rrr_findanother_seed52_integrated_gradients_lam10_mask0p20/config.json
  /home/ryreu/atlas/CompPhys_FinalProject/restart_studies/results/rrr_findanother_seed52_integrated_gradients_lam10_mask0p20/iteration_summary.csv
  /home/ryreu/atlas/CompPhys_FinalProject/restart_studies/results/rrr_findanother_seed52_integrated_gradients_lam10_mask0p20/summary.json
