============================================================
RRR Find-Another Sweep (16-config array)
Array Job: 21209305
Task ID: 8 / 15
A_SOURCE: smoothgrad
Lambda: 100
Mask frac: 0.05
Run name: rrr_findanother_seed52_smoothgrad_lam100_mask0p05
Delegating to: /home/ryreu/atlas/CompPhys_FinalProject/restart_studies/sbatch_train_rrr_find_another_single.sh
============================================================
[preflight] WORKDIR=/home/ryreu/atlas/CompPhys_FinalProject
[preflight] PROJECT_ROOT=/home/ryreu/atlas/CompPhys_FinalProject
[preflight] SCRIPT=/home/ryreu/atlas/CompPhys_FinalProject/restart_studies/train_rrr_find_another_single.py
[preflight] RUN_NAME=rrr_findanother_seed52_smoothgrad_lam100_mask0p05
[preflight] A_SOURCE=smoothgrad
[preflight] LAMBDA_RRR=100
[preflight] MASK_FRAC=0.05
[preflight] DATA_DIR=/home/ryreu/atlas/PracticeTagging/data/jetclass_part0
[preflight] ASPEN_DIR=/home/ryreu/atlas/CompPhys_Final/data/AspenOpenJets
[preflight] python: /home/ryreu/miniconda3/envs/atlas_kd/bin/python3
[preflight] module check OK
============================================================
RRR Find-Another Training (Single Config)
Job ID: 21240047
Node: skl-a-51
Output: /home/ryreu/atlas/CompPhys_FinalProject/restart_studies/results/rrr_findanother_seed52_smoothgrad_lam100_mask0p05
============================================================
 python3 -u /home/ryreu/atlas/CompPhys_FinalProject/restart_studies/train_rrr_find_another_single.py --data_dir /home/ryreu/atlas/PracticeTagging/data/jetclass_part0 --aspen_data_dir /home/ryreu/atlas/CompPhys_Final/data/AspenOpenJets --aspen_glob Run\*.h5 --aspen_n_jets 1000000 --aspen_chunk_jets 50000 --output_root /home/ryreu/atlas/CompPhys_FinalProject/restart_studies/results --run_name rrr_findanother_seed52_smoothgrad_lam100_mask0p05 --seed 52 --device cuda --num_workers 4 --feature_mode full --max_constits 128 --train_files_per_class 8 --val_files_per_class 1 --test_files_per_class 1 --n_train_jets 150000 --n_val_jets 50000 --n_test_jets 150000 --batch_size 512 --rrr_batch_size 128 --epochs 30 --lr 7e-4 --weight_decay 1e-5 --warmup_epochs 3 --embed_dim 128 --num_heads 8 --num_layers 6 --ff_dim 512 --dropout 0.1 --target_class HToBB --background_class ZJetsToNuNu --a_source smoothgrad --lambda_rrr 100 --mask_frac 0.05 --max_iterations 5 --attr_batch_size 128 --ig_steps 16 --smoothgrad_samples 16 --smoothgrad_sigma 0.10
[info] run_dir=/home/ryreu/atlas/CompPhys_FinalProject/restart_studies/results/rrr_findanother_seed52_smoothgrad_lam100_mask0p05
[info] device=cuda
[info] classes:
  - HToBB: 10 files
  - HToCC: 10 files
  - HToGG: 10 files
  - HToWW2Q1L: 10 files
  - HToWW4Q: 10 files
  - TTBar: 10 files
  - TTBarLep: 10 files
  - WToQQ: 10 files
  - ZJetsToNuNu: 10 files
  - ZToQQ: 10 files
[info] loading train/val/test splits
[info] loaded jets train=150000 val=50000 test=150000
[info] domain-prior mask coverage tokens=295956/5898045 features=2959560/100266765
========================================================================
[iter] 1/5
[iter] seed=1052
[iter-train] ep=1 loss=1.2741 ce=1.2485 rrr=0.0003 val_acc=0.6180 val_auc=0.9294
[iter-train] ep=2 loss=1.0767 ce=1.0577 rrr=0.0002 val_acc=0.5889 val_auc=0.9280
[iter-train] ep=3 loss=1.0258 ce=1.0117 rrr=0.0001 val_acc=0.6310 val_auc=0.9384
[iter-train] ep=4 loss=0.9753 ce=0.9647 rrr=0.0001 val_acc=0.6419 val_auc=0.9404
[iter-train] ep=5 loss=0.9446 ce=0.9361 rrr=0.0001 val_acc=0.6682 val_auc=0.9467
[iter-train] ep=6 loss=0.9227 ce=0.9156 rrr=0.0001 val_acc=0.6780 val_auc=0.9485
[iter-train] ep=7 loss=0.9062 ce=0.9000 rrr=0.0001 val_acc=0.6461 val_auc=0.9443
[iter-train] ep=8 loss=0.8942 ce=0.8885 rrr=0.0001 val_acc=0.6568 val_auc=0.9452
[iter-train] ep=9 loss=0.8798 ce=0.8746 rrr=0.0001 val_acc=0.6658 val_auc=0.9479
[iter-train] ep=10 loss=0.8704 ce=0.8655 rrr=0.0000 val_acc=0.6790 val_auc=0.9506
[iter-train] ep=11 loss=0.8599 ce=0.8553 rrr=0.0000 val_acc=0.6904 val_auc=0.9507
[iter-train] ep=12 loss=0.8488 ce=0.8439 rrr=0.0000 val_acc=0.6904 val_auc=0.9518
[iter-train] ep=13 loss=0.8393 ce=0.8350 rrr=0.0000 val_acc=0.6995 val_auc=0.9531
[iter-train] ep=14 loss=0.8273 ce=0.8230 rrr=0.0000 val_acc=0.6873 val_auc=0.9524
[iter-train] ep=15 loss=0.8147 ce=0.8105 rrr=0.0000 val_acc=0.6822 val_auc=0.9509
[iter-train] ep=16 loss=0.8051 ce=0.8010 rrr=0.0000 val_acc=0.6778 val_auc=0.9499
[iter-train] ep=17 loss=0.7952 ce=0.7903 rrr=0.0000 val_acc=0.6971 val_auc=0.9541
[iter-train] ep=18 loss=0.7829 ce=0.7788 rrr=0.0000 val_acc=0.6983 val_auc=0.9537
[iter-train] ep=19 loss=0.7710 ce=0.7670 rrr=0.0000 val_acc=0.6904 val_auc=0.9531
[iter-train] ep=20 loss=0.7616 ce=0.7576 rrr=0.0000 val_acc=0.7070 val_auc=0.9550
[iter-train] ep=21 loss=0.7499 ce=0.7449 rrr=0.0000 val_acc=0.6978 val_auc=0.9542
[iter-train] ep=22 loss=0.7377 ce=0.7336 rrr=0.0000 val_acc=0.6963 val_auc=0.9537
[iter-train] ep=23 loss=0.7282 ce=0.7241 rrr=0.0000 val_acc=0.6959 val_auc=0.9542
[iter-train] ep=24 loss=0.7155 ce=0.7114 rrr=0.0000 val_acc=0.7025 val_auc=0.9545
[iter-train] ep=25 loss=0.7083 ce=0.7040 rrr=0.0000 val_acc=0.6991 val_auc=0.9543
[iter-train] ep=26 loss=0.7020 ce=0.6977 rrr=0.0000 val_acc=0.6995 val_auc=0.9537
[iter-train] ep=27 loss=0.6930 ce=0.6887 rrr=0.0000 val_acc=0.7006 val_auc=0.9541
[iter-train] ep=28 loss=0.6886 ce=0.6842 rrr=0.0000 val_acc=0.6987 val_auc=0.9536
[iter-train] ep=29 loss=0.6861 ce=0.6814 rrr=0.0000 val_acc=0.7016 val_auc=0.9542
[iter-train] ep=30 loss=0.6850 ce=0.6806 rrr=0.0000 val_acc=0.7017 val_auc=0.9542
[iter] done 1: test_acc=0.7012, test_auc=0.9539, aspen_strong3=0.6296
========================================================================
[iter] 2/5
[iter] seed=2052
[iter] computing full-dataset attributions source=smoothgrad
[iter-train] ep=1 loss=1.4280 ce=1.3536 rrr=0.0007 val_acc=0.5620 val_auc=0.9152
[iter-train] ep=2 loss=1.2650 ce=1.1830 rrr=0.0008 val_acc=0.5803 val_auc=0.9188
[iter-train] ep=3 loss=1.2270 ce=1.1446 rrr=0.0008 val_acc=0.5854 val_auc=0.9211
[iter-train] ep=4 loss=1.1840 ce=1.1020 rrr=0.0008 val_acc=0.5963 val_auc=0.9263
[iter-train] ep=5 loss=1.1583 ce=1.0767 rrr=0.0008 val_acc=0.6172 val_auc=0.9309
[iter-train] ep=6 loss=1.1393 ce=1.0576 rrr=0.0008 val_acc=0.6147 val_auc=0.9294
[iter-train] ep=7 loss=1.1243 ce=1.0436 rrr=0.0008 val_acc=0.6249 val_auc=0.9341
[iter-train] ep=8 loss=1.1101 ce=1.0292 rrr=0.0008 val_acc=0.6382 val_auc=0.9357
[iter-train] ep=9 loss=1.0965 ce=1.0155 rrr=0.0008 val_acc=0.6432 val_auc=0.9376
[iter-train] ep=10 loss=1.0856 ce=1.0048 rrr=0.0008 val_acc=0.6367 val_auc=0.9365
[iter-train] ep=11 loss=1.0737 ce=0.9915 rrr=0.0008 val_acc=0.6423 val_auc=0.9375
[iter-train] ep=12 loss=1.0608 ce=0.9812 rrr=0.0008 val_acc=0.6462 val_auc=0.9396
[iter-train] ep=13 loss=1.0497 ce=0.9706 rrr=0.0008 val_acc=0.6537 val_auc=0.9410
[iter-train] ep=14 loss=1.0427 ce=0.9591 rrr=0.0008 val_acc=0.6541 val_auc=0.9411
[iter-train] ep=15 loss=1.0297 ce=0.9476 rrr=0.0008 val_acc=0.6591 val_auc=0.9425
[iter-train] ep=16 loss=1.0181 ce=0.9368 rrr=0.0008 val_acc=0.6583 val_auc=0.9426
[iter-train] ep=17 loss=1.0097 ce=0.9257 rrr=0.0008 val_acc=0.6582 val_auc=0.9429
[iter-train] ep=18 loss=0.9999 ce=0.9155 rrr=0.0008 val_acc=0.6595 val_auc=0.9432
[iter-train] ep=19 loss=0.9871 ce=0.9053 rrr=0.0008 val_acc=0.6625 val_auc=0.9439
[iter-train] ep=20 loss=0.9793 ce=0.8940 rrr=0.0009 val_acc=0.6652 val_auc=0.9446
[iter-train] ep=21 loss=0.9836 ce=0.8827 rrr=0.0010 val_acc=0.6632 val_auc=0.9449
[iter-train] ep=22 loss=0.9643 ce=0.8739 rrr=0.0009 val_acc=0.6604 val_auc=0.9450
[iter-train] ep=23 loss=0.9444 ce=0.8630 rrr=0.0008 val_acc=0.6672 val_auc=0.9458
[iter-train] ep=24 loss=0.9475 ce=0.8533 rrr=0.0009 val_acc=0.6645 val_auc=0.9452
[iter-train] ep=25 loss=0.9480 ce=0.8466 rrr=0.0010 val_acc=0.6669 val_auc=0.9462
[iter-train] ep=26 loss=0.9291 ce=0.8398 rrr=0.0009 val_acc=0.6691 val_auc=0.9463
[iter-train] ep=27 loss=0.9368 ce=0.8345 rrr=0.0010 val_acc=0.6683 val_auc=0.9465
[iter-train] ep=28 loss=0.9549 ce=0.8306 rrr=0.0012 val_acc=0.6687 val_auc=0.9463
[iter-train] ep=29 loss=0.9235 ce=0.8297 rrr=0.0009 val_acc=0.6687 val_auc=0.9464
[iter-train] ep=30 loss=0.9195 ce=0.8266 rrr=0.0009 val_acc=0.6691 val_auc=0.9464
[iter] done 2: test_acc=0.6714, test_auc=0.9467, aspen_strong3=0.6504
========================================================================
[iter] 3/5
[iter] seed=3052
[iter] computing full-dataset attributions source=smoothgrad
[iter-train] ep=1 loss=1.4253 ce=1.3395 rrr=0.0009 val_acc=0.6035 val_auc=0.9217
[iter-train] ep=2 loss=1.2688 ce=1.1713 rrr=0.0010 val_acc=0.6089 val_auc=0.9251
[iter-train] ep=3 loss=1.2318 ce=1.1331 rrr=0.0010 val_acc=0.6104 val_auc=0.9268
[iter-train] ep=4 loss=1.1944 ce=1.0953 rrr=0.0010 val_acc=0.6258 val_auc=0.9311
[iter-train] ep=5 loss=1.1711 ce=1.0713 rrr=0.0010 val_acc=0.6166 val_auc=0.9313
[iter-train] ep=6 loss=1.1533 ce=1.0535 rrr=0.0010 val_acc=0.6233 val_auc=0.9332
[iter-train] ep=7 loss=1.1386 ce=1.0387 rrr=0.0010 val_acc=0.6240 val_auc=0.9346
[iter-train] ep=8 loss=1.1282 ce=1.0240 rrr=0.0010 val_acc=0.6348 val_auc=0.9353
[iter-train] ep=9 loss=1.1179 ce=1.0126 rrr=0.0011 val_acc=0.6469 val_auc=0.9387
[iter-train] ep=10 loss=1.1220 ce=1.0007 rrr=0.0012 val_acc=0.6471 val_auc=0.9381
[iter-train] ep=11 loss=1.1059 ce=0.9888 rrr=0.0012 val_acc=0.6406 val_auc=0.9392
[iter-train] ep=12 loss=1.0936 ce=0.9798 rrr=0.0011 val_acc=0.6325 val_auc=0.9398
[iter-train] ep=13 loss=1.0849 ce=0.9703 rrr=0.0011 val_acc=0.6587 val_auc=0.9412
[iter-train] ep=14 loss=1.0789 ce=0.9599 rrr=0.0012 val_acc=0.6451 val_auc=0.9411
[iter-train] ep=15 loss=1.1140 ce=0.9500 rrr=0.0016 val_acc=0.6410 val_auc=0.9404
[iter-train] ep=16 loss=1.0583 ce=0.9412 rrr=0.0012 val_acc=0.6579 val_auc=0.9429
[iter-train] ep=17 loss=1.0623 ce=0.9312 rrr=0.0013 val_acc=0.6655 val_auc=0.9447
[iter-train] ep=18 loss=1.0742 ce=0.9210 rrr=0.0015 val_acc=0.6693 val_auc=0.9450
[iter-train] ep=19 loss=1.0619 ce=0.9116 rrr=0.0015 val_acc=0.6649 val_auc=0.9451
[iter-train] ep=20 loss=1.0758 ce=0.9024 rrr=0.0017 val_acc=0.6694 val_auc=0.9465
[iter-train] ep=21 loss=1.0884 ce=0.8943 rrr=0.0019 val_acc=0.6621 val_auc=0.9454
[iter-train] ep=22 loss=1.0223 ce=0.8830 rrr=0.0014 val_acc=0.6659 val_auc=0.9457
[iter-train] ep=23 loss=1.0313 ce=0.8742 rrr=0.0016 val_acc=0.6721 val_auc=0.9464
[iter-train] ep=24 loss=1.0540 ce=0.8670 rrr=0.0019 val_acc=0.6673 val_auc=0.9467
[iter-train] ep=25 loss=1.1148 ce=0.8596 rrr=0.0026 val_acc=0.6711 val_auc=0.9471
[iter-train] ep=26 loss=1.0512 ce=0.8547 rrr=0.0020 val_acc=0.6710 val_auc=0.9474
[iter-train] ep=27 loss=1.0423 ce=0.8484 rrr=0.0019 val_acc=0.6721 val_auc=0.9475
[iter-train] ep=28 loss=1.0082 ce=0.8445 rrr=0.0016 val_acc=0.6714 val_auc=0.9475
[iter-train] ep=29 loss=0.9746 ce=0.8430 rrr=0.0013 val_acc=0.6724 val_auc=0.9476
[iter-train] ep=30 loss=1.0175 ce=0.8410 rrr=0.0018 val_acc=0.6727 val_auc=0.9476
[iter] done 3: test_acc=0.6739, test_auc=0.9479, aspen_strong3=0.6870
========================================================================
[iter] 4/5
[iter] seed=4052
[iter] computing full-dataset attributions source=smoothgrad
[iter-train] ep=1 loss=1.4237 ce=1.3346 rrr=0.0009 val_acc=0.5703 val_auc=0.9175
[iter-train] ep=2 loss=1.2779 ce=1.1749 rrr=0.0010 val_acc=0.6032 val_auc=0.9247
[iter-train] ep=3 loss=1.2381 ce=1.1328 rrr=0.0011 val_acc=0.5799 val_auc=0.9202
[iter-train] ep=4 loss=1.2030 ce=1.0970 rrr=0.0011 val_acc=0.6073 val_auc=0.9265
[iter-train] ep=5 loss=1.1790 ce=1.0711 rrr=0.0011 val_acc=0.6236 val_auc=0.9320
[iter-train] ep=6 loss=1.1621 ce=1.0535 rrr=0.0011 val_acc=0.6176 val_auc=0.9305
[iter-train] ep=7 loss=1.1509 ce=1.0404 rrr=0.0011 val_acc=0.6354 val_auc=0.9374
[iter-train] ep=8 loss=1.1421 ce=1.0261 rrr=0.0012 val_acc=0.6431 val_auc=0.9373
[iter-train] ep=9 loss=1.1453 ce=1.0147 rrr=0.0013 val_acc=0.6310 val_auc=0.9359
[iter-train] ep=10 loss=1.1370 ce=1.0043 rrr=0.0013 val_acc=0.6380 val_auc=0.9385
[iter-train] ep=11 loss=1.1385 ce=0.9945 rrr=0.0014 val_acc=0.6581 val_auc=0.9400
[iter-train] ep=12 loss=1.1193 ce=0.9869 rrr=0.0013 val_acc=0.6488 val_auc=0.9397
[iter-train] ep=13 loss=1.1504 ce=0.9774 rrr=0.0017 val_acc=0.6500 val_auc=0.9404
[iter-train] ep=14 loss=1.1483 ce=0.9656 rrr=0.0018 val_acc=0.6487 val_auc=0.9398
[iter-train] ep=15 loss=1.1341 ce=0.9575 rrr=0.0018 val_acc=0.6515 val_auc=0.9414
[iter-train] ep=16 loss=1.2572 ce=0.9514 rrr=0.0031 val_acc=0.6558 val_auc=0.9417
[iter-train] ep=17 loss=1.1107 ce=0.9395 rrr=0.0017 val_acc=0.6535 val_auc=0.9422
[iter-train] ep=18 loss=1.1075 ce=0.9307 rrr=0.0018 val_acc=0.6598 val_auc=0.9433
[iter-train] ep=19 loss=1.0800 ce=0.9213 rrr=0.0016 val_acc=0.6652 val_auc=0.9443
[iter-train] ep=20 loss=1.1340 ce=0.9120 rrr=0.0022 val_acc=0.6671 val_auc=0.9459
[iter-train] ep=21 loss=1.1285 ce=0.9052 rrr=0.0022 val_acc=0.6713 val_auc=0.9461
[iter-train] ep=22 loss=1.1710 ce=0.8958 rrr=0.0028 val_acc=0.6658 val_auc=0.9457
[iter-train] ep=23 loss=1.1197 ce=0.8880 rrr=0.0023 val_acc=0.6694 val_auc=0.9459
[iter-train] ep=24 loss=1.1300 ce=0.8786 rrr=0.0025 val_acc=0.6729 val_auc=0.9469
[iter-train] ep=25 loss=1.1260 ce=0.8727 rrr=0.0025 val_acc=0.6706 val_auc=0.9468
[iter-train] ep=26 loss=1.1185 ce=0.8666 rrr=0.0025 val_acc=0.6717 val_auc=0.9471
[iter-train] ep=27 loss=1.1228 ce=0.8618 rrr=0.0026 val_acc=0.6700 val_auc=0.9472
[iter-train] ep=28 loss=1.0850 ce=0.8582 rrr=0.0023 val_acc=0.6725 val_auc=0.9472
[iter-train] ep=29 loss=1.1364 ce=0.8557 rrr=0.0028 val_acc=0.6739 val_auc=0.9476
[iter-train] ep=30 loss=1.1257 ce=0.8536 rrr=0.0027 val_acc=0.6725 val_auc=0.9475
[iter] done 4: test_acc=0.6723, test_auc=0.9477, aspen_strong3=0.6194
========================================================================
[iter] 5/5
[iter] seed=5052
[iter] computing full-dataset attributions source=smoothgrad
[iter-train] ep=1 loss=1.4170 ce=1.3276 rrr=0.0009 val_acc=0.5951 val_auc=0.9222
[iter-train] ep=2 loss=1.2747 ce=1.1701 rrr=0.0010 val_acc=0.6083 val_auc=0.9244
[iter-train] ep=3 loss=1.2382 ce=1.1302 rrr=0.0011 val_acc=0.6091 val_auc=0.9261
[iter-train] ep=4 loss=1.2039 ce=1.0945 rrr=0.0011 val_acc=0.6138 val_auc=0.9321
[iter-train] ep=5 loss=1.1813 ce=1.0706 rrr=0.0011 val_acc=0.6389 val_auc=0.9344
[iter-train] ep=6 loss=1.1673 ce=1.0545 rrr=0.0011 val_acc=0.6340 val_auc=0.9359
[iter-train] ep=7 loss=1.1585 ce=1.0402 rrr=0.0012 val_acc=0.6393 val_auc=0.9362
[iter-train] ep=8 loss=1.1600 ce=1.0275 rrr=0.0013 val_acc=0.6473 val_auc=0.9399
[iter-train] ep=9 loss=1.1459 ce=1.0179 rrr=0.0013 val_acc=0.6211 val_auc=0.9353
[iter-train] ep=10 loss=1.1643 ce=1.0084 rrr=0.0016 val_acc=0.6514 val_auc=0.9400
[iter-train] ep=11 loss=1.1643 ce=0.9989 rrr=0.0017 val_acc=0.6551 val_auc=0.9404
[iter-train] ep=12 loss=1.1397 ce=0.9899 rrr=0.0015 val_acc=0.6450 val_auc=0.9397
[iter-train] ep=13 loss=1.2211 ce=0.9804 rrr=0.0024 val_acc=0.6575 val_auc=0.9414
[iter-train] ep=14 loss=1.2046 ce=0.9718 rrr=0.0023 val_acc=0.6546 val_auc=0.9405
[iter-train] ep=15 loss=1.1981 ce=0.9632 rrr=0.0023 val_acc=0.6569 val_auc=0.9423
[iter-train] ep=16 loss=1.1628 ce=0.9545 rrr=0.0021 val_acc=0.6604 val_auc=0.9424
[iter-train] ep=17 loss=1.1974 ce=0.9453 rrr=0.0025 val_acc=0.6568 val_auc=0.9445
[iter-train] ep=18 loss=1.2035 ce=0.9358 rrr=0.0027 val_acc=0.6697 val_auc=0.9447
[iter-train] ep=19 loss=1.1464 ce=0.9267 rrr=0.0022 val_acc=0.6692 val_auc=0.9458
[iter-train] ep=20 loss=1.1478 ce=0.9170 rrr=0.0023 val_acc=0.6647 val_auc=0.9451
[iter-train] ep=21 loss=1.1968 ce=0.9091 rrr=0.0029 val_acc=0.6653 val_auc=0.9453
[iter-train] ep=22 loss=1.2159 ce=0.8997 rrr=0.0032 val_acc=0.6689 val_auc=0.9463
[iter-train] ep=23 loss=1.2201 ce=0.8925 rrr=0.0033 val_acc=0.6727 val_auc=0.9468
[iter-train] ep=24 loss=1.1449 ce=0.8848 rrr=0.0026 val_acc=0.6711 val_auc=0.9462
[iter-train] ep=25 loss=1.0979 ce=0.8788 rrr=0.0022 val_acc=0.6692 val_auc=0.9465
[iter-train] ep=26 loss=1.1853 ce=0.8729 rrr=0.0031 val_acc=0.6691 val_auc=0.9469
[iter-train] ep=27 loss=1.1256 ce=0.8674 rrr=0.0026 val_acc=0.6694 val_auc=0.9466
[iter-train] ep=28 loss=1.1361 ce=0.8641 rrr=0.0027 val_acc=0.6691 val_auc=0.9467
[iter-train] ep=29 loss=1.1464 ce=0.8629 rrr=0.0028 val_acc=0.6713 val_auc=0.9471
[iter-train] ep=30 loss=1.1161 ce=0.8601 rrr=0.0026 val_acc=0.6720 val_auc=0.9472
[iter] done 5: test_acc=0.6727, test_auc=0.9475, aspen_strong3=0.6571
[done] outputs:
  /home/ryreu/atlas/CompPhys_FinalProject/restart_studies/results/rrr_findanother_seed52_smoothgrad_lam100_mask0p05/config.json
  /home/ryreu/atlas/CompPhys_FinalProject/restart_studies/results/rrr_findanother_seed52_smoothgrad_lam100_mask0p05/iteration_summary.csv
  /home/ryreu/atlas/CompPhys_FinalProject/restart_studies/results/rrr_findanother_seed52_smoothgrad_lam100_mask0p05/summary.json
  /home/ryreu/atlas/CompPhys_FinalProject/restart_studies/results/rrr_findanother_seed52_smoothgrad_lam100_mask0p05/iter_01/jetclass_test_metrics.json
  /home/ryreu/atlas/CompPhys_FinalProject/restart_studies/results/rrr_findanother_seed52_smoothgrad_lam100_mask0p05/iter_01/aspen_shift_metrics.json
  /home/ryreu/atlas/CompPhys_FinalProject/restart_studies/results/rrr_findanother_seed52_smoothgrad_lam100_mask0p05/iter_02/jetclass_test_metrics.json
  /home/ryreu/atlas/CompPhys_FinalProject/restart_studies/results/rrr_findanother_seed52_smoothgrad_lam100_mask0p05/iter_02/aspen_shift_metrics.json
  /home/ryreu/atlas/CompPhys_FinalProject/restart_studies/results/rrr_findanother_seed52_smoothgrad_lam100_mask0p05/iter_03/jetclass_test_metrics.json
  /home/ryreu/atlas/CompPhys_FinalProject/restart_studies/results/rrr_findanother_seed52_smoothgrad_lam100_mask0p05/iter_03/aspen_shift_metrics.json
  /home/ryreu/atlas/CompPhys_FinalProject/restart_studies/results/rrr_findanother_seed52_smoothgrad_lam100_mask0p05/iter_04/jetclass_test_metrics.json
  /home/ryreu/atlas/CompPhys_FinalProject/restart_studies/results/rrr_findanother_seed52_smoothgrad_lam100_mask0p05/iter_04/aspen_shift_metrics.json
  /home/ryreu/atlas/CompPhys_FinalProject/restart_studies/results/rrr_findanother_seed52_smoothgrad_lam100_mask0p05/iter_05/jetclass_test_metrics.json
  /home/ryreu/atlas/CompPhys_FinalProject/restart_studies/results/rrr_findanother_seed52_smoothgrad_lam100_mask0p05/iter_05/aspen_shift_metrics.json
[done] outputs:
  /home/ryreu/atlas/CompPhys_FinalProject/restart_studies/results/rrr_findanother_seed52_smoothgrad_lam100_mask0p05/config.json
  /home/ryreu/atlas/CompPhys_FinalProject/restart_studies/results/rrr_findanother_seed52_smoothgrad_lam100_mask0p05/iteration_summary.csv
  /home/ryreu/atlas/CompPhys_FinalProject/restart_studies/results/rrr_findanother_seed52_smoothgrad_lam100_mask0p05/summary.json
