============================================================
RRR Find-Another Sweep (16-config array)
Array Job: 21209304
Task ID: 11 / 15
A_SOURCE: integrated_gradients
Lambda: 100
Mask frac: 0.30
Run name: rrr_findanother_seed52_integrated_gradients_lam100_mask0p30
Delegating to: /home/ryreu/atlas/CompPhys_FinalProject/restart_studies/sbatch_train_rrr_find_another_single.sh
============================================================
[preflight] WORKDIR=/home/ryreu/atlas/CompPhys_FinalProject
[preflight] PROJECT_ROOT=/home/ryreu/atlas/CompPhys_FinalProject
[preflight] SCRIPT=/home/ryreu/atlas/CompPhys_FinalProject/restart_studies/train_rrr_find_another_single.py
[preflight] RUN_NAME=rrr_findanother_seed52_integrated_gradients_lam100_mask0p30
[preflight] A_SOURCE=integrated_gradients
[preflight] LAMBDA_RRR=100
[preflight] MASK_FRAC=0.30
[preflight] DATA_DIR=/home/ryreu/atlas/PracticeTagging/data/jetclass_part0
[preflight] ASPEN_DIR=/home/ryreu/atlas/CompPhys_Final/data/AspenOpenJets
[preflight] python: /home/ryreu/miniconda3/envs/atlas_kd/bin/python3
[preflight] module check OK
============================================================
RRR Find-Another Training (Single Config)
Job ID: 21240643
Node: skl-a-36
Output: /home/ryreu/atlas/CompPhys_FinalProject/restart_studies/results/rrr_findanother_seed52_integrated_gradients_lam100_mask0p30
============================================================
 python3 -u /home/ryreu/atlas/CompPhys_FinalProject/restart_studies/train_rrr_find_another_single.py --data_dir /home/ryreu/atlas/PracticeTagging/data/jetclass_part0 --aspen_data_dir /home/ryreu/atlas/CompPhys_Final/data/AspenOpenJets --aspen_glob Run\*.h5 --aspen_n_jets 1000000 --aspen_chunk_jets 50000 --output_root /home/ryreu/atlas/CompPhys_FinalProject/restart_studies/results --run_name rrr_findanother_seed52_integrated_gradients_lam100_mask0p30 --seed 52 --device cuda --num_workers 4 --feature_mode full --max_constits 128 --train_files_per_class 8 --val_files_per_class 1 --test_files_per_class 1 --n_train_jets 150000 --n_val_jets 50000 --n_test_jets 150000 --batch_size 512 --rrr_batch_size 128 --epochs 30 --lr 7e-4 --weight_decay 1e-5 --warmup_epochs 3 --embed_dim 128 --num_heads 8 --num_layers 6 --ff_dim 512 --dropout 0.1 --target_class HToBB --background_class ZJetsToNuNu --a_source integrated_gradients --lambda_rrr 100 --mask_frac 0.30 --max_iterations 5 --attr_batch_size 128 --ig_steps 16 --smoothgrad_samples 16 --smoothgrad_sigma 0.10
[info] run_dir=/home/ryreu/atlas/CompPhys_FinalProject/restart_studies/results/rrr_findanother_seed52_integrated_gradients_lam100_mask0p30
[info] device=cuda
[info] classes:
  - HToBB: 10 files
  - HToCC: 10 files
  - HToGG: 10 files
  - HToWW2Q1L: 10 files
  - HToWW4Q: 10 files
  - TTBar: 10 files
  - TTBarLep: 10 files
  - WToQQ: 10 files
  - ZJetsToNuNu: 10 files
  - ZToQQ: 10 files
[info] loading train/val/test splits
[info] loaded jets train=150000 val=50000 test=150000
[info] domain-prior mask coverage tokens=1769358/5898045 features=17693580/100266765
========================================================================
[iter] 1/5
[iter] seed=1052
[iter-train] ep=1 loss=1.2735 ce=1.2457 rrr=0.0003 val_acc=0.6025 val_auc=0.9274
[iter-train] ep=2 loss=1.0637 ce=1.0443 rrr=0.0002 val_acc=0.5887 val_auc=0.9272
[iter-train] ep=3 loss=1.0148 ce=1.0012 rrr=0.0001 val_acc=0.6306 val_auc=0.9387
[iter-train] ep=4 loss=0.9688 ce=0.9592 rrr=0.0001 val_acc=0.6306 val_auc=0.9368
[iter-train] ep=5 loss=0.9419 ce=0.9339 rrr=0.0001 val_acc=0.6688 val_auc=0.9462
[iter-train] ep=6 loss=0.9215 ce=0.9151 rrr=0.0001 val_acc=0.6781 val_auc=0.9486
[iter-train] ep=7 loss=0.9073 ce=0.9014 rrr=0.0001 val_acc=0.6436 val_auc=0.9447
[iter-train] ep=8 loss=0.8948 ce=0.8894 rrr=0.0001 val_acc=0.6462 val_auc=0.9430
[iter-train] ep=9 loss=0.8820 ce=0.8770 rrr=0.0000 val_acc=0.6694 val_auc=0.9473
[iter-train] ep=10 loss=0.8710 ce=0.8663 rrr=0.0000 val_acc=0.6703 val_auc=0.9488
[iter-train] ep=11 loss=0.8612 ce=0.8565 rrr=0.0000 val_acc=0.6919 val_auc=0.9508
[iter-train] ep=12 loss=0.8514 ce=0.8469 rrr=0.0000 val_acc=0.6889 val_auc=0.9513
[iter-train] ep=13 loss=0.8415 ce=0.8372 rrr=0.0000 val_acc=0.7014 val_auc=0.9530
[iter-train] ep=14 loss=0.8298 ce=0.8256 rrr=0.0000 val_acc=0.6869 val_auc=0.9512
[iter-train] ep=15 loss=0.8171 ce=0.8129 rrr=0.0000 val_acc=0.6801 val_auc=0.9506
[iter-train] ep=16 loss=0.8080 ce=0.8037 rrr=0.0000 val_acc=0.6664 val_auc=0.9479
[iter-train] ep=17 loss=0.7984 ce=0.7942 rrr=0.0000 val_acc=0.6946 val_auc=0.9536
[iter-train] ep=18 loss=0.7870 ce=0.7830 rrr=0.0000 val_acc=0.7021 val_auc=0.9542
[iter-train] ep=19 loss=0.7758 ce=0.7717 rrr=0.0000 val_acc=0.6947 val_auc=0.9533
[iter-train] ep=20 loss=0.7663 ce=0.7621 rrr=0.0000 val_acc=0.7054 val_auc=0.9549
[iter-train] ep=21 loss=0.7541 ce=0.7497 rrr=0.0000 val_acc=0.6873 val_auc=0.9518
[iter-train] ep=22 loss=0.7437 ce=0.7393 rrr=0.0000 val_acc=0.6868 val_auc=0.9521
[iter-train] ep=23 loss=0.7337 ce=0.7292 rrr=0.0000 val_acc=0.6942 val_auc=0.9535
[iter-train] ep=24 loss=0.7236 ce=0.7190 rrr=0.0000 val_acc=0.6973 val_auc=0.9534
[iter-train] ep=25 loss=0.7156 ce=0.7108 rrr=0.0000 val_acc=0.6888 val_auc=0.9522
[iter-train] ep=26 loss=0.7089 ce=0.7040 rrr=0.0000 val_acc=0.6937 val_auc=0.9526
[iter-train] ep=27 loss=0.7009 ce=0.6961 rrr=0.0000 val_acc=0.6937 val_auc=0.9528
[iter-train] ep=28 loss=0.6972 ce=0.6922 rrr=0.0000 val_acc=0.6935 val_auc=0.9524
[iter-train] ep=29 loss=0.6941 ce=0.6892 rrr=0.0000 val_acc=0.6969 val_auc=0.9530
[iter-train] ep=30 loss=0.6934 ce=0.6884 rrr=0.0001 val_acc=0.6967 val_auc=0.9530
[iter] done 1: test_acc=0.6982, test_auc=0.9534, aspen_strong3=0.5663
========================================================================
[iter] 2/5
[iter] seed=2052
[iter] computing full-dataset attributions source=integrated_gradients
[iter-train] ep=1 loss=1.3988 ce=1.3207 rrr=0.0008 val_acc=0.5850 val_auc=0.9218
[iter-train] ep=2 loss=1.2272 ce=1.1375 rrr=0.0009 val_acc=0.5893 val_auc=0.9239
[iter-train] ep=3 loss=1.1850 ce=1.0945 rrr=0.0009 val_acc=0.6059 val_auc=0.9281
[iter-train] ep=4 loss=1.1470 ce=1.0556 rrr=0.0009 val_acc=0.6255 val_auc=0.9339
[iter-train] ep=5 loss=1.1213 ce=1.0298 rrr=0.0009 val_acc=0.6396 val_auc=0.9380
[iter-train] ep=6 loss=1.1045 ce=1.0125 rrr=0.0009 val_acc=0.6387 val_auc=0.9373
[iter-train] ep=7 loss=1.0911 ce=0.9988 rrr=0.0009 val_acc=0.6402 val_auc=0.9382
[iter-train] ep=8 loss=1.0779 ce=0.9858 rrr=0.0009 val_acc=0.6498 val_auc=0.9396
[iter-train] ep=9 loss=1.0700 ce=0.9757 rrr=0.0009 val_acc=0.6597 val_auc=0.9421
[iter-train] ep=10 loss=1.0618 ce=0.9663 rrr=0.0010 val_acc=0.6600 val_auc=0.9417
[iter-train] ep=11 loss=1.0496 ce=0.9538 rrr=0.0010 val_acc=0.6538 val_auc=0.9415
[iter-train] ep=12 loss=1.0414 ce=0.9448 rrr=0.0010 val_acc=0.6603 val_auc=0.9440
[iter-train] ep=13 loss=1.0360 ce=0.9370 rrr=0.0010 val_acc=0.6618 val_auc=0.9449
[iter-train] ep=14 loss=1.0364 ce=0.9255 rrr=0.0011 val_acc=0.6576 val_auc=0.9437
[iter-train] ep=15 loss=1.0385 ce=0.9174 rrr=0.0012 val_acc=0.6674 val_auc=0.9461
[iter-train] ep=16 loss=1.0551 ce=0.9082 rrr=0.0015 val_acc=0.6696 val_auc=0.9455
[iter-train] ep=17 loss=1.0302 ce=0.8979 rrr=0.0013 val_acc=0.6634 val_auc=0.9451
[iter-train] ep=18 loss=1.0226 ce=0.8876 rrr=0.0013 val_acc=0.6648 val_auc=0.9459
[iter-train] ep=19 loss=1.0241 ce=0.8797 rrr=0.0014 val_acc=0.6706 val_auc=0.9462
[iter-train] ep=20 loss=1.0355 ce=0.8698 rrr=0.0017 val_acc=0.6717 val_auc=0.9478
[iter-train] ep=21 loss=0.9840 ce=0.8605 rrr=0.0012 val_acc=0.6687 val_auc=0.9470
[iter-train] ep=22 loss=1.0395 ce=0.8518 rrr=0.0019 val_acc=0.6714 val_auc=0.9475
[iter-train] ep=23 loss=0.9740 ce=0.8447 rrr=0.0013 val_acc=0.6731 val_auc=0.9478
[iter-train] ep=24 loss=1.0333 ce=0.8363 rrr=0.0020 val_acc=0.6689 val_auc=0.9473
[iter-train] ep=25 loss=0.9852 ce=0.8283 rrr=0.0016 val_acc=0.6717 val_auc=0.9482
[iter-train] ep=26 loss=1.0624 ce=0.8223 rrr=0.0024 val_acc=0.6759 val_auc=0.9486
[iter-train] ep=27 loss=0.9949 ce=0.8171 rrr=0.0018 val_acc=0.6759 val_auc=0.9489
[iter-train] ep=28 loss=0.9733 ce=0.8136 rrr=0.0016 val_acc=0.6746 val_auc=0.9486
[iter-train] ep=29 loss=0.9964 ce=0.8113 rrr=0.0019 val_acc=0.6750 val_auc=0.9486
[iter-train] ep=30 loss=0.9407 ce=0.8100 rrr=0.0013 val_acc=0.6760 val_auc=0.9487
[iter] done 2: test_acc=0.6760, test_auc=0.9490, aspen_strong3=0.7395
========================================================================
[iter] 3/5
[iter] seed=3052
[iter] computing full-dataset attributions source=integrated_gradients
[iter-train] ep=1 loss=1.3965 ce=1.3130 rrr=0.0008 val_acc=0.6151 val_auc=0.9253
[iter-train] ep=2 loss=1.2328 ce=1.1361 rrr=0.0010 val_acc=0.6098 val_auc=0.9263
[iter-train] ep=3 loss=1.1927 ce=1.0944 rrr=0.0010 val_acc=0.6229 val_auc=0.9293
[iter-train] ep=4 loss=1.1560 ce=1.0567 rrr=0.0010 val_acc=0.6494 val_auc=0.9367
[iter-train] ep=5 loss=1.1326 ce=1.0326 rrr=0.0010 val_acc=0.6378 val_auc=0.9362
[iter-train] ep=6 loss=1.1161 ce=1.0163 rrr=0.0010 val_acc=0.6233 val_auc=0.9339
[iter-train] ep=7 loss=1.1035 ce=1.0028 rrr=0.0010 val_acc=0.6514 val_auc=0.9392
[iter-train] ep=8 loss=1.0908 ce=0.9889 rrr=0.0010 val_acc=0.6411 val_auc=0.9386
[iter-train] ep=9 loss=1.0845 ce=0.9801 rrr=0.0010 val_acc=0.6561 val_auc=0.9422
[iter-train] ep=10 loss=1.0760 ce=0.9698 rrr=0.0011 val_acc=0.6595 val_auc=0.9423
[iter-train] ep=11 loss=1.0703 ce=0.9609 rrr=0.0011 val_acc=0.6302 val_auc=0.9392
[iter-train] ep=12 loss=1.0625 ce=0.9516 rrr=0.0011 val_acc=0.6326 val_auc=0.9413
[iter-train] ep=13 loss=1.0526 ce=0.9426 rrr=0.0011 val_acc=0.6606 val_auc=0.9437
[iter-train] ep=14 loss=1.0510 ce=0.9347 rrr=0.0012 val_acc=0.6520 val_auc=0.9437
[iter-train] ep=15 loss=1.0425 ce=0.9270 rrr=0.0012 val_acc=0.6348 val_auc=0.9410
[iter-train] ep=16 loss=1.0404 ce=0.9153 rrr=0.0013 val_acc=0.6636 val_auc=0.9446
[iter-train] ep=17 loss=1.0319 ce=0.9094 rrr=0.0012 val_acc=0.6661 val_auc=0.9457
[iter-train] ep=18 loss=1.0131 ce=0.8987 rrr=0.0011 val_acc=0.6711 val_auc=0.9465
[iter-train] ep=19 loss=1.0251 ce=0.8911 rrr=0.0013 val_acc=0.6700 val_auc=0.9475
[iter-train] ep=20 loss=1.0176 ce=0.8812 rrr=0.0014 val_acc=0.6675 val_auc=0.9473
[iter-train] ep=21 loss=1.0405 ce=0.8732 rrr=0.0017 val_acc=0.6664 val_auc=0.9474
[iter-train] ep=22 loss=1.0039 ce=0.8635 rrr=0.0014 val_acc=0.6705 val_auc=0.9476
[iter-train] ep=23 loss=0.9870 ce=0.8549 rrr=0.0013 val_acc=0.6724 val_auc=0.9479
[iter-train] ep=24 loss=0.9988 ce=0.8491 rrr=0.0015 val_acc=0.6710 val_auc=0.9480
[iter-train] ep=25 loss=0.9966 ce=0.8414 rrr=0.0016 val_acc=0.6734 val_auc=0.9482
[iter-train] ep=26 loss=1.0916 ce=0.8366 rrr=0.0026 val_acc=0.6734 val_auc=0.9483
[iter-train] ep=27 loss=0.9975 ce=0.8307 rrr=0.0017 val_acc=0.6751 val_auc=0.9486
[iter-train] ep=28 loss=0.9639 ce=0.8285 rrr=0.0014 val_acc=0.6752 val_auc=0.9489
[iter-train] ep=29 loss=0.9967 ce=0.8263 rrr=0.0017 val_acc=0.6759 val_auc=0.9489
[iter-train] ep=30 loss=0.9927 ce=0.8234 rrr=0.0017 val_acc=0.6760 val_auc=0.9490
[iter] done 3: test_acc=0.6778, test_auc=0.9492, aspen_strong3=0.7765
========================================================================
[iter] 4/5
[iter] seed=4052
[iter] computing full-dataset attributions source=integrated_gradients
[iter-train] ep=1 loss=1.4028 ce=1.3202 rrr=0.0008 val_acc=0.5958 val_auc=0.9216
[iter-train] ep=2 loss=1.2436 ce=1.1469 rrr=0.0010 val_acc=0.6047 val_auc=0.9265
[iter-train] ep=3 loss=1.2018 ce=1.1033 rrr=0.0010 val_acc=0.5925 val_auc=0.9245
[iter-train] ep=4 loss=1.1613 ce=1.0619 rrr=0.0010 val_acc=0.6255 val_auc=0.9317
[iter-train] ep=5 loss=1.1384 ce=1.0384 rrr=0.0010 val_acc=0.6298 val_auc=0.9335
[iter-train] ep=6 loss=1.1191 ce=1.0183 rrr=0.0010 val_acc=0.6254 val_auc=0.9342
[iter-train] ep=7 loss=1.1069 ce=1.0050 rrr=0.0010 val_acc=0.6534 val_auc=0.9404
[iter-train] ep=8 loss=1.0980 ce=0.9933 rrr=0.0010 val_acc=0.6530 val_auc=0.9407
[iter-train] ep=9 loss=1.0877 ce=0.9826 rrr=0.0011 val_acc=0.6553 val_auc=0.9413
[iter-train] ep=10 loss=1.0837 ce=0.9720 rrr=0.0011 val_acc=0.6424 val_auc=0.9407
[iter-train] ep=11 loss=1.0727 ce=0.9634 rrr=0.0011 val_acc=0.6688 val_auc=0.9438
[iter-train] ep=12 loss=1.0609 ce=0.9537 rrr=0.0011 val_acc=0.6552 val_auc=0.9425
[iter-train] ep=13 loss=1.0714 ce=0.9450 rrr=0.0013 val_acc=0.6620 val_auc=0.9440
[iter-train] ep=14 loss=1.0516 ce=0.9368 rrr=0.0011 val_acc=0.6607 val_auc=0.9426
[iter-train] ep=15 loss=1.0506 ce=0.9286 rrr=0.0012 val_acc=0.6594 val_auc=0.9442
[iter-train] ep=16 loss=1.0383 ce=0.9193 rrr=0.0012 val_acc=0.6576 val_auc=0.9438
[iter-train] ep=17 loss=1.0449 ce=0.9104 rrr=0.0013 val_acc=0.6627 val_auc=0.9455
[iter-train] ep=18 loss=1.0203 ce=0.9010 rrr=0.0012 val_acc=0.6599 val_auc=0.9441
[iter-train] ep=19 loss=1.0193 ce=0.8917 rrr=0.0013 val_acc=0.6648 val_auc=0.9458
[iter-train] ep=20 loss=1.0196 ce=0.8835 rrr=0.0014 val_acc=0.6701 val_auc=0.9471
[iter-train] ep=21 loss=1.0116 ce=0.8745 rrr=0.0014 val_acc=0.6777 val_auc=0.9477
[iter-train] ep=22 loss=1.0052 ce=0.8658 rrr=0.0014 val_acc=0.6747 val_auc=0.9473
[iter-train] ep=23 loss=1.0213 ce=0.8577 rrr=0.0016 val_acc=0.6753 val_auc=0.9476
[iter-train] ep=24 loss=0.9826 ce=0.8513 rrr=0.0013 val_acc=0.6733 val_auc=0.9478
[iter-train] ep=25 loss=1.0054 ce=0.8450 rrr=0.0016 val_acc=0.6779 val_auc=0.9487
[iter-train] ep=26 loss=1.0093 ce=0.8366 rrr=0.0017 val_acc=0.6771 val_auc=0.9483
[iter-train] ep=27 loss=0.9646 ce=0.8328 rrr=0.0013 val_acc=0.6747 val_auc=0.9484
[iter-train] ep=28 loss=0.9663 ce=0.8300 rrr=0.0014 val_acc=0.6773 val_auc=0.9486
[iter-train] ep=29 loss=0.9676 ce=0.8271 rrr=0.0014 val_acc=0.6790 val_auc=0.9487
[iter-train] ep=30 loss=0.9679 ce=0.8258 rrr=0.0014 val_acc=0.6773 val_auc=0.9488
[iter] done 4: test_acc=0.6775, test_auc=0.9489, aspen_strong3=0.6147
========================================================================
[iter] 5/5
[iter] seed=5052
[iter] computing full-dataset attributions source=integrated_gradients
[iter-train] ep=1 loss=1.3859 ce=1.3032 rrr=0.0008 val_acc=0.5950 val_auc=0.9236
[iter-train] ep=2 loss=1.2341 ce=1.1375 rrr=0.0010 val_acc=0.6221 val_auc=0.9288
[iter-train] ep=3 loss=1.1930 ce=1.0947 rrr=0.0010 val_acc=0.5913 val_auc=0.9251
[iter-train] ep=4 loss=1.1556 ce=1.0563 rrr=0.0010 val_acc=0.6177 val_auc=0.9330
[iter-train] ep=5 loss=1.1363 ce=1.0363 rrr=0.0010 val_acc=0.6441 val_auc=0.9371
[iter-train] ep=6 loss=1.1234 ce=1.0196 rrr=0.0010 val_acc=0.6336 val_auc=0.9371
[iter-train] ep=7 loss=1.1113 ce=1.0058 rrr=0.0011 val_acc=0.6503 val_auc=0.9394
[iter-train] ep=8 loss=1.0974 ce=0.9931 rrr=0.0010 val_acc=0.6438 val_auc=0.9393
[iter-train] ep=9 loss=1.0923 ce=0.9844 rrr=0.0011 val_acc=0.6282 val_auc=0.9384
[iter-train] ep=10 loss=1.0984 ce=0.9739 rrr=0.0012 val_acc=0.6468 val_auc=0.9397
[iter-train] ep=11 loss=1.0953 ce=0.9635 rrr=0.0013 val_acc=0.6599 val_auc=0.9424
[iter-train] ep=12 loss=1.0756 ce=0.9556 rrr=0.0012 val_acc=0.6514 val_auc=0.9416
[iter-train] ep=13 loss=1.0702 ce=0.9475 rrr=0.0012 val_acc=0.6665 val_auc=0.9442
[iter-train] ep=14 loss=1.0456 ce=0.9374 rrr=0.0011 val_acc=0.6639 val_auc=0.9431
[iter-train] ep=15 loss=1.0535 ce=0.9275 rrr=0.0013 val_acc=0.6618 val_auc=0.9435
[iter-train] ep=16 loss=1.0708 ce=0.9197 rrr=0.0015 val_acc=0.6688 val_auc=0.9454
[iter-train] ep=17 loss=1.0413 ce=0.9100 rrr=0.0013 val_acc=0.6566 val_auc=0.9446
[iter-train] ep=18 loss=1.0356 ce=0.9029 rrr=0.0013 val_acc=0.6681 val_auc=0.9457
[iter-train] ep=19 loss=1.0274 ce=0.8921 rrr=0.0014 val_acc=0.6730 val_auc=0.9469
[iter-train] ep=20 loss=1.0249 ce=0.8833 rrr=0.0014 val_acc=0.6732 val_auc=0.9474
[iter-train] ep=21 loss=1.0759 ce=0.8744 rrr=0.0020 val_acc=0.6703 val_auc=0.9479
[iter-train] ep=22 loss=1.0227 ce=0.8666 rrr=0.0016 val_acc=0.6733 val_auc=0.9479
[iter-train] ep=23 loss=0.9932 ce=0.8592 rrr=0.0013 val_acc=0.6743 val_auc=0.9478
[iter-train] ep=24 loss=1.0008 ce=0.8509 rrr=0.0015 val_acc=0.6760 val_auc=0.9481
[iter-train] ep=25 loss=1.0063 ce=0.8454 rrr=0.0016 val_acc=0.6740 val_auc=0.9482
[iter-train] ep=26 loss=0.9602 ce=0.8382 rrr=0.0012 val_acc=0.6740 val_auc=0.9485
[iter-train] ep=27 loss=0.9601 ce=0.8331 rrr=0.0013 val_acc=0.6740 val_auc=0.9484
[iter-train] ep=28 loss=1.0242 ce=0.8296 rrr=0.0019 val_acc=0.6733 val_auc=0.9484
[iter-train] ep=29 loss=0.9853 ce=0.8273 rrr=0.0016 val_acc=0.6775 val_auc=0.9488
[iter-train] ep=30 loss=0.9882 ce=0.8261 rrr=0.0016 val_acc=0.6765 val_auc=0.9488
[iter] done 5: test_acc=0.6781, test_auc=0.9491, aspen_strong3=0.6599
[done] outputs:
  /home/ryreu/atlas/CompPhys_FinalProject/restart_studies/results/rrr_findanother_seed52_integrated_gradients_lam100_mask0p30/config.json
  /home/ryreu/atlas/CompPhys_FinalProject/restart_studies/results/rrr_findanother_seed52_integrated_gradients_lam100_mask0p30/iteration_summary.csv
  /home/ryreu/atlas/CompPhys_FinalProject/restart_studies/results/rrr_findanother_seed52_integrated_gradients_lam100_mask0p30/summary.json
  /home/ryreu/atlas/CompPhys_FinalProject/restart_studies/results/rrr_findanother_seed52_integrated_gradients_lam100_mask0p30/iter_01/jetclass_test_metrics.json
  /home/ryreu/atlas/CompPhys_FinalProject/restart_studies/results/rrr_findanother_seed52_integrated_gradients_lam100_mask0p30/iter_01/aspen_shift_metrics.json
  /home/ryreu/atlas/CompPhys_FinalProject/restart_studies/results/rrr_findanother_seed52_integrated_gradients_lam100_mask0p30/iter_02/jetclass_test_metrics.json
  /home/ryreu/atlas/CompPhys_FinalProject/restart_studies/results/rrr_findanother_seed52_integrated_gradients_lam100_mask0p30/iter_02/aspen_shift_metrics.json
  /home/ryreu/atlas/CompPhys_FinalProject/restart_studies/results/rrr_findanother_seed52_integrated_gradients_lam100_mask0p30/iter_03/jetclass_test_metrics.json
  /home/ryreu/atlas/CompPhys_FinalProject/restart_studies/results/rrr_findanother_seed52_integrated_gradients_lam100_mask0p30/iter_03/aspen_shift_metrics.json
  /home/ryreu/atlas/CompPhys_FinalProject/restart_studies/results/rrr_findanother_seed52_integrated_gradients_lam100_mask0p30/iter_04/jetclass_test_metrics.json
  /home/ryreu/atlas/CompPhys_FinalProject/restart_studies/results/rrr_findanother_seed52_integrated_gradients_lam100_mask0p30/iter_04/aspen_shift_metrics.json
  /home/ryreu/atlas/CompPhys_FinalProject/restart_studies/results/rrr_findanother_seed52_integrated_gradients_lam100_mask0p30/iter_05/jetclass_test_metrics.json
  /home/ryreu/atlas/CompPhys_FinalProject/restart_studies/results/rrr_findanother_seed52_integrated_gradients_lam100_mask0p30/iter_05/aspen_shift_metrics.json
[done] outputs:
  /home/ryreu/atlas/CompPhys_FinalProject/restart_studies/results/rrr_findanother_seed52_integrated_gradients_lam100_mask0p30/config.json
  /home/ryreu/atlas/CompPhys_FinalProject/restart_studies/results/rrr_findanother_seed52_integrated_gradients_lam100_mask0p30/iteration_summary.csv
  /home/ryreu/atlas/CompPhys_FinalProject/restart_studies/results/rrr_findanother_seed52_integrated_gradients_lam100_mask0p30/summary.json
