[preflight] WORKDIR=/home/ryreu/atlas/CompPhys_FinalProject
[preflight] PROJECT_ROOT=/home/ryreu/atlas/CompPhys_FinalProject
[preflight] SCRIPT=/home/ryreu/atlas/CompPhys_FinalProject/restart_studies/train_rrr_find_another_single.py
[preflight] RUN_NAME=rrr_findanother_seed52_input_grad_lam100_mask0p10
[preflight] A_SOURCE=input_grad
[preflight] LAMBDA_RRR=100
[preflight] MASK_FRAC=0.10
[preflight] DATA_DIR=/home/ryreu/atlas/PracticeTagging/data/jetclass_part0
[preflight] ASPEN_DIR=/home/ryreu/atlas/CompPhys_Final/data/AspenOpenJets
[preflight] python: /home/ryreu/miniconda3/envs/atlas_kd/bin/python3
[preflight] module check OK
============================================================
RRR Find-Another Training (Single Config)
Job ID: 21244210
Node: skl-a-30
Output: /home/ryreu/atlas/CompPhys_FinalProject/restart_studies/results/rrr_findanother_seed52_input_grad_lam100_mask0p10
============================================================
 python3 -u /home/ryreu/atlas/CompPhys_FinalProject/restart_studies/train_rrr_find_another_single.py --data_dir /home/ryreu/atlas/PracticeTagging/data/jetclass_part0 --aspen_data_dir /home/ryreu/atlas/CompPhys_Final/data/AspenOpenJets --aspen_glob Run\*.h5 --aspen_n_jets 1000000 --aspen_chunk_jets 50000 --output_root /home/ryreu/atlas/CompPhys_FinalProject/restart_studies/results --run_name rrr_findanother_seed52_input_grad_lam100_mask0p10 --seed 52 --device cuda --num_workers 4 --feature_mode full --max_constits 128 --train_files_per_class 8 --val_files_per_class 1 --test_files_per_class 1 --n_train_jets 150000 --n_val_jets 50000 --n_test_jets 150000 --batch_size 512 --rrr_batch_size 128 --epochs 30 --lr 7e-4 --weight_decay 1e-5 --warmup_epochs 3 --embed_dim 128 --num_heads 8 --num_layers 6 --ff_dim 512 --dropout 0.1 --target_class HToBB --background_class ZJetsToNuNu --a_source input_grad --lambda_rrr 100 --mask_frac 0.10 --max_iterations 5 --attr_batch_size 128 --ig_steps 16 --smoothgrad_samples 16 --smoothgrad_sigma 0.10
[info] run_dir=/home/ryreu/atlas/CompPhys_FinalProject/restart_studies/results/rrr_findanother_seed52_input_grad_lam100_mask0p10
[info] device=cuda
[info] classes:
  - HToBB: 10 files
  - HToCC: 10 files
  - HToGG: 10 files
  - HToWW2Q1L: 10 files
  - HToWW4Q: 10 files
  - TTBar: 10 files
  - TTBarLep: 10 files
  - WToQQ: 10 files
  - ZJetsToNuNu: 10 files
  - ZToQQ: 10 files
[info] loading train/val/test splits
[info] loaded jets train=150000 val=50000 test=150000
[info] domain-prior mask coverage tokens=589981/5898045 features=5899810/100266765
========================================================================
[iter] 1/5
[iter] seed=1052
[iter-train] ep=1 loss=1.2741 ce=1.2476 rrr=0.0003 val_acc=0.6178 val_auc=0.9296
[iter-train] ep=2 loss=1.0721 ce=1.0527 rrr=0.0002 val_acc=0.5813 val_auc=0.9260
[iter-train] ep=3 loss=1.0214 ce=1.0076 rrr=0.0001 val_acc=0.6344 val_auc=0.9395
[iter-train] ep=4 loss=0.9721 ce=0.9620 rrr=0.0001 val_acc=0.6538 val_auc=0.9426
[iter-train] ep=5 loss=0.9419 ce=0.9339 rrr=0.0001 val_acc=0.6714 val_auc=0.9470
[iter-train] ep=6 loss=0.9223 ce=0.9157 rrr=0.0001 val_acc=0.6754 val_auc=0.9485
[iter-train] ep=7 loss=0.9066 ce=0.9007 rrr=0.0001 val_acc=0.6376 val_auc=0.9432
[iter-train] ep=8 loss=0.8950 ce=0.8895 rrr=0.0001 val_acc=0.6609 val_auc=0.9452
[iter-train] ep=9 loss=0.8812 ce=0.8762 rrr=0.0001 val_acc=0.6457 val_auc=0.9442
[iter-train] ep=10 loss=0.8707 ce=0.8660 rrr=0.0000 val_acc=0.6845 val_auc=0.9508
[iter-train] ep=11 loss=0.8612 ce=0.8565 rrr=0.0000 val_acc=0.6836 val_auc=0.9492
[iter-train] ep=12 loss=0.8502 ce=0.8455 rrr=0.0000 val_acc=0.6885 val_auc=0.9516
[iter-train] ep=13 loss=0.8404 ce=0.8363 rrr=0.0000 val_acc=0.6961 val_auc=0.9527
[iter-train] ep=14 loss=0.8291 ce=0.8249 rrr=0.0000 val_acc=0.6874 val_auc=0.9517
[iter-train] ep=15 loss=0.8163 ce=0.8122 rrr=0.0000 val_acc=0.6888 val_auc=0.9518
[iter-train] ep=16 loss=0.8060 ce=0.8020 rrr=0.0000 val_acc=0.6681 val_auc=0.9484
[iter-train] ep=17 loss=0.7976 ce=0.7933 rrr=0.0000 val_acc=0.6946 val_auc=0.9537
[iter-train] ep=18 loss=0.7848 ce=0.7809 rrr=0.0000 val_acc=0.6969 val_auc=0.9534
[iter-train] ep=19 loss=0.7735 ce=0.7696 rrr=0.0000 val_acc=0.6913 val_auc=0.9532
[iter-train] ep=20 loss=0.7640 ce=0.7600 rrr=0.0000 val_acc=0.7048 val_auc=0.9547
[iter-train] ep=21 loss=0.7524 ce=0.7483 rrr=0.0000 val_acc=0.6922 val_auc=0.9533
[iter-train] ep=22 loss=0.7407 ce=0.7366 rrr=0.0000 val_acc=0.6891 val_auc=0.9524
[iter-train] ep=23 loss=0.7313 ce=0.7271 rrr=0.0000 val_acc=0.6929 val_auc=0.9537
[iter-train] ep=24 loss=0.7207 ce=0.7158 rrr=0.0000 val_acc=0.7007 val_auc=0.9541
[iter-train] ep=25 loss=0.7123 ce=0.7080 rrr=0.0000 val_acc=0.6948 val_auc=0.9533
[iter-train] ep=26 loss=0.7061 ce=0.7016 rrr=0.0000 val_acc=0.6974 val_auc=0.9533
[iter-train] ep=27 loss=0.6976 ce=0.6931 rrr=0.0000 val_acc=0.6970 val_auc=0.9535
[iter-train] ep=28 loss=0.6945 ce=0.6899 rrr=0.0000 val_acc=0.6956 val_auc=0.9531
[iter-train] ep=29 loss=0.6909 ce=0.6863 rrr=0.0000 val_acc=0.6975 val_auc=0.9535
[iter-train] ep=30 loss=0.6890 ce=0.6842 rrr=0.0000 val_acc=0.6983 val_auc=0.9536
[iter] done 1: test_acc=0.6982, test_auc=0.9536, aspen_strong3=0.4810
========================================================================
[iter] 2/5
[iter] seed=2052
[iter] computing full-dataset attributions source=input_grad
[iter-train] ep=1 loss=1.4263 ce=1.3440 rrr=0.0008 val_acc=0.5827 val_auc=0.9195
[iter-train] ep=2 loss=1.2617 ce=1.1673 rrr=0.0009 val_acc=0.5824 val_auc=0.9211
[iter-train] ep=3 loss=1.2213 ce=1.1257 rrr=0.0010 val_acc=0.5666 val_auc=0.9182
[iter-train] ep=4 loss=1.1827 ce=1.0862 rrr=0.0010 val_acc=0.6232 val_auc=0.9326
[iter-train] ep=5 loss=1.1581 ce=1.0615 rrr=0.0010 val_acc=0.6318 val_auc=0.9345
[iter-train] ep=6 loss=1.1429 ce=1.0453 rrr=0.0010 val_acc=0.6312 val_auc=0.9340
[iter-train] ep=7 loss=1.1286 ce=1.0320 rrr=0.0010 val_acc=0.6313 val_auc=0.9342
[iter-train] ep=8 loss=1.1150 ce=1.0173 rrr=0.0010 val_acc=0.6455 val_auc=0.9365
[iter-train] ep=9 loss=1.1038 ce=1.0058 rrr=0.0010 val_acc=0.6498 val_auc=0.9392
[iter-train] ep=10 loss=1.0971 ce=0.9976 rrr=0.0010 val_acc=0.6478 val_auc=0.9389
[iter-train] ep=11 loss=1.0851 ce=0.9840 rrr=0.0010 val_acc=0.6504 val_auc=0.9407
[iter-train] ep=12 loss=1.0798 ce=0.9736 rrr=0.0011 val_acc=0.6537 val_auc=0.9423
[iter-train] ep=13 loss=1.0787 ce=0.9653 rrr=0.0011 val_acc=0.6528 val_auc=0.9420
[iter-train] ep=14 loss=1.0624 ce=0.9526 rrr=0.0011 val_acc=0.6534 val_auc=0.9404
[iter-train] ep=15 loss=1.0641 ce=0.9458 rrr=0.0012 val_acc=0.6621 val_auc=0.9437
[iter-train] ep=16 loss=1.0660 ce=0.9350 rrr=0.0013 val_acc=0.6478 val_auc=0.9412
[iter-train] ep=17 loss=1.0586 ce=0.9251 rrr=0.0013 val_acc=0.6605 val_auc=0.9434
[iter-train] ep=18 loss=1.0415 ce=0.9130 rrr=0.0013 val_acc=0.6593 val_auc=0.9434
[iter-train] ep=19 loss=1.1044 ce=0.9049 rrr=0.0020 val_acc=0.6692 val_auc=0.9454
[iter-train] ep=20 loss=1.0657 ce=0.8943 rrr=0.0017 val_acc=0.6660 val_auc=0.9452
[iter-train] ep=21 loss=1.0459 ce=0.8859 rrr=0.0016 val_acc=0.6624 val_auc=0.9445
[iter-train] ep=22 loss=1.0416 ce=0.8764 rrr=0.0017 val_acc=0.6687 val_auc=0.9461
[iter-train] ep=23 loss=1.0251 ce=0.8687 rrr=0.0016 val_acc=0.6674 val_auc=0.9459
[iter-train] ep=24 loss=1.0485 ce=0.8608 rrr=0.0019 val_acc=0.6673 val_auc=0.9459
[iter-train] ep=25 loss=1.0573 ce=0.8530 rrr=0.0020 val_acc=0.6684 val_auc=0.9464
[iter-train] ep=26 loss=1.0479 ce=0.8463 rrr=0.0020 val_acc=0.6702 val_auc=0.9465
[iter-train] ep=27 loss=1.0117 ce=0.8426 rrr=0.0017 val_acc=0.6717 val_auc=0.9468
[iter-train] ep=28 loss=1.0069 ce=0.8379 rrr=0.0017 val_acc=0.6727 val_auc=0.9469
[iter-train] ep=29 loss=0.9513 ce=0.8354 rrr=0.0012 val_acc=0.6713 val_auc=0.9467
[iter-train] ep=30 loss=0.9555 ce=0.8347 rrr=0.0012 val_acc=0.6724 val_auc=0.9468
[iter] done 2: test_acc=0.6724, test_auc=0.9474, aspen_strong3=0.6747
========================================================================
[iter] 3/5
[iter] seed=3052
[iter] computing full-dataset attributions source=input_grad
[iter-train] ep=1 loss=1.4063 ce=1.3207 rrr=0.0009 val_acc=0.6137 val_auc=0.9251
[iter-train] ep=2 loss=1.2491 ce=1.1504 rrr=0.0010 val_acc=0.6062 val_auc=0.9247
[iter-train] ep=3 loss=1.2124 ce=1.1116 rrr=0.0010 val_acc=0.6208 val_auc=0.9281
[iter-train] ep=4 loss=1.1770 ce=1.0754 rrr=0.0010 val_acc=0.6450 val_auc=0.9357
[iter-train] ep=5 loss=1.1538 ce=1.0515 rrr=0.0010 val_acc=0.6277 val_auc=0.9344
[iter-train] ep=6 loss=1.1374 ce=1.0346 rrr=0.0010 val_acc=0.6305 val_auc=0.9346
[iter-train] ep=7 loss=1.1244 ce=1.0205 rrr=0.0010 val_acc=0.6412 val_auc=0.9363
[iter-train] ep=8 loss=1.1143 ce=1.0085 rrr=0.0011 val_acc=0.6435 val_auc=0.9389
[iter-train] ep=9 loss=1.1030 ce=0.9974 rrr=0.0011 val_acc=0.6488 val_auc=0.9404
[iter-train] ep=10 loss=1.0970 ce=0.9880 rrr=0.0011 val_acc=0.6535 val_auc=0.9402
[iter-train] ep=11 loss=1.0983 ce=0.9760 rrr=0.0012 val_acc=0.6329 val_auc=0.9386
[iter-train] ep=12 loss=1.0798 ce=0.9683 rrr=0.0011 val_acc=0.6390 val_auc=0.9413
[iter-train] ep=13 loss=1.0784 ce=0.9604 rrr=0.0012 val_acc=0.6624 val_auc=0.9423
[iter-train] ep=14 loss=1.0664 ce=0.9503 rrr=0.0012 val_acc=0.6520 val_auc=0.9431
[iter-train] ep=15 loss=1.0713 ce=0.9430 rrr=0.0013 val_acc=0.6444 val_auc=0.9412
[iter-train] ep=16 loss=1.0853 ce=0.9300 rrr=0.0016 val_acc=0.6574 val_auc=0.9432
[iter-train] ep=17 loss=1.0474 ce=0.9256 rrr=0.0012 val_acc=0.6649 val_auc=0.9452
[iter-train] ep=18 loss=1.0543 ce=0.9145 rrr=0.0014 val_acc=0.6654 val_auc=0.9449
[iter-train] ep=19 loss=1.0538 ce=0.9058 rrr=0.0015 val_acc=0.6688 val_auc=0.9463
[iter-train] ep=20 loss=1.0421 ce=0.8967 rrr=0.0015 val_acc=0.6709 val_auc=0.9468
[iter-train] ep=21 loss=1.0380 ce=0.8875 rrr=0.0015 val_acc=0.6646 val_auc=0.9463
[iter-train] ep=22 loss=1.0306 ce=0.8797 rrr=0.0015 val_acc=0.6674 val_auc=0.9472
[iter-train] ep=23 loss=1.0126 ce=0.8701 rrr=0.0014 val_acc=0.6710 val_auc=0.9470
[iter-train] ep=24 loss=1.0062 ce=0.8635 rrr=0.0014 val_acc=0.6710 val_auc=0.9474
[iter-train] ep=25 loss=1.0352 ce=0.8563 rrr=0.0018 val_acc=0.6737 val_auc=0.9481
[iter-train] ep=26 loss=1.0482 ce=0.8516 rrr=0.0020 val_acc=0.6738 val_auc=0.9479
[iter-train] ep=27 loss=1.0435 ce=0.8462 rrr=0.0020 val_acc=0.6743 val_auc=0.9481
[iter-train] ep=28 loss=1.0262 ce=0.8438 rrr=0.0018 val_acc=0.6740 val_auc=0.9484
[iter-train] ep=29 loss=1.0243 ce=0.8406 rrr=0.0018 val_acc=0.6746 val_auc=0.9482
[iter-train] ep=30 loss=0.9967 ce=0.8387 rrr=0.0016 val_acc=0.6745 val_auc=0.9483
[iter] done 3: test_acc=0.6745, test_auc=0.9485, aspen_strong3=0.7495
========================================================================
[iter] 4/5
[iter] seed=4052
[iter] computing full-dataset attributions source=input_grad
[iter-train] ep=1 loss=1.4140 ce=1.3275 rrr=0.0009 val_acc=0.5891 val_auc=0.9208
[iter-train] ep=2 loss=1.2604 ce=1.1584 rrr=0.0010 val_acc=0.5994 val_auc=0.9254
[iter-train] ep=3 loss=1.2230 ce=1.1181 rrr=0.0010 val_acc=0.5638 val_auc=0.9163
[iter-train] ep=4 loss=1.1870 ce=1.0813 rrr=0.0011 val_acc=0.6131 val_auc=0.9287
[iter-train] ep=5 loss=1.1652 ce=1.0584 rrr=0.0011 val_acc=0.6140 val_auc=0.9314
[iter-train] ep=6 loss=1.1475 ce=1.0402 rrr=0.0011 val_acc=0.6009 val_auc=0.9298
[iter-train] ep=7 loss=1.1372 ce=1.0271 rrr=0.0011 val_acc=0.6485 val_auc=0.9386
[iter-train] ep=8 loss=1.1269 ce=1.0144 rrr=0.0011 val_acc=0.6527 val_auc=0.9399
[iter-train] ep=9 loss=1.1157 ce=1.0023 rrr=0.0011 val_acc=0.6466 val_auc=0.9392
[iter-train] ep=10 loss=1.1089 ce=0.9930 rrr=0.0012 val_acc=0.6368 val_auc=0.9394
[iter-train] ep=11 loss=1.1043 ce=0.9825 rrr=0.0012 val_acc=0.6641 val_auc=0.9424
[iter-train] ep=12 loss=1.1289 ce=0.9740 rrr=0.0015 val_acc=0.6473 val_auc=0.9400
[iter-train] ep=13 loss=1.0907 ce=0.9658 rrr=0.0012 val_acc=0.6542 val_auc=0.9421
[iter-train] ep=14 loss=1.1053 ce=0.9568 rrr=0.0015 val_acc=0.6575 val_auc=0.9420
[iter-train] ep=15 loss=1.0961 ce=0.9493 rrr=0.0015 val_acc=0.6568 val_auc=0.9429
[iter-train] ep=16 loss=1.0858 ce=0.9389 rrr=0.0015 val_acc=0.6539 val_auc=0.9429
[iter-train] ep=17 loss=1.0794 ce=0.9305 rrr=0.0015 val_acc=0.6643 val_auc=0.9448
[iter-train] ep=18 loss=1.0736 ce=0.9219 rrr=0.0015 val_acc=0.6625 val_auc=0.9445
[iter-train] ep=19 loss=1.0680 ce=0.9122 rrr=0.0016 val_acc=0.6637 val_auc=0.9444
[iter-train] ep=20 loss=1.0725 ce=0.9048 rrr=0.0017 val_acc=0.6707 val_auc=0.9464
[iter-train] ep=21 loss=1.0368 ce=0.8958 rrr=0.0014 val_acc=0.6718 val_auc=0.9467
[iter-train] ep=22 loss=1.0675 ce=0.8876 rrr=0.0018 val_acc=0.6696 val_auc=0.9464
[iter-train] ep=23 loss=1.0749 ce=0.8797 rrr=0.0020 val_acc=0.6705 val_auc=0.9459
[iter-train] ep=24 loss=1.0285 ce=0.8727 rrr=0.0016 val_acc=0.6719 val_auc=0.9469
[iter-train] ep=25 loss=1.0345 ce=0.8649 rrr=0.0017 val_acc=0.6752 val_auc=0.9477
[iter-train] ep=26 loss=1.0120 ce=0.8588 rrr=0.0015 val_acc=0.6748 val_auc=0.9477
[iter-train] ep=27 loss=1.0381 ce=0.8556 rrr=0.0018 val_acc=0.6735 val_auc=0.9477
[iter-train] ep=28 loss=1.0325 ce=0.8509 rrr=0.0018 val_acc=0.6761 val_auc=0.9479
[iter-train] ep=29 loss=1.0559 ce=0.8490 rrr=0.0021 val_acc=0.6762 val_auc=0.9480
[iter-train] ep=30 loss=1.0504 ce=0.8473 rrr=0.0020 val_acc=0.6753 val_auc=0.9481
[iter] done 4: test_acc=0.6766, test_auc=0.9483, aspen_strong3=0.5643
========================================================================
[iter] 5/5
[iter] seed=5052
[iter] computing full-dataset attributions source=input_grad
[iter-train] ep=1 loss=1.4062 ce=1.3177 rrr=0.0009 val_acc=0.5915 val_auc=0.9219
[iter-train] ep=2 loss=1.2633 ce=1.1592 rrr=0.0010 val_acc=0.6022 val_auc=0.9236
[iter-train] ep=3 loss=1.2259 ce=1.1193 rrr=0.0011 val_acc=0.5973 val_auc=0.9250
[iter-train] ep=4 loss=1.1909 ce=1.0827 rrr=0.0011 val_acc=0.6205 val_auc=0.9325
[iter-train] ep=5 loss=1.1713 ce=1.0625 rrr=0.0011 val_acc=0.6380 val_auc=0.9358
[iter-train] ep=6 loss=1.1580 ce=1.0456 rrr=0.0011 val_acc=0.6345 val_auc=0.9374
[iter-train] ep=7 loss=1.1487 ce=1.0315 rrr=0.0012 val_acc=0.6377 val_auc=0.9376
[iter-train] ep=8 loss=1.1354 ce=1.0197 rrr=0.0012 val_acc=0.6374 val_auc=0.9380
[iter-train] ep=9 loss=1.1413 ce=1.0101 rrr=0.0013 val_acc=0.6204 val_auc=0.9362
[iter-train] ep=10 loss=1.1308 ce=1.0000 rrr=0.0013 val_acc=0.6528 val_auc=0.9387
[iter-train] ep=11 loss=1.1379 ce=0.9906 rrr=0.0015 val_acc=0.6477 val_auc=0.9398
[iter-train] ep=12 loss=1.1162 ce=0.9849 rrr=0.0013 val_acc=0.6443 val_auc=0.9393
[iter-train] ep=13 loss=1.1014 ce=0.9743 rrr=0.0013 val_acc=0.6603 val_auc=0.9420
[iter-train] ep=14 loss=1.0976 ce=0.9656 rrr=0.0013 val_acc=0.6624 val_auc=0.9428
[iter-train] ep=15 loss=1.0980 ce=0.9550 rrr=0.0014 val_acc=0.6576 val_auc=0.9416
[iter-train] ep=16 loss=1.1045 ce=0.9468 rrr=0.0016 val_acc=0.6571 val_auc=0.9421
[iter-train] ep=17 loss=1.0857 ce=0.9389 rrr=0.0015 val_acc=0.6534 val_auc=0.9427
[iter-train] ep=18 loss=1.0964 ce=0.9314 rrr=0.0016 val_acc=0.6606 val_auc=0.9436
[iter-train] ep=19 loss=1.1039 ce=0.9209 rrr=0.0018 val_acc=0.6699 val_auc=0.9458
[iter-train] ep=20 loss=1.0968 ce=0.9130 rrr=0.0018 val_acc=0.6652 val_auc=0.9456
[iter-train] ep=21 loss=1.0857 ce=0.9034 rrr=0.0018 val_acc=0.6625 val_auc=0.9458
[iter-train] ep=22 loss=1.0690 ce=0.8944 rrr=0.0017 val_acc=0.6634 val_auc=0.9452
[iter-train] ep=23 loss=1.1091 ce=0.8886 rrr=0.0022 val_acc=0.6696 val_auc=0.9466
[iter-train] ep=24 loss=1.1023 ce=0.8802 rrr=0.0022 val_acc=0.6683 val_auc=0.9462
[iter-train] ep=25 loss=1.0577 ce=0.8751 rrr=0.0018 val_acc=0.6692 val_auc=0.9468
[iter-train] ep=26 loss=1.0462 ce=0.8685 rrr=0.0018 val_acc=0.6696 val_auc=0.9468
[iter-train] ep=27 loss=1.0784 ce=0.8634 rrr=0.0021 val_acc=0.6685 val_auc=0.9467
[iter-train] ep=28 loss=1.0371 ce=0.8604 rrr=0.0018 val_acc=0.6698 val_auc=0.9468
[iter-train] ep=29 loss=1.0439 ce=0.8580 rrr=0.0019 val_acc=0.6703 val_auc=0.9470
[iter-train] ep=30 loss=1.0480 ce=0.8569 rrr=0.0019 val_acc=0.6706 val_auc=0.9471
[iter] done 5: test_acc=0.6726, test_auc=0.9474, aspen_strong3=0.6298
[done] outputs:
  /home/ryreu/atlas/CompPhys_FinalProject/restart_studies/results/rrr_findanother_seed52_input_grad_lam100_mask0p10/config.json
  /home/ryreu/atlas/CompPhys_FinalProject/restart_studies/results/rrr_findanother_seed52_input_grad_lam100_mask0p10/iteration_summary.csv
  /home/ryreu/atlas/CompPhys_FinalProject/restart_studies/results/rrr_findanother_seed52_input_grad_lam100_mask0p10/summary.json
  /home/ryreu/atlas/CompPhys_FinalProject/restart_studies/results/rrr_findanother_seed52_input_grad_lam100_mask0p10/iter_01/jetclass_test_metrics.json
  /home/ryreu/atlas/CompPhys_FinalProject/restart_studies/results/rrr_findanother_seed52_input_grad_lam100_mask0p10/iter_01/aspen_shift_metrics.json
  /home/ryreu/atlas/CompPhys_FinalProject/restart_studies/results/rrr_findanother_seed52_input_grad_lam100_mask0p10/iter_02/jetclass_test_metrics.json
  /home/ryreu/atlas/CompPhys_FinalProject/restart_studies/results/rrr_findanother_seed52_input_grad_lam100_mask0p10/iter_02/aspen_shift_metrics.json
  /home/ryreu/atlas/CompPhys_FinalProject/restart_studies/results/rrr_findanother_seed52_input_grad_lam100_mask0p10/iter_03/jetclass_test_metrics.json
  /home/ryreu/atlas/CompPhys_FinalProject/restart_studies/results/rrr_findanother_seed52_input_grad_lam100_mask0p10/iter_03/aspen_shift_metrics.json
  /home/ryreu/atlas/CompPhys_FinalProject/restart_studies/results/rrr_findanother_seed52_input_grad_lam100_mask0p10/iter_04/jetclass_test_metrics.json
  /home/ryreu/atlas/CompPhys_FinalProject/restart_studies/results/rrr_findanother_seed52_input_grad_lam100_mask0p10/iter_04/aspen_shift_metrics.json
  /home/ryreu/atlas/CompPhys_FinalProject/restart_studies/results/rrr_findanother_seed52_input_grad_lam100_mask0p10/iter_05/jetclass_test_metrics.json
  /home/ryreu/atlas/CompPhys_FinalProject/restart_studies/results/rrr_findanother_seed52_input_grad_lam100_mask0p10/iter_05/aspen_shift_metrics.json
[done] outputs:
  /home/ryreu/atlas/CompPhys_FinalProject/restart_studies/results/rrr_findanother_seed52_input_grad_lam100_mask0p10/config.json
  /home/ryreu/atlas/CompPhys_FinalProject/restart_studies/results/rrr_findanother_seed52_input_grad_lam100_mask0p10/iteration_summary.csv
  /home/ryreu/atlas/CompPhys_FinalProject/restart_studies/results/rrr_findanother_seed52_input_grad_lam100_mask0p10/summary.json
