============================================================
RRR Find-Another Sweep (16-config array)
Array Job: 21209303
Task ID: 8 / 15
A_SOURCE: input_grad
Lambda: 100
Mask frac: 0.05
Run name: rrr_findanother_seed52_input_grad_lam100_mask0p05
Delegating to: /home/ryreu/atlas/CompPhys_FinalProject/restart_studies/sbatch_train_rrr_find_another_single.sh
============================================================
[preflight] WORKDIR=/home/ryreu/atlas/CompPhys_FinalProject
[preflight] PROJECT_ROOT=/home/ryreu/atlas/CompPhys_FinalProject
[preflight] SCRIPT=/home/ryreu/atlas/CompPhys_FinalProject/restart_studies/train_rrr_find_another_single.py
[preflight] RUN_NAME=rrr_findanother_seed52_input_grad_lam100_mask0p05
[preflight] A_SOURCE=input_grad
[preflight] LAMBDA_RRR=100
[preflight] MASK_FRAC=0.05
[preflight] DATA_DIR=/home/ryreu/atlas/PracticeTagging/data/jetclass_part0
[preflight] ASPEN_DIR=/home/ryreu/atlas/CompPhys_Final/data/AspenOpenJets
[preflight] python: /home/ryreu/miniconda3/envs/atlas_kd/bin/python3
[preflight] module check OK
============================================================
RRR Find-Another Training (Single Config)
Job ID: 21233529
Node: skl-a-54
Output: /home/ryreu/atlas/CompPhys_FinalProject/restart_studies/results/rrr_findanother_seed52_input_grad_lam100_mask0p05
============================================================
 python3 -u /home/ryreu/atlas/CompPhys_FinalProject/restart_studies/train_rrr_find_another_single.py --data_dir /home/ryreu/atlas/PracticeTagging/data/jetclass_part0 --aspen_data_dir /home/ryreu/atlas/CompPhys_Final/data/AspenOpenJets --aspen_glob Run\*.h5 --aspen_n_jets 1000000 --aspen_chunk_jets 50000 --output_root /home/ryreu/atlas/CompPhys_FinalProject/restart_studies/results --run_name rrr_findanother_seed52_input_grad_lam100_mask0p05 --seed 52 --device cuda --num_workers 4 --feature_mode full --max_constits 128 --train_files_per_class 8 --val_files_per_class 1 --test_files_per_class 1 --n_train_jets 150000 --n_val_jets 50000 --n_test_jets 150000 --batch_size 512 --rrr_batch_size 128 --epochs 30 --lr 7e-4 --weight_decay 1e-5 --warmup_epochs 3 --embed_dim 128 --num_heads 8 --num_layers 6 --ff_dim 512 --dropout 0.1 --target_class HToBB --background_class ZJetsToNuNu --a_source input_grad --lambda_rrr 100 --mask_frac 0.05 --max_iterations 5 --attr_batch_size 128 --ig_steps 16 --smoothgrad_samples 16 --smoothgrad_sigma 0.10
[info] run_dir=/home/ryreu/atlas/CompPhys_FinalProject/restart_studies/results/rrr_findanother_seed52_input_grad_lam100_mask0p05
[info] device=cuda
[info] classes:
  - HToBB: 10 files
  - HToCC: 10 files
  - HToGG: 10 files
  - HToWW2Q1L: 10 files
  - HToWW4Q: 10 files
  - TTBar: 10 files
  - TTBarLep: 10 files
  - WToQQ: 10 files
  - ZJetsToNuNu: 10 files
  - ZToQQ: 10 files
[info] loading train/val/test splits
[info] loaded jets train=150000 val=50000 test=150000
[info] domain-prior mask coverage tokens=295956/5898045 features=2959560/100266765
========================================================================
[iter] 1/5
[iter] seed=1052
[iter-train] ep=1 loss=1.2741 ce=1.2485 rrr=0.0003 val_acc=0.6180 val_auc=0.9294
[iter-train] ep=2 loss=1.0767 ce=1.0577 rrr=0.0002 val_acc=0.5889 val_auc=0.9280
[iter-train] ep=3 loss=1.0258 ce=1.0117 rrr=0.0001 val_acc=0.6310 val_auc=0.9384
[iter-train] ep=4 loss=0.9753 ce=0.9647 rrr=0.0001 val_acc=0.6419 val_auc=0.9404
[iter-train] ep=5 loss=0.9446 ce=0.9361 rrr=0.0001 val_acc=0.6682 val_auc=0.9467
[iter-train] ep=6 loss=0.9227 ce=0.9156 rrr=0.0001 val_acc=0.6780 val_auc=0.9485
[iter-train] ep=7 loss=0.9062 ce=0.9000 rrr=0.0001 val_acc=0.6461 val_auc=0.9443
[iter-train] ep=8 loss=0.8942 ce=0.8885 rrr=0.0001 val_acc=0.6568 val_auc=0.9452
[iter-train] ep=9 loss=0.8798 ce=0.8746 rrr=0.0001 val_acc=0.6658 val_auc=0.9479
[iter-train] ep=10 loss=0.8704 ce=0.8655 rrr=0.0000 val_acc=0.6790 val_auc=0.9506
[iter-train] ep=11 loss=0.8599 ce=0.8553 rrr=0.0000 val_acc=0.6904 val_auc=0.9507
[iter-train] ep=12 loss=0.8488 ce=0.8439 rrr=0.0000 val_acc=0.6904 val_auc=0.9518
[iter-train] ep=13 loss=0.8393 ce=0.8350 rrr=0.0000 val_acc=0.6995 val_auc=0.9531
[iter-train] ep=14 loss=0.8273 ce=0.8230 rrr=0.0000 val_acc=0.6873 val_auc=0.9524
[iter-train] ep=15 loss=0.8147 ce=0.8105 rrr=0.0000 val_acc=0.6822 val_auc=0.9509
[iter-train] ep=16 loss=0.8051 ce=0.8010 rrr=0.0000 val_acc=0.6778 val_auc=0.9499
[iter-train] ep=17 loss=0.7952 ce=0.7903 rrr=0.0000 val_acc=0.6971 val_auc=0.9541
[iter-train] ep=18 loss=0.7829 ce=0.7788 rrr=0.0000 val_acc=0.6983 val_auc=0.9537
[iter-train] ep=19 loss=0.7710 ce=0.7670 rrr=0.0000 val_acc=0.6904 val_auc=0.9531
[iter-train] ep=20 loss=0.7616 ce=0.7576 rrr=0.0000 val_acc=0.7070 val_auc=0.9550
[iter-train] ep=21 loss=0.7499 ce=0.7449 rrr=0.0000 val_acc=0.6978 val_auc=0.9542
[iter-train] ep=22 loss=0.7377 ce=0.7336 rrr=0.0000 val_acc=0.6963 val_auc=0.9537
[iter-train] ep=23 loss=0.7282 ce=0.7241 rrr=0.0000 val_acc=0.6959 val_auc=0.9542
[iter-train] ep=24 loss=0.7155 ce=0.7114 rrr=0.0000 val_acc=0.7025 val_auc=0.9545
[iter-train] ep=25 loss=0.7083 ce=0.7040 rrr=0.0000 val_acc=0.6991 val_auc=0.9543
[iter-train] ep=26 loss=0.7020 ce=0.6977 rrr=0.0000 val_acc=0.6995 val_auc=0.9537
[iter-train] ep=27 loss=0.6930 ce=0.6887 rrr=0.0000 val_acc=0.7006 val_auc=0.9541
[iter-train] ep=28 loss=0.6886 ce=0.6842 rrr=0.0000 val_acc=0.6987 val_auc=0.9536
[iter-train] ep=29 loss=0.6861 ce=0.6814 rrr=0.0000 val_acc=0.7016 val_auc=0.9542
[iter-train] ep=30 loss=0.6850 ce=0.6806 rrr=0.0000 val_acc=0.7017 val_auc=0.9542
[iter] done 1: test_acc=0.7012, test_auc=0.9539, aspen_strong3=0.6296
========================================================================
[iter] 2/5
[iter] seed=2052
[iter] computing full-dataset attributions source=input_grad
[iter-train] ep=1 loss=1.4313 ce=1.3513 rrr=0.0008 val_acc=0.5803 val_auc=0.9181
[iter-train] ep=2 loss=1.2698 ce=1.1797 rrr=0.0009 val_acc=0.5751 val_auc=0.9199
[iter-train] ep=3 loss=1.2323 ce=1.1411 rrr=0.0009 val_acc=0.5761 val_auc=0.9212
[iter-train] ep=4 loss=1.1922 ce=1.0996 rrr=0.0009 val_acc=0.6200 val_auc=0.9298
[iter-train] ep=5 loss=1.1665 ce=1.0740 rrr=0.0009 val_acc=0.6226 val_auc=0.9329
[iter-train] ep=6 loss=1.1492 ce=1.0564 rrr=0.0009 val_acc=0.6253 val_auc=0.9314
[iter-train] ep=7 loss=1.1354 ce=1.0426 rrr=0.0009 val_acc=0.6274 val_auc=0.9327
[iter-train] ep=8 loss=1.1225 ce=1.0301 rrr=0.0009 val_acc=0.6370 val_auc=0.9353
[iter-train] ep=9 loss=1.1097 ce=1.0170 rrr=0.0009 val_acc=0.6411 val_auc=0.9361
[iter-train] ep=10 loss=1.0976 ce=1.0070 rrr=0.0009 val_acc=0.6378 val_auc=0.9351
[iter-train] ep=11 loss=1.0854 ce=0.9941 rrr=0.0009 val_acc=0.6401 val_auc=0.9369
[iter-train] ep=12 loss=1.0747 ce=0.9814 rrr=0.0009 val_acc=0.6502 val_auc=0.9401
[iter-train] ep=13 loss=1.0717 ce=0.9713 rrr=0.0010 val_acc=0.6475 val_auc=0.9403
[iter-train] ep=14 loss=1.0580 ce=0.9587 rrr=0.0010 val_acc=0.6555 val_auc=0.9409
[iter-train] ep=15 loss=1.0469 ce=0.9494 rrr=0.0010 val_acc=0.6572 val_auc=0.9426
[iter-train] ep=16 loss=1.0572 ce=0.9391 rrr=0.0012 val_acc=0.6569 val_auc=0.9424
[iter-train] ep=17 loss=1.0371 ce=0.9285 rrr=0.0011 val_acc=0.6540 val_auc=0.9418
[iter-train] ep=18 loss=1.0283 ce=0.9171 rrr=0.0011 val_acc=0.6563 val_auc=0.9425
[iter-train] ep=19 loss=1.0257 ce=0.9086 rrr=0.0012 val_acc=0.6649 val_auc=0.9439
[iter-train] ep=20 loss=1.0126 ce=0.8980 rrr=0.0011 val_acc=0.6671 val_auc=0.9449
[iter-train] ep=21 loss=0.9885 ce=0.8869 rrr=0.0010 val_acc=0.6609 val_auc=0.9437
[iter-train] ep=22 loss=0.9847 ce=0.8781 rrr=0.0011 val_acc=0.6634 val_auc=0.9447
[iter-train] ep=23 loss=0.9610 ce=0.8697 rrr=0.0009 val_acc=0.6673 val_auc=0.9455
[iter-train] ep=24 loss=0.9953 ce=0.8608 rrr=0.0013 val_acc=0.6678 val_auc=0.9455
[iter-train] ep=25 loss=0.9579 ce=0.8522 rrr=0.0011 val_acc=0.6675 val_auc=0.9460
[iter-train] ep=26 loss=0.9461 ce=0.8462 rrr=0.0010 val_acc=0.6698 val_auc=0.9461
[iter-train] ep=27 loss=0.9572 ce=0.8414 rrr=0.0012 val_acc=0.6712 val_auc=0.9466
[iter-train] ep=28 loss=0.9385 ce=0.8372 rrr=0.0010 val_acc=0.6716 val_auc=0.9464
[iter-train] ep=29 loss=0.9241 ce=0.8352 rrr=0.0009 val_acc=0.6707 val_auc=0.9463
[iter-train] ep=30 loss=0.9302 ce=0.8338 rrr=0.0010 val_acc=0.6712 val_auc=0.9465
[iter] done 2: test_acc=0.6712, test_auc=0.9468, aspen_strong3=0.6231
========================================================================
[iter] 3/5
[iter] seed=3052
[iter] computing full-dataset attributions source=input_grad
[iter-train] ep=1 loss=1.4121 ce=1.3269 rrr=0.0009 val_acc=0.6066 val_auc=0.9241
[iter-train] ep=2 loss=1.2561 ce=1.1589 rrr=0.0010 val_acc=0.6023 val_auc=0.9237
[iter-train] ep=3 loss=1.2213 ce=1.1230 rrr=0.0010 val_acc=0.6160 val_auc=0.9269
[iter-train] ep=4 loss=1.1837 ce=1.0846 rrr=0.0010 val_acc=0.6394 val_auc=0.9345
[iter-train] ep=5 loss=1.1602 ce=1.0604 rrr=0.0010 val_acc=0.6187 val_auc=0.9330
[iter-train] ep=6 loss=1.1438 ce=1.0427 rrr=0.0010 val_acc=0.6276 val_auc=0.9349
[iter-train] ep=7 loss=1.1315 ce=1.0299 rrr=0.0010 val_acc=0.6422 val_auc=0.9361
[iter-train] ep=8 loss=1.1193 ce=1.0163 rrr=0.0010 val_acc=0.6363 val_auc=0.9378
[iter-train] ep=9 loss=1.1091 ce=1.0050 rrr=0.0010 val_acc=0.6485 val_auc=0.9400
[iter-train] ep=10 loss=1.0998 ce=0.9949 rrr=0.0010 val_acc=0.6377 val_auc=0.9371
[iter-train] ep=11 loss=1.0925 ce=0.9834 rrr=0.0011 val_acc=0.6393 val_auc=0.9394
[iter-train] ep=12 loss=1.0850 ce=0.9746 rrr=0.0011 val_acc=0.6358 val_auc=0.9408
[iter-train] ep=13 loss=1.0753 ce=0.9635 rrr=0.0011 val_acc=0.6554 val_auc=0.9414
[iter-train] ep=14 loss=1.0719 ce=0.9559 rrr=0.0012 val_acc=0.6466 val_auc=0.9422
[iter-train] ep=15 loss=1.0730 ce=0.9478 rrr=0.0013 val_acc=0.6499 val_auc=0.9416
[iter-train] ep=16 loss=1.0806 ce=0.9349 rrr=0.0015 val_acc=0.6550 val_auc=0.9426
[iter-train] ep=17 loss=1.0487 ce=0.9282 rrr=0.0012 val_acc=0.6650 val_auc=0.9447
[iter-train] ep=18 loss=1.0586 ce=0.9168 rrr=0.0014 val_acc=0.6706 val_auc=0.9458
[iter-train] ep=19 loss=1.0696 ce=0.9079 rrr=0.0016 val_acc=0.6660 val_auc=0.9460
[iter-train] ep=20 loss=1.0709 ce=0.8987 rrr=0.0017 val_acc=0.6712 val_auc=0.9469
[iter-train] ep=21 loss=1.0123 ce=0.8893 rrr=0.0012 val_acc=0.6638 val_auc=0.9459
[iter-train] ep=22 loss=1.0325 ce=0.8811 rrr=0.0015 val_acc=0.6677 val_auc=0.9467
[iter-train] ep=23 loss=1.0232 ce=0.8716 rrr=0.0015 val_acc=0.6707 val_auc=0.9465
[iter-train] ep=24 loss=1.0098 ce=0.8651 rrr=0.0014 val_acc=0.6721 val_auc=0.9472
[iter-train] ep=25 loss=1.0306 ce=0.8575 rrr=0.0017 val_acc=0.6741 val_auc=0.9480
[iter-train] ep=26 loss=1.0046 ce=0.8528 rrr=0.0015 val_acc=0.6733 val_auc=0.9478
[iter-train] ep=27 loss=1.0045 ce=0.8476 rrr=0.0016 val_acc=0.6735 val_auc=0.9479
[iter-train] ep=28 loss=1.0111 ce=0.8446 rrr=0.0017 val_acc=0.6732 val_auc=0.9480
[iter-train] ep=29 loss=1.0064 ce=0.8416 rrr=0.0016 val_acc=0.6739 val_auc=0.9480
[iter-train] ep=30 loss=1.0617 ce=0.8398 rrr=0.0022 val_acc=0.6740 val_auc=0.9481
[iter] done 3: test_acc=0.6746, test_auc=0.9484, aspen_strong3=0.7998
========================================================================
[iter] 4/5
[iter] seed=4052
[iter] computing full-dataset attributions source=input_grad
[iter-train] ep=1 loss=1.4200 ce=1.3327 rrr=0.0009 val_acc=0.5822 val_auc=0.9199
[iter-train] ep=2 loss=1.2701 ce=1.1677 rrr=0.0010 val_acc=0.6016 val_auc=0.9249
[iter-train] ep=3 loss=1.2351 ce=1.1302 rrr=0.0010 val_acc=0.5642 val_auc=0.9181
[iter-train] ep=4 loss=1.1987 ce=1.0928 rrr=0.0011 val_acc=0.6180 val_auc=0.9288
[iter-train] ep=5 loss=1.1776 ce=1.0706 rrr=0.0011 val_acc=0.6169 val_auc=0.9311
[iter-train] ep=6 loss=1.1591 ce=1.0511 rrr=0.0011 val_acc=0.6039 val_auc=0.9292
[iter-train] ep=7 loss=1.1479 ce=1.0385 rrr=0.0011 val_acc=0.6437 val_auc=0.9380
[iter-train] ep=8 loss=1.1396 ce=1.0260 rrr=0.0011 val_acc=0.6458 val_auc=0.9384
[iter-train] ep=9 loss=1.1279 ce=1.0144 rrr=0.0011 val_acc=0.6377 val_auc=0.9380
[iter-train] ep=10 loss=1.1208 ce=1.0026 rrr=0.0012 val_acc=0.6386 val_auc=0.9386
[iter-train] ep=11 loss=1.1208 ce=0.9931 rrr=0.0013 val_acc=0.6615 val_auc=0.9415
[iter-train] ep=12 loss=1.1228 ce=0.9839 rrr=0.0014 val_acc=0.6532 val_auc=0.9404
[iter-train] ep=13 loss=1.1013 ce=0.9748 rrr=0.0013 val_acc=0.6513 val_auc=0.9424
[iter-train] ep=14 loss=1.1091 ce=0.9658 rrr=0.0014 val_acc=0.6558 val_auc=0.9418
[iter-train] ep=15 loss=1.1055 ce=0.9565 rrr=0.0015 val_acc=0.6566 val_auc=0.9431
[iter-train] ep=16 loss=1.1038 ce=0.9490 rrr=0.0015 val_acc=0.6534 val_auc=0.9425
[iter-train] ep=17 loss=1.1653 ce=0.9384 rrr=0.0023 val_acc=0.6592 val_auc=0.9437
[iter-train] ep=18 loss=1.1402 ce=0.9285 rrr=0.0021 val_acc=0.6592 val_auc=0.9434
[iter-train] ep=19 loss=1.0679 ce=0.9195 rrr=0.0015 val_acc=0.6651 val_auc=0.9449
[iter-train] ep=20 loss=1.1699 ce=0.9109 rrr=0.0026 val_acc=0.6685 val_auc=0.9462
[iter-train] ep=21 loss=1.1232 ce=0.9024 rrr=0.0022 val_acc=0.6761 val_auc=0.9475
[iter-train] ep=22 loss=1.1778 ce=0.8944 rrr=0.0028 val_acc=0.6668 val_auc=0.9460
[iter-train] ep=23 loss=1.1337 ce=0.8869 rrr=0.0025 val_acc=0.6699 val_auc=0.9459
[iter-train] ep=24 loss=1.1262 ce=0.8784 rrr=0.0025 val_acc=0.6686 val_auc=0.9463
[iter-train] ep=25 loss=1.0701 ce=0.8722 rrr=0.0020 val_acc=0.6759 val_auc=0.9478
[iter-train] ep=26 loss=1.1085 ce=0.8655 rrr=0.0024 val_acc=0.6725 val_auc=0.9475
[iter-train] ep=27 loss=1.0633 ce=0.8621 rrr=0.0020 val_acc=0.6701 val_auc=0.9472
[iter-train] ep=28 loss=1.0744 ce=0.8578 rrr=0.0022 val_acc=0.6736 val_auc=0.9476
[iter-train] ep=29 loss=1.0804 ce=0.8560 rrr=0.0022 val_acc=0.6736 val_auc=0.9477
[iter-train] ep=30 loss=1.0593 ce=0.8536 rrr=0.0021 val_acc=0.6729 val_auc=0.9478
[iter] done 4: test_acc=0.6733, test_auc=0.9479, aspen_strong3=0.6535
========================================================================
[iter] 5/5
[iter] seed=5052
[iter] computing full-dataset attributions source=input_grad
[iter-train] ep=1 loss=1.4138 ce=1.3239 rrr=0.0009 val_acc=0.5929 val_auc=0.9217
[iter-train] ep=2 loss=1.2751 ce=1.1700 rrr=0.0011 val_acc=0.5997 val_auc=0.9226
[iter-train] ep=3 loss=1.2399 ce=1.1324 rrr=0.0011 val_acc=0.5935 val_auc=0.9236
[iter-train] ep=4 loss=1.2058 ce=1.0962 rrr=0.0011 val_acc=0.6151 val_auc=0.9306
[iter-train] ep=5 loss=1.1864 ce=1.0753 rrr=0.0011 val_acc=0.6377 val_auc=0.9349
[iter-train] ep=6 loss=1.1719 ce=1.0579 rrr=0.0011 val_acc=0.6275 val_auc=0.9363
[iter-train] ep=7 loss=1.1611 ce=1.0429 rrr=0.0012 val_acc=0.6283 val_auc=0.9358
[iter-train] ep=8 loss=1.1554 ce=1.0330 rrr=0.0012 val_acc=0.6297 val_auc=0.9371
[iter-train] ep=9 loss=1.1422 ce=1.0222 rrr=0.0012 val_acc=0.6283 val_auc=0.9364
[iter-train] ep=10 loss=1.1407 ce=1.0112 rrr=0.0013 val_acc=0.6495 val_auc=0.9400
[iter-train] ep=11 loss=1.1366 ce=1.0020 rrr=0.0013 val_acc=0.6491 val_auc=0.9388
[iter-train] ep=12 loss=1.1249 ce=0.9942 rrr=0.0013 val_acc=0.6441 val_auc=0.9389
[iter-train] ep=13 loss=1.1282 ce=0.9862 rrr=0.0014 val_acc=0.6581 val_auc=0.9417
[iter-train] ep=14 loss=1.1146 ce=0.9759 rrr=0.0014 val_acc=0.6581 val_auc=0.9424
[iter-train] ep=15 loss=1.1248 ce=0.9653 rrr=0.0016 val_acc=0.6567 val_auc=0.9416
[iter-train] ep=16 loss=1.1177 ce=0.9595 rrr=0.0016 val_acc=0.6534 val_auc=0.9419
[iter-train] ep=17 loss=1.1046 ce=0.9481 rrr=0.0016 val_acc=0.6539 val_auc=0.9424
[iter-train] ep=18 loss=1.0980 ce=0.9418 rrr=0.0016 val_acc=0.6633 val_auc=0.9433
[iter-train] ep=19 loss=1.1016 ce=0.9317 rrr=0.0017 val_acc=0.6677 val_auc=0.9447
[iter-train] ep=20 loss=1.1093 ce=0.9225 rrr=0.0019 val_acc=0.6642 val_auc=0.9454
[iter-train] ep=21 loss=1.0844 ce=0.9127 rrr=0.0017 val_acc=0.6643 val_auc=0.9458
[iter-train] ep=22 loss=1.1086 ce=0.9057 rrr=0.0020 val_acc=0.6631 val_auc=0.9451
[iter-train] ep=23 loss=1.0791 ce=0.8983 rrr=0.0018 val_acc=0.6681 val_auc=0.9457
[iter-train] ep=24 loss=1.1038 ce=0.8902 rrr=0.0021 val_acc=0.6691 val_auc=0.9461
[iter-train] ep=25 loss=1.0893 ce=0.8848 rrr=0.0020 val_acc=0.6695 val_auc=0.9466
[iter-train] ep=26 loss=1.0548 ce=0.8784 rrr=0.0018 val_acc=0.6670 val_auc=0.9464
[iter-train] ep=27 loss=1.0613 ce=0.8726 rrr=0.0019 val_acc=0.6683 val_auc=0.9465
[iter-train] ep=28 loss=1.0868 ce=0.8691 rrr=0.0022 val_acc=0.6672 val_auc=0.9465
[iter-train] ep=29 loss=1.0275 ce=0.8674 rrr=0.0016 val_acc=0.6693 val_auc=0.9469
[iter-train] ep=30 loss=1.0451 ce=0.8660 rrr=0.0018 val_acc=0.6693 val_auc=0.9469
[iter] done 5: test_acc=0.6704, test_auc=0.9471, aspen_strong3=0.6001
[done] outputs:
  /home/ryreu/atlas/CompPhys_FinalProject/restart_studies/results/rrr_findanother_seed52_input_grad_lam100_mask0p05/config.json
  /home/ryreu/atlas/CompPhys_FinalProject/restart_studies/results/rrr_findanother_seed52_input_grad_lam100_mask0p05/iteration_summary.csv
  /home/ryreu/atlas/CompPhys_FinalProject/restart_studies/results/rrr_findanother_seed52_input_grad_lam100_mask0p05/summary.json
  /home/ryreu/atlas/CompPhys_FinalProject/restart_studies/results/rrr_findanother_seed52_input_grad_lam100_mask0p05/iter_01/jetclass_test_metrics.json
  /home/ryreu/atlas/CompPhys_FinalProject/restart_studies/results/rrr_findanother_seed52_input_grad_lam100_mask0p05/iter_01/aspen_shift_metrics.json
  /home/ryreu/atlas/CompPhys_FinalProject/restart_studies/results/rrr_findanother_seed52_input_grad_lam100_mask0p05/iter_02/jetclass_test_metrics.json
  /home/ryreu/atlas/CompPhys_FinalProject/restart_studies/results/rrr_findanother_seed52_input_grad_lam100_mask0p05/iter_02/aspen_shift_metrics.json
  /home/ryreu/atlas/CompPhys_FinalProject/restart_studies/results/rrr_findanother_seed52_input_grad_lam100_mask0p05/iter_03/jetclass_test_metrics.json
  /home/ryreu/atlas/CompPhys_FinalProject/restart_studies/results/rrr_findanother_seed52_input_grad_lam100_mask0p05/iter_03/aspen_shift_metrics.json
  /home/ryreu/atlas/CompPhys_FinalProject/restart_studies/results/rrr_findanother_seed52_input_grad_lam100_mask0p05/iter_04/jetclass_test_metrics.json
  /home/ryreu/atlas/CompPhys_FinalProject/restart_studies/results/rrr_findanother_seed52_input_grad_lam100_mask0p05/iter_04/aspen_shift_metrics.json
  /home/ryreu/atlas/CompPhys_FinalProject/restart_studies/results/rrr_findanother_seed52_input_grad_lam100_mask0p05/iter_05/jetclass_test_metrics.json
  /home/ryreu/atlas/CompPhys_FinalProject/restart_studies/results/rrr_findanother_seed52_input_grad_lam100_mask0p05/iter_05/aspen_shift_metrics.json
[done] outputs:
  /home/ryreu/atlas/CompPhys_FinalProject/restart_studies/results/rrr_findanother_seed52_input_grad_lam100_mask0p05/config.json
  /home/ryreu/atlas/CompPhys_FinalProject/restart_studies/results/rrr_findanother_seed52_input_grad_lam100_mask0p05/iteration_summary.csv
  /home/ryreu/atlas/CompPhys_FinalProject/restart_studies/results/rrr_findanother_seed52_input_grad_lam100_mask0p05/summary.json
