============================================================
RRR Find-Another Sweep (16-config array)
Array Job: 21209303
Task ID: 0 / 15
A_SOURCE: input_grad
Lambda: 1
Mask frac: 0.05
Run name: rrr_findanother_seed52_input_grad_lam1_mask0p05
Delegating to: /home/ryreu/atlas/CompPhys_FinalProject/restart_studies/sbatch_train_rrr_find_another_single.sh
============================================================
[preflight] WORKDIR=/home/ryreu/atlas/CompPhys_FinalProject
[preflight] PROJECT_ROOT=/home/ryreu/atlas/CompPhys_FinalProject
[preflight] SCRIPT=/home/ryreu/atlas/CompPhys_FinalProject/restart_studies/train_rrr_find_another_single.py
[preflight] RUN_NAME=rrr_findanother_seed52_input_grad_lam1_mask0p05
[preflight] A_SOURCE=input_grad
[preflight] LAMBDA_RRR=1
[preflight] MASK_FRAC=0.05
[preflight] DATA_DIR=/home/ryreu/atlas/PracticeTagging/data/jetclass_part0
[preflight] ASPEN_DIR=/home/ryreu/atlas/CompPhys_Final/data/AspenOpenJets
[preflight] python: /home/ryreu/miniconda3/envs/atlas_kd/bin/python3
[preflight] module check OK
============================================================
RRR Find-Another Training (Single Config)
Job ID: 21211830
Node: skl-a-54
Output: /home/ryreu/atlas/CompPhys_FinalProject/restart_studies/results/rrr_findanother_seed52_input_grad_lam1_mask0p05
============================================================
 python3 -u /home/ryreu/atlas/CompPhys_FinalProject/restart_studies/train_rrr_find_another_single.py --data_dir /home/ryreu/atlas/PracticeTagging/data/jetclass_part0 --aspen_data_dir /home/ryreu/atlas/CompPhys_Final/data/AspenOpenJets --aspen_glob Run\*.h5 --aspen_n_jets 1000000 --aspen_chunk_jets 50000 --output_root /home/ryreu/atlas/CompPhys_FinalProject/restart_studies/results --run_name rrr_findanother_seed52_input_grad_lam1_mask0p05 --seed 52 --device cuda --num_workers 4 --feature_mode full --max_constits 128 --train_files_per_class 8 --val_files_per_class 1 --test_files_per_class 1 --n_train_jets 150000 --n_val_jets 50000 --n_test_jets 150000 --batch_size 512 --rrr_batch_size 128 --epochs 30 --lr 7e-4 --weight_decay 1e-5 --warmup_epochs 3 --embed_dim 128 --num_heads 8 --num_layers 6 --ff_dim 512 --dropout 0.1 --target_class HToBB --background_class ZJetsToNuNu --a_source input_grad --lambda_rrr 1 --mask_frac 0.05 --max_iterations 5 --attr_batch_size 128 --ig_steps 16 --smoothgrad_samples 16 --smoothgrad_sigma 0.10
[info] run_dir=/home/ryreu/atlas/CompPhys_FinalProject/restart_studies/results/rrr_findanother_seed52_input_grad_lam1_mask0p05
[info] device=cuda
[info] classes:
  - HToBB: 10 files
  - HToCC: 10 files
  - HToGG: 10 files
  - HToWW2Q1L: 10 files
  - HToWW4Q: 10 files
  - TTBar: 10 files
  - TTBarLep: 10 files
  - WToQQ: 10 files
  - ZJetsToNuNu: 10 files
  - ZToQQ: 10 files
[info] loading train/val/test splits
[info] loaded jets train=150000 val=50000 test=150000
[info] domain-prior mask coverage tokens=295956/5898045 features=2959560/100266765
========================================================================
[iter] 1/5
[iter] seed=1052
[iter-train] ep=1 loss=1.2364 ce=1.2330 rrr=0.0033 val_acc=0.6233 val_auc=0.9312
[iter-train] ep=2 loss=1.0497 ce=1.0462 rrr=0.0035 val_acc=0.6207 val_auc=0.9339
[iter-train] ep=3 loss=1.0093 ce=1.0059 rrr=0.0034 val_acc=0.6338 val_auc=0.9396
[iter-train] ep=4 loss=0.9637 ce=0.9606 rrr=0.0032 val_acc=0.6500 val_auc=0.9417
[iter-train] ep=5 loss=0.9371 ce=0.9340 rrr=0.0031 val_acc=0.6731 val_auc=0.9462
[iter-train] ep=6 loss=0.9195 ce=0.9167 rrr=0.0028 val_acc=0.6816 val_auc=0.9489
[iter-train] ep=7 loss=0.9021 ce=0.8993 rrr=0.0027 val_acc=0.6644 val_auc=0.9472
[iter-train] ep=8 loss=0.8915 ce=0.8889 rrr=0.0025 val_acc=0.6697 val_auc=0.9486
[iter-train] ep=9 loss=0.8782 ce=0.8758 rrr=0.0024 val_acc=0.6667 val_auc=0.9474
[iter-train] ep=10 loss=0.8684 ce=0.8660 rrr=0.0024 val_acc=0.6892 val_auc=0.9510
[iter-train] ep=11 loss=0.8570 ce=0.8547 rrr=0.0023 val_acc=0.6957 val_auc=0.9516
[iter-train] ep=12 loss=0.8465 ce=0.8442 rrr=0.0023 val_acc=0.6937 val_auc=0.9521
[iter-train] ep=13 loss=0.8366 ce=0.8344 rrr=0.0022 val_acc=0.7020 val_auc=0.9533
[iter-train] ep=14 loss=0.8253 ce=0.8231 rrr=0.0023 val_acc=0.6943 val_auc=0.9525
[iter-train] ep=15 loss=0.8141 ce=0.8118 rrr=0.0022 val_acc=0.6945 val_auc=0.9520
[iter-train] ep=16 loss=0.8027 ce=0.8004 rrr=0.0022 val_acc=0.6845 val_auc=0.9514
[iter-train] ep=17 loss=0.7918 ce=0.7896 rrr=0.0022 val_acc=0.7066 val_auc=0.9551
[iter-train] ep=18 loss=0.7801 ce=0.7778 rrr=0.0023 val_acc=0.7015 val_auc=0.9542
[iter-train] ep=19 loss=0.7685 ce=0.7662 rrr=0.0023 val_acc=0.7013 val_auc=0.9543
[iter-train] ep=20 loss=0.7585 ce=0.7561 rrr=0.0024 val_acc=0.7114 val_auc=0.9560
[iter-train] ep=21 loss=0.7464 ce=0.7440 rrr=0.0024 val_acc=0.7060 val_auc=0.9552
[iter-train] ep=22 loss=0.7340 ce=0.7314 rrr=0.0025 val_acc=0.7102 val_auc=0.9557
[iter-train] ep=23 loss=0.7230 ce=0.7203 rrr=0.0026 val_acc=0.7076 val_auc=0.9554
[iter-train] ep=24 loss=0.7124 ce=0.7097 rrr=0.0028 val_acc=0.7115 val_auc=0.9557
[iter-train] ep=25 loss=0.7040 ce=0.7011 rrr=0.0029 val_acc=0.7076 val_auc=0.9552
[iter-train] ep=26 loss=0.6972 ce=0.6943 rrr=0.0029 val_acc=0.7109 val_auc=0.9554
[iter-train] ep=27 loss=0.6894 ce=0.6864 rrr=0.0030 val_acc=0.7112 val_auc=0.9556
[iter-train] ep=28 loss=0.6857 ce=0.6826 rrr=0.0031 val_acc=0.7111 val_auc=0.9553
[iter-train] ep=29 loss=0.6812 ce=0.6780 rrr=0.0031 val_acc=0.7130 val_auc=0.9556
[iter-train] ep=30 loss=0.6807 ce=0.6776 rrr=0.0032 val_acc=0.7131 val_auc=0.9556
[iter] done 1: test_acc=0.7112, test_auc=0.9555, aspen_strong3=0.6076
========================================================================
[iter] 2/5
[iter] seed=2052
[iter] computing full-dataset attributions source=input_grad
[iter-train] ep=1 loss=1.2599 ce=1.2503 rrr=0.0096 val_acc=0.6133 val_auc=0.9315
[iter-train] ep=2 loss=1.0731 ce=1.0576 rrr=0.0155 val_acc=0.6383 val_auc=0.9361
[iter-train] ep=3 loss=1.0290 ce=1.0112 rrr=0.0178 val_acc=0.6366 val_auc=0.9368
[iter-train] ep=4 loss=0.9874 ce=0.9691 rrr=0.0183 val_acc=0.6612 val_auc=0.9437
[iter-train] ep=5 loss=0.9605 ce=0.9413 rrr=0.0192 val_acc=0.6637 val_auc=0.9449
[iter-train] ep=6 loss=0.9445 ce=0.9254 rrr=0.0191 val_acc=0.6692 val_auc=0.9450
[iter-train] ep=7 loss=0.9300 ce=0.9106 rrr=0.0194 val_acc=0.6791 val_auc=0.9474
[iter-train] ep=8 loss=0.9169 ce=0.8975 rrr=0.0194 val_acc=0.6806 val_auc=0.9484
[iter-train] ep=9 loss=0.9062 ce=0.8870 rrr=0.0192 val_acc=0.6800 val_auc=0.9489
[iter-train] ep=10 loss=0.8963 ce=0.8770 rrr=0.0193 val_acc=0.6908 val_auc=0.9502
[iter-train] ep=11 loss=0.8824 ce=0.8631 rrr=0.0194 val_acc=0.6879 val_auc=0.9505
[iter-train] ep=12 loss=0.8724 ce=0.8529 rrr=0.0195 val_acc=0.6925 val_auc=0.9519
[iter-train] ep=13 loss=0.8623 ce=0.8426 rrr=0.0197 val_acc=0.6931 val_auc=0.9520
[iter-train] ep=14 loss=0.8509 ce=0.8315 rrr=0.0195 val_acc=0.6916 val_auc=0.9513
[iter-train] ep=15 loss=0.8407 ce=0.8209 rrr=0.0198 val_acc=0.6954 val_auc=0.9523
[iter-train] ep=16 loss=0.8307 ce=0.8107 rrr=0.0200 val_acc=0.6933 val_auc=0.9520
[iter-train] ep=17 loss=0.8189 ce=0.7988 rrr=0.0201 val_acc=0.6976 val_auc=0.9530
[iter-train] ep=18 loss=0.8067 ce=0.7863 rrr=0.0204 val_acc=0.6948 val_auc=0.9529
[iter-train] ep=19 loss=0.7968 ce=0.7763 rrr=0.0205 val_acc=0.6995 val_auc=0.9538
[iter-train] ep=20 loss=0.7846 ce=0.7639 rrr=0.0207 val_acc=0.6998 val_auc=0.9538
[iter-train] ep=21 loss=0.7738 ce=0.7530 rrr=0.0207 val_acc=0.7017 val_auc=0.9540
[iter-train] ep=22 loss=0.7635 ce=0.7422 rrr=0.0213 val_acc=0.6967 val_auc=0.9532
[iter-train] ep=23 loss=0.7532 ce=0.7321 rrr=0.0211 val_acc=0.6980 val_auc=0.9536
[iter-train] ep=24 loss=0.7426 ce=0.7212 rrr=0.0214 val_acc=0.6965 val_auc=0.9530
[iter-train] ep=25 loss=0.7326 ce=0.7112 rrr=0.0214 val_acc=0.7001 val_auc=0.9535
[iter-train] ep=26 loss=0.7266 ce=0.7045 rrr=0.0221 val_acc=0.6981 val_auc=0.9533
[iter-train] ep=27 loss=0.7179 ce=0.6959 rrr=0.0219 val_acc=0.7002 val_auc=0.9536
[iter-train] ep=28 loss=0.7143 ce=0.6924 rrr=0.0219 val_acc=0.6984 val_auc=0.9532
[iter-train] ep=29 loss=0.7107 ce=0.6889 rrr=0.0218 val_acc=0.6977 val_auc=0.9530
[iter-train] ep=30 loss=0.7103 ce=0.6882 rrr=0.0221 val_acc=0.6990 val_auc=0.9531
[iter] done 2: test_acc=0.6959, test_auc=0.9527, aspen_strong3=0.6688
========================================================================
[iter] 3/5
[iter] seed=3052
[iter] computing full-dataset attributions source=input_grad
[iter-train] ep=1 loss=1.2506 ce=1.2405 rrr=0.0101 val_acc=0.6342 val_auc=0.9330
[iter-train] ep=2 loss=1.0668 ce=1.0511 rrr=0.0158 val_acc=0.6451 val_auc=0.9382
[iter-train] ep=3 loss=1.0266 ce=1.0088 rrr=0.0178 val_acc=0.6552 val_auc=0.9394
[iter-train] ep=4 loss=0.9873 ce=0.9684 rrr=0.0189 val_acc=0.6575 val_auc=0.9416
[iter-train] ep=5 loss=0.9600 ce=0.9406 rrr=0.0194 val_acc=0.6691 val_auc=0.9443
[iter-train] ep=6 loss=0.9432 ce=0.9235 rrr=0.0197 val_acc=0.6721 val_auc=0.9457
[iter-train] ep=7 loss=0.9289 ce=0.9092 rrr=0.0196 val_acc=0.6769 val_auc=0.9471
[iter-train] ep=8 loss=0.9155 ce=0.8957 rrr=0.0198 val_acc=0.6691 val_auc=0.9473
[iter-train] ep=9 loss=0.9035 ce=0.8838 rrr=0.0197 val_acc=0.6837 val_auc=0.9500
[iter-train] ep=10 loss=0.8925 ce=0.8724 rrr=0.0201 val_acc=0.6888 val_auc=0.9509
[iter-train] ep=11 loss=0.8808 ce=0.8610 rrr=0.0199 val_acc=0.6765 val_auc=0.9498
[iter-train] ep=12 loss=0.8703 ce=0.8500 rrr=0.0203 val_acc=0.6688 val_auc=0.9503
[iter-train] ep=13 loss=0.8591 ce=0.8390 rrr=0.0201 val_acc=0.6922 val_auc=0.9526
[iter-train] ep=14 loss=0.8516 ce=0.8312 rrr=0.0204 val_acc=0.6886 val_auc=0.9514
[iter-train] ep=15 loss=0.8417 ce=0.8211 rrr=0.0205 val_acc=0.6817 val_auc=0.9512
[iter-train] ep=16 loss=0.8283 ce=0.8070 rrr=0.0212 val_acc=0.6873 val_auc=0.9517
[iter-train] ep=17 loss=0.8195 ce=0.7986 rrr=0.0209 val_acc=0.7039 val_auc=0.9547
[iter-train] ep=18 loss=0.8072 ce=0.7857 rrr=0.0215 val_acc=0.6999 val_auc=0.9545
[iter-train] ep=19 loss=0.7960 ce=0.7746 rrr=0.0213 val_acc=0.6985 val_auc=0.9537
[iter-train] ep=20 loss=0.7850 ce=0.7628 rrr=0.0222 val_acc=0.7023 val_auc=0.9545
[iter-train] ep=21 loss=0.7743 ce=0.7522 rrr=0.0221 val_acc=0.7031 val_auc=0.9550
[iter-train] ep=22 loss=0.7629 ce=0.7402 rrr=0.0227 val_acc=0.6998 val_auc=0.9542
[iter-train] ep=23 loss=0.7524 ce=0.7292 rrr=0.0232 val_acc=0.7050 val_auc=0.9548
[iter-train] ep=24 loss=0.7435 ce=0.7201 rrr=0.0234 val_acc=0.7041 val_auc=0.9545
[iter-train] ep=25 loss=0.7338 ce=0.7099 rrr=0.0239 val_acc=0.7047 val_auc=0.9546
[iter-train] ep=26 loss=0.7272 ce=0.7032 rrr=0.0241 val_acc=0.7050 val_auc=0.9550
[iter-train] ep=27 loss=0.7204 ce=0.6960 rrr=0.0244 val_acc=0.7043 val_auc=0.9546
[iter-train] ep=28 loss=0.7160 ce=0.6918 rrr=0.0242 val_acc=0.7043 val_auc=0.9547
[iter-train] ep=29 loss=0.7142 ce=0.6896 rrr=0.0246 val_acc=0.7054 val_auc=0.9548
[iter-train] ep=30 loss=0.7108 ce=0.6866 rrr=0.0242 val_acc=0.7046 val_auc=0.9548
[iter] done 3: test_acc=0.7045, test_auc=0.9546, aspen_strong3=0.7013
========================================================================
[iter] 4/5
[iter] seed=4052
[iter] computing full-dataset attributions source=input_grad
[iter-train] ep=1 loss=1.2575 ce=1.2477 rrr=0.0098 val_acc=0.6275 val_auc=0.9316
[iter-train] ep=2 loss=1.0741 ce=1.0588 rrr=0.0152 val_acc=0.6409 val_auc=0.9373
[iter-train] ep=3 loss=1.0330 ce=1.0157 rrr=0.0173 val_acc=0.6463 val_auc=0.9387
[iter-train] ep=4 loss=0.9923 ce=0.9739 rrr=0.0184 val_acc=0.6615 val_auc=0.9421
[iter-train] ep=5 loss=0.9664 ce=0.9474 rrr=0.0190 val_acc=0.6673 val_auc=0.9451
[iter-train] ep=6 loss=0.9440 ce=0.9250 rrr=0.0190 val_acc=0.6474 val_auc=0.9414
[iter-train] ep=7 loss=0.9312 ce=0.9119 rrr=0.0193 val_acc=0.6742 val_auc=0.9481
[iter-train] ep=8 loss=0.9180 ce=0.8986 rrr=0.0194 val_acc=0.6832 val_auc=0.9494
[iter-train] ep=9 loss=0.9032 ce=0.8837 rrr=0.0195 val_acc=0.6865 val_auc=0.9502
[iter-train] ep=10 loss=0.8918 ce=0.8721 rrr=0.0198 val_acc=0.6811 val_auc=0.9496
[iter-train] ep=11 loss=0.8819 ce=0.8620 rrr=0.0199 val_acc=0.6947 val_auc=0.9522
[iter-train] ep=12 loss=0.8703 ce=0.8502 rrr=0.0201 val_acc=0.6917 val_auc=0.9517
[iter-train] ep=13 loss=0.8598 ce=0.8396 rrr=0.0202 val_acc=0.6914 val_auc=0.9513
[iter-train] ep=14 loss=0.8495 ce=0.8291 rrr=0.0205 val_acc=0.6938 val_auc=0.9521
[iter-train] ep=15 loss=0.8413 ce=0.8207 rrr=0.0206 val_acc=0.6962 val_auc=0.9533
[iter-train] ep=16 loss=0.8280 ce=0.8072 rrr=0.0208 val_acc=0.6989 val_auc=0.9534
[iter-train] ep=17 loss=0.8174 ce=0.7962 rrr=0.0212 val_acc=0.6989 val_auc=0.9536
[iter-train] ep=18 loss=0.8067 ce=0.7852 rrr=0.0215 val_acc=0.6924 val_auc=0.9528
[iter-train] ep=19 loss=0.7945 ce=0.7727 rrr=0.0218 val_acc=0.7003 val_auc=0.9541
[iter-train] ep=20 loss=0.7828 ce=0.7607 rrr=0.0221 val_acc=0.6988 val_auc=0.9544
[iter-train] ep=21 loss=0.7719 ce=0.7494 rrr=0.0224 val_acc=0.7025 val_auc=0.9549
[iter-train] ep=22 loss=0.7616 ce=0.7390 rrr=0.0226 val_acc=0.7031 val_auc=0.9544
[iter-train] ep=23 loss=0.7521 ce=0.7290 rrr=0.0230 val_acc=0.6994 val_auc=0.9538
[iter-train] ep=24 loss=0.7419 ce=0.7187 rrr=0.0232 val_acc=0.6971 val_auc=0.9534
[iter-train] ep=25 loss=0.7322 ce=0.7084 rrr=0.0238 val_acc=0.7028 val_auc=0.9545
[iter-train] ep=26 loss=0.7240 ce=0.7002 rrr=0.0238 val_acc=0.6984 val_auc=0.9537
[iter-train] ep=27 loss=0.7181 ce=0.6942 rrr=0.0239 val_acc=0.6996 val_auc=0.9538
[iter-train] ep=28 loss=0.7141 ce=0.6896 rrr=0.0245 val_acc=0.7012 val_auc=0.9539
[iter-train] ep=29 loss=0.7087 ce=0.6844 rrr=0.0243 val_acc=0.7021 val_auc=0.9541
[iter-train] ep=30 loss=0.7083 ce=0.6845 rrr=0.0239 val_acc=0.6995 val_auc=0.9539
[iter] done 4: test_acc=0.6999, test_auc=0.9536, aspen_strong3=0.6473
========================================================================
[iter] 5/5
[iter] seed=5052
[iter] computing full-dataset attributions source=input_grad
[iter-train] ep=1 loss=1.2421 ce=1.2325 rrr=0.0096 val_acc=0.6277 val_auc=0.9325
[iter-train] ep=2 loss=1.0666 ce=1.0515 rrr=0.0151 val_acc=0.6546 val_auc=0.9399
[iter-train] ep=3 loss=1.0267 ce=1.0098 rrr=0.0169 val_acc=0.6091 val_auc=0.9308
[iter-train] ep=4 loss=0.9850 ce=0.9668 rrr=0.0182 val_acc=0.6538 val_auc=0.9426
[iter-train] ep=5 loss=0.9625 ce=0.9439 rrr=0.0186 val_acc=0.6716 val_auc=0.9458
[iter-train] ep=6 loss=0.9433 ce=0.9245 rrr=0.0188 val_acc=0.6693 val_auc=0.9459
[iter-train] ep=7 loss=0.9289 ce=0.9094 rrr=0.0195 val_acc=0.6758 val_auc=0.9458
[iter-train] ep=8 loss=0.9164 ce=0.8971 rrr=0.0194 val_acc=0.6783 val_auc=0.9485
[iter-train] ep=9 loss=0.9061 ce=0.8865 rrr=0.0197 val_acc=0.6817 val_auc=0.9497
[iter-train] ep=10 loss=0.8949 ce=0.8751 rrr=0.0198 val_acc=0.6817 val_auc=0.9490
[iter-train] ep=11 loss=0.8834 ce=0.8634 rrr=0.0200 val_acc=0.6886 val_auc=0.9507
[iter-train] ep=12 loss=0.8731 ce=0.8532 rrr=0.0199 val_acc=0.6755 val_auc=0.9504
[iter-train] ep=13 loss=0.8626 ce=0.8426 rrr=0.0200 val_acc=0.6965 val_auc=0.9524
[iter-train] ep=14 loss=0.8524 ce=0.8323 rrr=0.0201 val_acc=0.6997 val_auc=0.9526
[iter-train] ep=15 loss=0.8419 ce=0.8212 rrr=0.0208 val_acc=0.6973 val_auc=0.9523
[iter-train] ep=16 loss=0.8319 ce=0.8114 rrr=0.0205 val_acc=0.7008 val_auc=0.9533
[iter-train] ep=17 loss=0.8205 ce=0.7994 rrr=0.0211 val_acc=0.6985 val_auc=0.9535
[iter-train] ep=18 loss=0.8102 ce=0.7887 rrr=0.0215 val_acc=0.7000 val_auc=0.9536
[iter-train] ep=19 loss=0.7992 ce=0.7775 rrr=0.0218 val_acc=0.6977 val_auc=0.9539
[iter-train] ep=20 loss=0.7878 ce=0.7659 rrr=0.0219 val_acc=0.7048 val_auc=0.9546
[iter-train] ep=21 loss=0.7767 ce=0.7545 rrr=0.0222 val_acc=0.6998 val_auc=0.9536
[iter-train] ep=22 loss=0.7648 ce=0.7425 rrr=0.0223 val_acc=0.7045 val_auc=0.9545
[iter-train] ep=23 loss=0.7562 ce=0.7331 rrr=0.0231 val_acc=0.7023 val_auc=0.9538
[iter-train] ep=24 loss=0.7444 ce=0.7212 rrr=0.0232 val_acc=0.7012 val_auc=0.9540
[iter-train] ep=25 loss=0.7363 ce=0.7131 rrr=0.0233 val_acc=0.7019 val_auc=0.9541
[iter-train] ep=26 loss=0.7291 ce=0.7052 rrr=0.0239 val_acc=0.7033 val_auc=0.9540
[iter-train] ep=27 loss=0.7233 ce=0.6994 rrr=0.0238 val_acc=0.7004 val_auc=0.9536
[iter-train] ep=28 loss=0.7187 ce=0.6947 rrr=0.0240 val_acc=0.7015 val_auc=0.9536
[iter-train] ep=29 loss=0.7154 ce=0.6914 rrr=0.0240 val_acc=0.7027 val_auc=0.9539
[iter-train] ep=30 loss=0.7138 ce=0.6896 rrr=0.0242 val_acc=0.7027 val_auc=0.9538
[iter] done 5: test_acc=0.7022, test_auc=0.9536, aspen_strong3=0.5692
[done] outputs:
  /home/ryreu/atlas/CompPhys_FinalProject/restart_studies/results/rrr_findanother_seed52_input_grad_lam1_mask0p05/config.json
  /home/ryreu/atlas/CompPhys_FinalProject/restart_studies/results/rrr_findanother_seed52_input_grad_lam1_mask0p05/iteration_summary.csv
  /home/ryreu/atlas/CompPhys_FinalProject/restart_studies/results/rrr_findanother_seed52_input_grad_lam1_mask0p05/summary.json
  /home/ryreu/atlas/CompPhys_FinalProject/restart_studies/results/rrr_findanother_seed52_input_grad_lam1_mask0p05/iter_01/jetclass_test_metrics.json
  /home/ryreu/atlas/CompPhys_FinalProject/restart_studies/results/rrr_findanother_seed52_input_grad_lam1_mask0p05/iter_01/aspen_shift_metrics.json
  /home/ryreu/atlas/CompPhys_FinalProject/restart_studies/results/rrr_findanother_seed52_input_grad_lam1_mask0p05/iter_02/jetclass_test_metrics.json
  /home/ryreu/atlas/CompPhys_FinalProject/restart_studies/results/rrr_findanother_seed52_input_grad_lam1_mask0p05/iter_02/aspen_shift_metrics.json
  /home/ryreu/atlas/CompPhys_FinalProject/restart_studies/results/rrr_findanother_seed52_input_grad_lam1_mask0p05/iter_03/jetclass_test_metrics.json
  /home/ryreu/atlas/CompPhys_FinalProject/restart_studies/results/rrr_findanother_seed52_input_grad_lam1_mask0p05/iter_03/aspen_shift_metrics.json
  /home/ryreu/atlas/CompPhys_FinalProject/restart_studies/results/rrr_findanother_seed52_input_grad_lam1_mask0p05/iter_04/jetclass_test_metrics.json
  /home/ryreu/atlas/CompPhys_FinalProject/restart_studies/results/rrr_findanother_seed52_input_grad_lam1_mask0p05/iter_04/aspen_shift_metrics.json
  /home/ryreu/atlas/CompPhys_FinalProject/restart_studies/results/rrr_findanother_seed52_input_grad_lam1_mask0p05/iter_05/jetclass_test_metrics.json
  /home/ryreu/atlas/CompPhys_FinalProject/restart_studies/results/rrr_findanother_seed52_input_grad_lam1_mask0p05/iter_05/aspen_shift_metrics.json
[done] outputs:
  /home/ryreu/atlas/CompPhys_FinalProject/restart_studies/results/rrr_findanother_seed52_input_grad_lam1_mask0p05/config.json
  /home/ryreu/atlas/CompPhys_FinalProject/restart_studies/results/rrr_findanother_seed52_input_grad_lam1_mask0p05/iteration_summary.csv
  /home/ryreu/atlas/CompPhys_FinalProject/restart_studies/results/rrr_findanother_seed52_input_grad_lam1_mask0p05/summary.json
