============================================================
RRR Find-Another Sweep (16-config array)
Array Job: 21209303
Task ID: 7 / 15
A_SOURCE: input_grad
Lambda: 10
Mask frac: 0.30
Run name: rrr_findanother_seed52_input_grad_lam10_mask0p30
Delegating to: /home/ryreu/atlas/CompPhys_FinalProject/restart_studies/sbatch_train_rrr_find_another_single.sh
============================================================
[preflight] WORKDIR=/home/ryreu/atlas/CompPhys_FinalProject
[preflight] PROJECT_ROOT=/home/ryreu/atlas/CompPhys_FinalProject
[preflight] SCRIPT=/home/ryreu/atlas/CompPhys_FinalProject/restart_studies/train_rrr_find_another_single.py
[preflight] RUN_NAME=rrr_findanother_seed52_input_grad_lam10_mask0p30
[preflight] A_SOURCE=input_grad
[preflight] LAMBDA_RRR=10
[preflight] MASK_FRAC=0.30
[preflight] DATA_DIR=/home/ryreu/atlas/PracticeTagging/data/jetclass_part0
[preflight] ASPEN_DIR=/home/ryreu/atlas/CompPhys_Final/data/AspenOpenJets
[preflight] python: /home/ryreu/miniconda3/envs/atlas_kd/bin/python3
[preflight] module check OK
============================================================
RRR Find-Another Training (Single Config)
Job ID: 21215084
Node: skl-a-52
Output: /home/ryreu/atlas/CompPhys_FinalProject/restart_studies/results/rrr_findanother_seed52_input_grad_lam10_mask0p30
============================================================
 python3 -u /home/ryreu/atlas/CompPhys_FinalProject/restart_studies/train_rrr_find_another_single.py --data_dir /home/ryreu/atlas/PracticeTagging/data/jetclass_part0 --aspen_data_dir /home/ryreu/atlas/CompPhys_Final/data/AspenOpenJets --aspen_glob Run\*.h5 --aspen_n_jets 1000000 --aspen_chunk_jets 50000 --output_root /home/ryreu/atlas/CompPhys_FinalProject/restart_studies/results --run_name rrr_findanother_seed52_input_grad_lam10_mask0p30 --seed 52 --device cuda --num_workers 4 --feature_mode full --max_constits 128 --train_files_per_class 8 --val_files_per_class 1 --test_files_per_class 1 --n_train_jets 150000 --n_val_jets 50000 --n_test_jets 150000 --batch_size 512 --rrr_batch_size 128 --epochs 30 --lr 7e-4 --weight_decay 1e-5 --warmup_epochs 3 --embed_dim 128 --num_heads 8 --num_layers 6 --ff_dim 512 --dropout 0.1 --target_class HToBB --background_class ZJetsToNuNu --a_source input_grad --lambda_rrr 10 --mask_frac 0.30 --max_iterations 5 --attr_batch_size 128 --ig_steps 16 --smoothgrad_samples 16 --smoothgrad_sigma 0.10
[info] run_dir=/home/ryreu/atlas/CompPhys_FinalProject/restart_studies/results/rrr_findanother_seed52_input_grad_lam10_mask0p30
[info] device=cuda
[info] classes:
  - HToBB: 10 files
  - HToCC: 10 files
  - HToGG: 10 files
  - HToWW2Q1L: 10 files
  - HToWW4Q: 10 files
  - TTBar: 10 files
  - TTBarLep: 10 files
  - WToQQ: 10 files
  - ZJetsToNuNu: 10 files
  - ZToQQ: 10 files
[info] loading train/val/test splits
[info] loaded jets train=150000 val=50000 test=150000
[info] domain-prior mask coverage tokens=1769358/5898045 features=17693580/100266765
========================================================================
[iter] 1/5
[iter] seed=1052
[iter-train] ep=1 loss=1.2425 ce=1.2324 rrr=0.0010 val_acc=0.6172 val_auc=0.9303
[iter-train] ep=2 loss=1.0529 ce=1.0445 rrr=0.0008 val_acc=0.6053 val_auc=0.9314
[iter-train] ep=3 loss=1.0103 ce=1.0032 rrr=0.0007 val_acc=0.6255 val_auc=0.9381
[iter-train] ep=4 loss=0.9652 ce=0.9591 rrr=0.0006 val_acc=0.6493 val_auc=0.9407
[iter-train] ep=5 loss=0.9400 ce=0.9344 rrr=0.0006 val_acc=0.6664 val_auc=0.9450
[iter-train] ep=6 loss=0.9213 ce=0.9163 rrr=0.0005 val_acc=0.6775 val_auc=0.9486
[iter-train] ep=7 loss=0.9043 ce=0.8996 rrr=0.0005 val_acc=0.6544 val_auc=0.9456
[iter-train] ep=8 loss=0.8929 ce=0.8884 rrr=0.0004 val_acc=0.6653 val_auc=0.9467
[iter-train] ep=9 loss=0.8806 ce=0.8765 rrr=0.0004 val_acc=0.6645 val_auc=0.9464
[iter-train] ep=10 loss=0.8699 ce=0.8660 rrr=0.0004 val_acc=0.6857 val_auc=0.9511
[iter-train] ep=11 loss=0.8590 ce=0.8552 rrr=0.0004 val_acc=0.6906 val_auc=0.9504
[iter-train] ep=12 loss=0.8499 ce=0.8462 rrr=0.0004 val_acc=0.6898 val_auc=0.9514
[iter-train] ep=13 loss=0.8405 ce=0.8369 rrr=0.0004 val_acc=0.7010 val_auc=0.9531
[iter-train] ep=14 loss=0.8285 ce=0.8248 rrr=0.0004 val_acc=0.6953 val_auc=0.9526
[iter-train] ep=15 loss=0.8173 ce=0.8137 rrr=0.0004 val_acc=0.6916 val_auc=0.9524
[iter-train] ep=16 loss=0.8066 ce=0.8030 rrr=0.0004 val_acc=0.6811 val_auc=0.9508
[iter-train] ep=17 loss=0.7973 ce=0.7937 rrr=0.0004 val_acc=0.7009 val_auc=0.9543
[iter-train] ep=18 loss=0.7849 ce=0.7812 rrr=0.0004 val_acc=0.6958 val_auc=0.9532
[iter-train] ep=19 loss=0.7742 ce=0.7705 rrr=0.0004 val_acc=0.6997 val_auc=0.9541
[iter-train] ep=20 loss=0.7651 ce=0.7613 rrr=0.0004 val_acc=0.7082 val_auc=0.9552
[iter-train] ep=21 loss=0.7529 ce=0.7491 rrr=0.0004 val_acc=0.6978 val_auc=0.9537
[iter-train] ep=22 loss=0.7412 ce=0.7372 rrr=0.0004 val_acc=0.6999 val_auc=0.9540
[iter-train] ep=23 loss=0.7315 ce=0.7274 rrr=0.0004 val_acc=0.7009 val_auc=0.9540
[iter-train] ep=24 loss=0.7205 ce=0.7163 rrr=0.0004 val_acc=0.7035 val_auc=0.9543
[iter-train] ep=25 loss=0.7133 ce=0.7089 rrr=0.0004 val_acc=0.6988 val_auc=0.9536
[iter-train] ep=26 loss=0.7066 ce=0.7022 rrr=0.0004 val_acc=0.7026 val_auc=0.9538
[iter-train] ep=27 loss=0.6996 ce=0.6950 rrr=0.0005 val_acc=0.7029 val_auc=0.9540
[iter-train] ep=28 loss=0.6950 ce=0.6904 rrr=0.0005 val_acc=0.7025 val_auc=0.9538
[iter-train] ep=29 loss=0.6921 ce=0.6875 rrr=0.0005 val_acc=0.7036 val_auc=0.9540
[iter-train] ep=30 loss=0.6916 ce=0.6869 rrr=0.0005 val_acc=0.7038 val_auc=0.9541
[iter] done 1: test_acc=0.7031, test_auc=0.9540, aspen_strong3=0.5373
========================================================================
[iter] 2/5
[iter] seed=2052
[iter] computing full-dataset attributions source=input_grad
[iter-train] ep=1 loss=1.2902 ce=1.2577 rrr=0.0032 val_acc=0.6067 val_auc=0.9294
[iter-train] ep=2 loss=1.1103 ce=1.0682 rrr=0.0042 val_acc=0.6320 val_auc=0.9341
[iter-train] ep=3 loss=1.0650 ce=1.0217 rrr=0.0043 val_acc=0.6369 val_auc=0.9362
[iter-train] ep=4 loss=1.0237 ce=0.9805 rrr=0.0043 val_acc=0.6545 val_auc=0.9413
[iter-train] ep=5 loss=0.9963 ce=0.9523 rrr=0.0044 val_acc=0.6623 val_auc=0.9436
[iter-train] ep=6 loss=0.9804 ce=0.9364 rrr=0.0044 val_acc=0.6666 val_auc=0.9447
[iter-train] ep=7 loss=0.9665 ce=0.9228 rrr=0.0044 val_acc=0.6750 val_auc=0.9474
[iter-train] ep=8 loss=0.9548 ce=0.9104 rrr=0.0044 val_acc=0.6694 val_auc=0.9452
[iter-train] ep=9 loss=0.9435 ce=0.8998 rrr=0.0044 val_acc=0.6780 val_auc=0.9475
[iter-train] ep=10 loss=0.9339 ce=0.8897 rrr=0.0044 val_acc=0.6827 val_auc=0.9482
[iter-train] ep=11 loss=0.9214 ce=0.8773 rrr=0.0044 val_acc=0.6802 val_auc=0.9489
[iter-train] ep=12 loss=0.9115 ce=0.8680 rrr=0.0043 val_acc=0.6891 val_auc=0.9510
[iter-train] ep=13 loss=0.9018 ce=0.8574 rrr=0.0044 val_acc=0.6830 val_auc=0.9504
[iter-train] ep=14 loss=0.8919 ce=0.8475 rrr=0.0044 val_acc=0.6767 val_auc=0.9488
[iter-train] ep=15 loss=0.8825 ce=0.8381 rrr=0.0044 val_acc=0.6784 val_auc=0.9502
[iter-train] ep=16 loss=0.8725 ce=0.8279 rrr=0.0045 val_acc=0.6924 val_auc=0.9513
[iter-train] ep=17 loss=0.8616 ce=0.8161 rrr=0.0045 val_acc=0.6867 val_auc=0.9512
[iter-train] ep=18 loss=0.8502 ce=0.8051 rrr=0.0045 val_acc=0.6903 val_auc=0.9521
[iter-train] ep=19 loss=0.8414 ce=0.7954 rrr=0.0046 val_acc=0.6932 val_auc=0.9524
[iter-train] ep=20 loss=0.8319 ce=0.7850 rrr=0.0047 val_acc=0.6964 val_auc=0.9529
[iter-train] ep=21 loss=0.8197 ce=0.7733 rrr=0.0046 val_acc=0.6957 val_auc=0.9529
[iter-train] ep=22 loss=0.8101 ce=0.7627 rrr=0.0047 val_acc=0.6890 val_auc=0.9518
[iter-train] ep=23 loss=0.8035 ce=0.7551 rrr=0.0048 val_acc=0.6874 val_auc=0.9522
[iter-train] ep=24 loss=0.7908 ce=0.7436 rrr=0.0047 val_acc=0.6892 val_auc=0.9517
[iter-train] ep=25 loss=0.7812 ce=0.7336 rrr=0.0048 val_acc=0.6884 val_auc=0.9522
[iter-train] ep=26 loss=0.7769 ce=0.7273 rrr=0.0050 val_acc=0.6914 val_auc=0.9525
[iter-train] ep=27 loss=0.7688 ce=0.7210 rrr=0.0048 val_acc=0.6909 val_auc=0.9526
[iter-train] ep=28 loss=0.7656 ce=0.7181 rrr=0.0047 val_acc=0.6904 val_auc=0.9523
[iter-train] ep=29 loss=0.7640 ce=0.7144 rrr=0.0050 val_acc=0.6895 val_auc=0.9522
[iter-train] ep=30 loss=0.7617 ce=0.7140 rrr=0.0048 val_acc=0.6903 val_auc=0.9523
[iter] done 2: test_acc=0.6906, test_auc=0.9524, aspen_strong3=0.6806
========================================================================
[iter] 3/5
[iter] seed=3052
[iter] computing full-dataset attributions source=input_grad
[iter-train] ep=1 loss=1.2789 ce=1.2472 rrr=0.0032 val_acc=0.6352 val_auc=0.9322
[iter-train] ep=2 loss=1.0998 ce=1.0593 rrr=0.0040 val_acc=0.6420 val_auc=0.9360
[iter-train] ep=3 loss=1.0595 ce=1.0175 rrr=0.0042 val_acc=0.6535 val_auc=0.9383
[iter-train] ep=4 loss=1.0182 ce=0.9753 rrr=0.0043 val_acc=0.6602 val_auc=0.9415
[iter-train] ep=5 loss=0.9915 ce=0.9481 rrr=0.0043 val_acc=0.6618 val_auc=0.9432
[iter-train] ep=6 loss=0.9758 ce=0.9322 rrr=0.0044 val_acc=0.6669 val_auc=0.9453
[iter-train] ep=7 loss=0.9610 ce=0.9178 rrr=0.0043 val_acc=0.6747 val_auc=0.9464
[iter-train] ep=8 loss=0.9479 ce=0.9046 rrr=0.0043 val_acc=0.6650 val_auc=0.9460
[iter-train] ep=9 loss=0.9367 ce=0.8931 rrr=0.0044 val_acc=0.6798 val_auc=0.9491
[iter-train] ep=10 loss=0.9274 ce=0.8833 rrr=0.0044 val_acc=0.6850 val_auc=0.9494
[iter-train] ep=11 loss=0.9153 ce=0.8716 rrr=0.0044 val_acc=0.6822 val_auc=0.9500
[iter-train] ep=12 loss=0.9059 ce=0.8618 rrr=0.0044 val_acc=0.6441 val_auc=0.9473
[iter-train] ep=13 loss=0.8966 ce=0.8523 rrr=0.0044 val_acc=0.6833 val_auc=0.9507
[iter-train] ep=14 loss=0.8882 ce=0.8433 rrr=0.0045 val_acc=0.6788 val_auc=0.9495
[iter-train] ep=15 loss=0.8800 ce=0.8353 rrr=0.0045 val_acc=0.6689 val_auc=0.9494
[iter-train] ep=16 loss=0.8677 ce=0.8221 rrr=0.0046 val_acc=0.6829 val_auc=0.9506
[iter-train] ep=17 loss=0.8595 ce=0.8142 rrr=0.0045 val_acc=0.6954 val_auc=0.9528
[iter-train] ep=18 loss=0.8496 ce=0.8037 rrr=0.0046 val_acc=0.6936 val_auc=0.9531
[iter-train] ep=19 loss=0.8388 ce=0.7927 rrr=0.0046 val_acc=0.6908 val_auc=0.9523
[iter-train] ep=20 loss=0.8282 ce=0.7818 rrr=0.0046 val_acc=0.6941 val_auc=0.9528
[iter-train] ep=21 loss=0.8194 ce=0.7728 rrr=0.0047 val_acc=0.6959 val_auc=0.9534
[iter-train] ep=22 loss=0.8096 ce=0.7619 rrr=0.0048 val_acc=0.6875 val_auc=0.9520
[iter-train] ep=23 loss=0.8007 ce=0.7526 rrr=0.0048 val_acc=0.6973 val_auc=0.9536
[iter-train] ep=24 loss=0.7909 ce=0.7424 rrr=0.0048 val_acc=0.6945 val_auc=0.9529
[iter-train] ep=25 loss=0.7836 ce=0.7340 rrr=0.0050 val_acc=0.6951 val_auc=0.9530
[iter-train] ep=26 loss=0.7778 ce=0.7288 rrr=0.0049 val_acc=0.6957 val_auc=0.9534
[iter-train] ep=27 loss=0.7701 ce=0.7219 rrr=0.0048 val_acc=0.6940 val_auc=0.9530
[iter-train] ep=28 loss=0.7684 ce=0.7191 rrr=0.0049 val_acc=0.6943 val_auc=0.9531
[iter-train] ep=29 loss=0.7652 ce=0.7159 rrr=0.0049 val_acc=0.6958 val_auc=0.9531
[iter-train] ep=30 loss=0.7605 ce=0.7124 rrr=0.0048 val_acc=0.6954 val_auc=0.9532
[iter] done 3: test_acc=0.6937, test_auc=0.9531, aspen_strong3=0.6558
========================================================================
[iter] 4/5
[iter] seed=4052
[iter] computing full-dataset attributions source=input_grad
[iter-train] ep=1 loss=1.2845 ce=1.2531 rrr=0.0031 val_acc=0.6274 val_auc=0.9307
[iter-train] ep=2 loss=1.1067 ce=1.0665 rrr=0.0040 val_acc=0.6365 val_auc=0.9359
[iter-train] ep=3 loss=1.0636 ce=1.0217 rrr=0.0042 val_acc=0.6378 val_auc=0.9369
[iter-train] ep=4 loss=1.0215 ce=0.9788 rrr=0.0043 val_acc=0.6525 val_auc=0.9403
[iter-train] ep=5 loss=0.9959 ce=0.9528 rrr=0.0043 val_acc=0.6614 val_auc=0.9441
[iter-train] ep=6 loss=0.9764 ce=0.9330 rrr=0.0043 val_acc=0.6482 val_auc=0.9413
[iter-train] ep=7 loss=0.9624 ce=0.9188 rrr=0.0044 val_acc=0.6759 val_auc=0.9477
[iter-train] ep=8 loss=0.9507 ce=0.9072 rrr=0.0044 val_acc=0.6790 val_auc=0.9480
[iter-train] ep=9 loss=0.9370 ce=0.8933 rrr=0.0044 val_acc=0.6852 val_auc=0.9503
[iter-train] ep=10 loss=0.9260 ce=0.8817 rrr=0.0044 val_acc=0.6815 val_auc=0.9501
[iter-train] ep=11 loss=0.9176 ce=0.8732 rrr=0.0044 val_acc=0.6927 val_auc=0.9513
[iter-train] ep=12 loss=0.9052 ce=0.8609 rrr=0.0044 val_acc=0.6790 val_auc=0.9496
[iter-train] ep=13 loss=0.8948 ce=0.8502 rrr=0.0045 val_acc=0.6793 val_auc=0.9497
[iter-train] ep=14 loss=0.8855 ce=0.8408 rrr=0.0045 val_acc=0.6853 val_auc=0.9505
[iter-train] ep=15 loss=0.8790 ce=0.8334 rrr=0.0046 val_acc=0.6884 val_auc=0.9522
[iter-train] ep=16 loss=0.8672 ce=0.8217 rrr=0.0046 val_acc=0.6913 val_auc=0.9519
[iter-train] ep=17 loss=0.8563 ce=0.8106 rrr=0.0046 val_acc=0.6964 val_auc=0.9528
[iter-train] ep=18 loss=0.8476 ce=0.8009 rrr=0.0047 val_acc=0.6848 val_auc=0.9512
[iter-train] ep=19 loss=0.8355 ce=0.7890 rrr=0.0046 val_acc=0.6906 val_auc=0.9522
[iter-train] ep=20 loss=0.8251 ce=0.7778 rrr=0.0047 val_acc=0.6915 val_auc=0.9530
[iter-train] ep=21 loss=0.8149 ce=0.7678 rrr=0.0047 val_acc=0.6979 val_auc=0.9540
[iter-train] ep=22 loss=0.8069 ce=0.7586 rrr=0.0048 val_acc=0.6953 val_auc=0.9531
[iter-train] ep=23 loss=0.7962 ce=0.7483 rrr=0.0048 val_acc=0.6968 val_auc=0.9531
[iter-train] ep=24 loss=0.7874 ce=0.7390 rrr=0.0048 val_acc=0.6925 val_auc=0.9525
[iter-train] ep=25 loss=0.7798 ce=0.7300 rrr=0.0050 val_acc=0.6979 val_auc=0.9534
[iter-train] ep=26 loss=0.7713 ce=0.7225 rrr=0.0049 val_acc=0.6939 val_auc=0.9527
[iter-train] ep=27 loss=0.7654 ce=0.7161 rrr=0.0049 val_acc=0.6954 val_auc=0.9530
[iter-train] ep=28 loss=0.7610 ce=0.7115 rrr=0.0049 val_acc=0.6965 val_auc=0.9529
[iter-train] ep=29 loss=0.7580 ce=0.7083 rrr=0.0050 val_acc=0.6971 val_auc=0.9532
[iter-train] ep=30 loss=0.7562 ce=0.7071 rrr=0.0049 val_acc=0.6948 val_auc=0.9530
[iter] done 4: test_acc=0.6942, test_auc=0.9530, aspen_strong3=0.6850
========================================================================
[iter] 5/5
[iter] seed=5052
[iter] computing full-dataset attributions source=input_grad
[iter-train] ep=1 loss=1.2695 ce=1.2387 rrr=0.0031 val_acc=0.6258 val_auc=0.9315
[iter-train] ep=2 loss=1.0998 ce=1.0598 rrr=0.0040 val_acc=0.6472 val_auc=0.9380
[iter-train] ep=3 loss=1.0614 ce=1.0204 rrr=0.0041 val_acc=0.6075 val_auc=0.9313
[iter-train] ep=4 loss=1.0195 ce=0.9777 rrr=0.0042 val_acc=0.6507 val_auc=0.9414
[iter-train] ep=5 loss=0.9967 ce=0.9546 rrr=0.0042 val_acc=0.6690 val_auc=0.9450
[iter-train] ep=6 loss=0.9777 ce=0.9349 rrr=0.0043 val_acc=0.6628 val_auc=0.9451
[iter-train] ep=7 loss=0.9640 ce=0.9210 rrr=0.0043 val_acc=0.6746 val_auc=0.9458
[iter-train] ep=8 loss=0.9502 ce=0.9072 rrr=0.0043 val_acc=0.6788 val_auc=0.9481
[iter-train] ep=9 loss=0.9409 ce=0.8974 rrr=0.0044 val_acc=0.6756 val_auc=0.9483
[iter-train] ep=10 loss=0.9304 ce=0.8869 rrr=0.0044 val_acc=0.6708 val_auc=0.9463
[iter-train] ep=11 loss=0.9188 ce=0.8749 rrr=0.0044 val_acc=0.6817 val_auc=0.9495
[iter-train] ep=12 loss=0.9086 ce=0.8649 rrr=0.0044 val_acc=0.6799 val_auc=0.9500
[iter-train] ep=13 loss=0.8992 ce=0.8551 rrr=0.0044 val_acc=0.6899 val_auc=0.9517
[iter-train] ep=14 loss=0.8892 ce=0.8449 rrr=0.0044 val_acc=0.6944 val_auc=0.9512
[iter-train] ep=15 loss=0.8796 ce=0.8347 rrr=0.0045 val_acc=0.6940 val_auc=0.9515
[iter-train] ep=16 loss=0.8700 ce=0.8249 rrr=0.0045 val_acc=0.6912 val_auc=0.9519
[iter-train] ep=17 loss=0.8595 ce=0.8148 rrr=0.0045 val_acc=0.6909 val_auc=0.9520
[iter-train] ep=18 loss=0.8511 ce=0.8051 rrr=0.0046 val_acc=0.6941 val_auc=0.9525
[iter-train] ep=19 loss=0.8399 ce=0.7931 rrr=0.0047 val_acc=0.6894 val_auc=0.9526
[iter-train] ep=20 loss=0.8295 ce=0.7830 rrr=0.0046 val_acc=0.7001 val_auc=0.9538
[iter-train] ep=21 loss=0.8179 ce=0.7709 rrr=0.0047 val_acc=0.6970 val_auc=0.9529
[iter-train] ep=22 loss=0.8071 ce=0.7605 rrr=0.0047 val_acc=0.7021 val_auc=0.9538
[iter-train] ep=23 loss=0.7977 ce=0.7508 rrr=0.0047 val_acc=0.6967 val_auc=0.9533
[iter-train] ep=24 loss=0.7885 ce=0.7406 rrr=0.0048 val_acc=0.6958 val_auc=0.9533
[iter-train] ep=25 loss=0.7810 ce=0.7332 rrr=0.0048 val_acc=0.6969 val_auc=0.9531
[iter-train] ep=26 loss=0.7740 ce=0.7256 rrr=0.0048 val_acc=0.6979 val_auc=0.9532
[iter-train] ep=27 loss=0.7689 ce=0.7200 rrr=0.0049 val_acc=0.6938 val_auc=0.9528
[iter-train] ep=28 loss=0.7635 ce=0.7153 rrr=0.0048 val_acc=0.6944 val_auc=0.9529
[iter-train] ep=29 loss=0.7593 ce=0.7111 rrr=0.0048 val_acc=0.6972 val_auc=0.9533
[iter-train] ep=30 loss=0.7587 ce=0.7098 rrr=0.0049 val_acc=0.6969 val_auc=0.9531
[iter] done 5: test_acc=0.6972, test_auc=0.9529, aspen_strong3=0.6660
[done] outputs:
  /home/ryreu/atlas/CompPhys_FinalProject/restart_studies/results/rrr_findanother_seed52_input_grad_lam10_mask0p30/config.json
  /home/ryreu/atlas/CompPhys_FinalProject/restart_studies/results/rrr_findanother_seed52_input_grad_lam10_mask0p30/iteration_summary.csv
  /home/ryreu/atlas/CompPhys_FinalProject/restart_studies/results/rrr_findanother_seed52_input_grad_lam10_mask0p30/summary.json
  /home/ryreu/atlas/CompPhys_FinalProject/restart_studies/results/rrr_findanother_seed52_input_grad_lam10_mask0p30/iter_01/jetclass_test_metrics.json
  /home/ryreu/atlas/CompPhys_FinalProject/restart_studies/results/rrr_findanother_seed52_input_grad_lam10_mask0p30/iter_01/aspen_shift_metrics.json
  /home/ryreu/atlas/CompPhys_FinalProject/restart_studies/results/rrr_findanother_seed52_input_grad_lam10_mask0p30/iter_02/jetclass_test_metrics.json
  /home/ryreu/atlas/CompPhys_FinalProject/restart_studies/results/rrr_findanother_seed52_input_grad_lam10_mask0p30/iter_02/aspen_shift_metrics.json
  /home/ryreu/atlas/CompPhys_FinalProject/restart_studies/results/rrr_findanother_seed52_input_grad_lam10_mask0p30/iter_03/jetclass_test_metrics.json
  /home/ryreu/atlas/CompPhys_FinalProject/restart_studies/results/rrr_findanother_seed52_input_grad_lam10_mask0p30/iter_03/aspen_shift_metrics.json
  /home/ryreu/atlas/CompPhys_FinalProject/restart_studies/results/rrr_findanother_seed52_input_grad_lam10_mask0p30/iter_04/jetclass_test_metrics.json
  /home/ryreu/atlas/CompPhys_FinalProject/restart_studies/results/rrr_findanother_seed52_input_grad_lam10_mask0p30/iter_04/aspen_shift_metrics.json
  /home/ryreu/atlas/CompPhys_FinalProject/restart_studies/results/rrr_findanother_seed52_input_grad_lam10_mask0p30/iter_05/jetclass_test_metrics.json
  /home/ryreu/atlas/CompPhys_FinalProject/restart_studies/results/rrr_findanother_seed52_input_grad_lam10_mask0p30/iter_05/aspen_shift_metrics.json
[done] outputs:
  /home/ryreu/atlas/CompPhys_FinalProject/restart_studies/results/rrr_findanother_seed52_input_grad_lam10_mask0p30/config.json
  /home/ryreu/atlas/CompPhys_FinalProject/restart_studies/results/rrr_findanother_seed52_input_grad_lam10_mask0p30/iteration_summary.csv
  /home/ryreu/atlas/CompPhys_FinalProject/restart_studies/results/rrr_findanother_seed52_input_grad_lam10_mask0p30/summary.json
