============================================================
RRR Find-Another Sweep (16-config array)
Array Job: 21209305
Task ID: 1 / 15
A_SOURCE: smoothgrad
Lambda: 1
Mask frac: 0.10
Run name: rrr_findanother_seed52_smoothgrad_lam1_mask0p10
Delegating to: /home/ryreu/atlas/CompPhys_FinalProject/restart_studies/sbatch_train_rrr_find_another_single.sh
============================================================
[preflight] WORKDIR=/home/ryreu/atlas/CompPhys_FinalProject
[preflight] PROJECT_ROOT=/home/ryreu/atlas/CompPhys_FinalProject
[preflight] SCRIPT=/home/ryreu/atlas/CompPhys_FinalProject/restart_studies/train_rrr_find_another_single.py
[preflight] RUN_NAME=rrr_findanother_seed52_smoothgrad_lam1_mask0p10
[preflight] A_SOURCE=smoothgrad
[preflight] LAMBDA_RRR=1
[preflight] MASK_FRAC=0.10
[preflight] DATA_DIR=/home/ryreu/atlas/PracticeTagging/data/jetclass_part0
[preflight] ASPEN_DIR=/home/ryreu/atlas/CompPhys_Final/data/AspenOpenJets
[preflight] python: /home/ryreu/miniconda3/envs/atlas_kd/bin/python3
[preflight] module check OK
============================================================
RRR Find-Another Training (Single Config)
Job ID: 21212841
Node: skl-a-51
Output: /home/ryreu/atlas/CompPhys_FinalProject/restart_studies/results/rrr_findanother_seed52_smoothgrad_lam1_mask0p10
============================================================
 python3 -u /home/ryreu/atlas/CompPhys_FinalProject/restart_studies/train_rrr_find_another_single.py --data_dir /home/ryreu/atlas/PracticeTagging/data/jetclass_part0 --aspen_data_dir /home/ryreu/atlas/CompPhys_Final/data/AspenOpenJets --aspen_glob Run\*.h5 --aspen_n_jets 1000000 --aspen_chunk_jets 50000 --output_root /home/ryreu/atlas/CompPhys_FinalProject/restart_studies/results --run_name rrr_findanother_seed52_smoothgrad_lam1_mask0p10 --seed 52 --device cuda --num_workers 4 --feature_mode full --max_constits 128 --train_files_per_class 8 --val_files_per_class 1 --test_files_per_class 1 --n_train_jets 150000 --n_val_jets 50000 --n_test_jets 150000 --batch_size 512 --rrr_batch_size 128 --epochs 30 --lr 7e-4 --weight_decay 1e-5 --warmup_epochs 3 --embed_dim 128 --num_heads 8 --num_layers 6 --ff_dim 512 --dropout 0.1 --target_class HToBB --background_class ZJetsToNuNu --a_source smoothgrad --lambda_rrr 1 --mask_frac 0.10 --max_iterations 5 --attr_batch_size 128 --ig_steps 16 --smoothgrad_samples 16 --smoothgrad_sigma 0.10
[info] run_dir=/home/ryreu/atlas/CompPhys_FinalProject/restart_studies/results/rrr_findanother_seed52_smoothgrad_lam1_mask0p10
[info] device=cuda
[info] classes:
  - HToBB: 10 files
  - HToCC: 10 files
  - HToGG: 10 files
  - HToWW2Q1L: 10 files
  - HToWW4Q: 10 files
  - TTBar: 10 files
  - TTBarLep: 10 files
  - WToQQ: 10 files
  - ZJetsToNuNu: 10 files
  - ZToQQ: 10 files
[info] loading train/val/test splits
[info] loaded jets train=150000 val=50000 test=150000
[info] domain-prior mask coverage tokens=589981/5898045 features=5899810/100266765
========================================================================
[iter] 1/5
[iter] seed=1052
[iter-train] ep=1 loss=1.2361 ce=1.2331 rrr=0.0030 val_acc=0.6222 val_auc=0.9310
[iter-train] ep=2 loss=1.0492 ce=1.0461 rrr=0.0031 val_acc=0.6227 val_auc=0.9342
[iter-train] ep=3 loss=1.0089 ce=1.0058 rrr=0.0031 val_acc=0.6360 val_auc=0.9400
[iter-train] ep=4 loss=0.9636 ce=0.9606 rrr=0.0030 val_acc=0.6433 val_auc=0.9401
[iter-train] ep=5 loss=0.9373 ce=0.9345 rrr=0.0029 val_acc=0.6742 val_auc=0.9464
[iter-train] ep=6 loss=0.9194 ce=0.9168 rrr=0.0027 val_acc=0.6798 val_auc=0.9485
[iter-train] ep=7 loss=0.9025 ce=0.8999 rrr=0.0026 val_acc=0.6719 val_auc=0.9483
[iter-train] ep=8 loss=0.8912 ce=0.8887 rrr=0.0025 val_acc=0.6776 val_auc=0.9494
[iter-train] ep=9 loss=0.8781 ce=0.8757 rrr=0.0024 val_acc=0.6724 val_auc=0.9482
[iter-train] ep=10 loss=0.8685 ce=0.8661 rrr=0.0024 val_acc=0.6907 val_auc=0.9514
[iter-train] ep=11 loss=0.8573 ce=0.8550 rrr=0.0023 val_acc=0.6979 val_auc=0.9522
[iter-train] ep=12 loss=0.8468 ce=0.8444 rrr=0.0023 val_acc=0.6943 val_auc=0.9520
[iter-train] ep=13 loss=0.8365 ce=0.8342 rrr=0.0023 val_acc=0.7022 val_auc=0.9534
[iter-train] ep=14 loss=0.8259 ce=0.8236 rrr=0.0023 val_acc=0.6936 val_auc=0.9526
[iter-train] ep=15 loss=0.8150 ce=0.8127 rrr=0.0023 val_acc=0.6952 val_auc=0.9525
[iter-train] ep=16 loss=0.8032 ce=0.8009 rrr=0.0023 val_acc=0.6860 val_auc=0.9513
[iter-train] ep=17 loss=0.7922 ce=0.7899 rrr=0.0023 val_acc=0.7066 val_auc=0.9549
[iter-train] ep=18 loss=0.7805 ce=0.7781 rrr=0.0024 val_acc=0.7046 val_auc=0.9548
[iter-train] ep=19 loss=0.7693 ce=0.7669 rrr=0.0024 val_acc=0.7028 val_auc=0.9546
[iter-train] ep=20 loss=0.7593 ce=0.7568 rrr=0.0025 val_acc=0.7118 val_auc=0.9563
[iter-train] ep=21 loss=0.7468 ce=0.7443 rrr=0.0025 val_acc=0.7042 val_auc=0.9547
[iter-train] ep=22 loss=0.7352 ce=0.7325 rrr=0.0026 val_acc=0.7064 val_auc=0.9552
[iter-train] ep=23 loss=0.7247 ce=0.7220 rrr=0.0027 val_acc=0.7051 val_auc=0.9552
[iter-train] ep=24 loss=0.7137 ce=0.7109 rrr=0.0028 val_acc=0.7079 val_auc=0.9550
[iter-train] ep=25 loss=0.7059 ce=0.7029 rrr=0.0029 val_acc=0.7052 val_auc=0.9548
[iter-train] ep=26 loss=0.6990 ce=0.6961 rrr=0.0030 val_acc=0.7076 val_auc=0.9550
[iter-train] ep=27 loss=0.6918 ce=0.6887 rrr=0.0031 val_acc=0.7070 val_auc=0.9550
[iter-train] ep=28 loss=0.6869 ce=0.6838 rrr=0.0031 val_acc=0.7074 val_auc=0.9548
[iter-train] ep=29 loss=0.6838 ce=0.6807 rrr=0.0031 val_acc=0.7094 val_auc=0.9552
[iter-train] ep=30 loss=0.6824 ce=0.6792 rrr=0.0031 val_acc=0.7088 val_auc=0.9552
[iter] done 1: test_acc=0.7093, test_auc=0.9552, aspen_strong3=0.5852
========================================================================
[iter] 2/5
[iter] seed=2052
[iter] computing full-dataset attributions source=smoothgrad
[iter-train] ep=1 loss=1.2567 ce=1.2471 rrr=0.0096 val_acc=0.6083 val_auc=0.9311
[iter-train] ep=2 loss=1.0715 ce=1.0561 rrr=0.0154 val_acc=0.6321 val_auc=0.9349
[iter-train] ep=3 loss=1.0286 ce=1.0116 rrr=0.0170 val_acc=0.6123 val_auc=0.9310
[iter-train] ep=4 loss=0.9864 ce=0.9686 rrr=0.0178 val_acc=0.6521 val_auc=0.9422
[iter-train] ep=5 loss=0.9590 ce=0.9408 rrr=0.0182 val_acc=0.6696 val_auc=0.9446
[iter-train] ep=6 loss=0.9435 ce=0.9250 rrr=0.0185 val_acc=0.6682 val_auc=0.9454
[iter-train] ep=7 loss=0.9286 ce=0.9101 rrr=0.0185 val_acc=0.6816 val_auc=0.9485
[iter-train] ep=8 loss=0.9144 ce=0.8955 rrr=0.0189 val_acc=0.6751 val_auc=0.9471
[iter-train] ep=9 loss=0.9030 ce=0.8844 rrr=0.0186 val_acc=0.6830 val_auc=0.9486
[iter-train] ep=10 loss=0.8913 ce=0.8726 rrr=0.0187 val_acc=0.6767 val_auc=0.9479
[iter-train] ep=11 loss=0.8791 ce=0.8605 rrr=0.0186 val_acc=0.6845 val_auc=0.9499
[iter-train] ep=12 loss=0.8670 ce=0.8483 rrr=0.0187 val_acc=0.6913 val_auc=0.9513
[iter-train] ep=13 loss=0.8576 ce=0.8389 rrr=0.0187 val_acc=0.6935 val_auc=0.9520
[iter-train] ep=14 loss=0.8459 ce=0.8270 rrr=0.0190 val_acc=0.6932 val_auc=0.9517
[iter-train] ep=15 loss=0.8352 ce=0.8160 rrr=0.0192 val_acc=0.6946 val_auc=0.9525
[iter-train] ep=16 loss=0.8248 ce=0.8058 rrr=0.0190 val_acc=0.7006 val_auc=0.9530
[iter-train] ep=17 loss=0.8112 ce=0.7917 rrr=0.0195 val_acc=0.6964 val_auc=0.9529
[iter-train] ep=18 loss=0.8011 ce=0.7817 rrr=0.0194 val_acc=0.6981 val_auc=0.9536
[iter-train] ep=19 loss=0.7905 ce=0.7707 rrr=0.0198 val_acc=0.6971 val_auc=0.9535
[iter-train] ep=20 loss=0.7793 ce=0.7592 rrr=0.0201 val_acc=0.7023 val_auc=0.9542
[iter-train] ep=21 loss=0.7674 ce=0.7472 rrr=0.0201 val_acc=0.6998 val_auc=0.9535
[iter-train] ep=22 loss=0.7553 ce=0.7346 rrr=0.0207 val_acc=0.6977 val_auc=0.9530
[iter-train] ep=23 loss=0.7456 ce=0.7247 rrr=0.0208 val_acc=0.7006 val_auc=0.9539
[iter-train] ep=24 loss=0.7327 ce=0.7115 rrr=0.0211 val_acc=0.7005 val_auc=0.9531
[iter-train] ep=25 loss=0.7243 ce=0.7029 rrr=0.0214 val_acc=0.6999 val_auc=0.9533
[iter-train] ep=26 loss=0.7181 ce=0.6963 rrr=0.0218 val_acc=0.7030 val_auc=0.9537
[iter-train] ep=27 loss=0.7112 ce=0.6893 rrr=0.0219 val_acc=0.7039 val_auc=0.9540
[iter-train] ep=28 loss=0.7057 ce=0.6842 rrr=0.0215 val_acc=0.7030 val_auc=0.9535
[iter-train] ep=29 loss=0.7024 ce=0.6807 rrr=0.0217 val_acc=0.7012 val_auc=0.9532
[iter-train] ep=30 loss=0.7004 ce=0.6779 rrr=0.0225 val_acc=0.7021 val_auc=0.9533
[iter] done 2: test_acc=0.7001, test_auc=0.9531, aspen_strong3=0.7008
========================================================================
[iter] 3/5
[iter] seed=3052
[iter] computing full-dataset attributions source=smoothgrad
[iter-train] ep=1 loss=1.2508 ce=1.2412 rrr=0.0096 val_acc=0.6098 val_auc=0.9288
[iter-train] ep=2 loss=1.0675 ce=1.0528 rrr=0.0147 val_acc=0.6456 val_auc=0.9371
[iter-train] ep=3 loss=1.0264 ce=1.0097 rrr=0.0167 val_acc=0.6567 val_auc=0.9401
[iter-train] ep=4 loss=0.9849 ce=0.9670 rrr=0.0178 val_acc=0.6748 val_auc=0.9450
[iter-train] ep=5 loss=0.9577 ce=0.9397 rrr=0.0180 val_acc=0.6731 val_auc=0.9454
[iter-train] ep=6 loss=0.9407 ce=0.9224 rrr=0.0184 val_acc=0.6718 val_auc=0.9460
[iter-train] ep=7 loss=0.9271 ce=0.9088 rrr=0.0183 val_acc=0.6816 val_auc=0.9475
[iter-train] ep=8 loss=0.9127 ce=0.8944 rrr=0.0184 val_acc=0.6699 val_auc=0.9472
[iter-train] ep=9 loss=0.8998 ce=0.8810 rrr=0.0188 val_acc=0.6811 val_auc=0.9498
[iter-train] ep=10 loss=0.8888 ce=0.8700 rrr=0.0188 val_acc=0.6740 val_auc=0.9488
[iter-train] ep=11 loss=0.8776 ce=0.8589 rrr=0.0188 val_acc=0.6817 val_auc=0.9508
[iter-train] ep=12 loss=0.8670 ce=0.8481 rrr=0.0189 val_acc=0.6692 val_auc=0.9506
[iter-train] ep=13 loss=0.8571 ce=0.8383 rrr=0.0188 val_acc=0.6945 val_auc=0.9528
[iter-train] ep=14 loss=0.8467 ce=0.8277 rrr=0.0190 val_acc=0.6864 val_auc=0.9514
[iter-train] ep=15 loss=0.8373 ce=0.8180 rrr=0.0193 val_acc=0.6889 val_auc=0.9519
[iter-train] ep=16 loss=0.8258 ce=0.8058 rrr=0.0200 val_acc=0.6966 val_auc=0.9536
[iter-train] ep=17 loss=0.8156 ce=0.7955 rrr=0.0201 val_acc=0.7024 val_auc=0.9546
[iter-train] ep=18 loss=0.8040 ce=0.7841 rrr=0.0199 val_acc=0.7051 val_auc=0.9549
[iter-train] ep=19 loss=0.7922 ce=0.7721 rrr=0.0201 val_acc=0.6971 val_auc=0.9534
[iter-train] ep=20 loss=0.7812 ce=0.7602 rrr=0.0210 val_acc=0.7019 val_auc=0.9539
[iter-train] ep=21 loss=0.7721 ce=0.7513 rrr=0.0209 val_acc=0.7046 val_auc=0.9545
[iter-train] ep=22 loss=0.7594 ce=0.7383 rrr=0.0212 val_acc=0.7030 val_auc=0.9543
[iter-train] ep=23 loss=0.7494 ce=0.7277 rrr=0.0216 val_acc=0.7059 val_auc=0.9547
[iter-train] ep=24 loss=0.7393 ce=0.7173 rrr=0.0220 val_acc=0.7018 val_auc=0.9540
[iter-train] ep=25 loss=0.7326 ce=0.7103 rrr=0.0223 val_acc=0.7018 val_auc=0.9538
[iter-train] ep=26 loss=0.7233 ce=0.7010 rrr=0.0223 val_acc=0.7050 val_auc=0.9545
[iter-train] ep=27 loss=0.7165 ce=0.6942 rrr=0.0224 val_acc=0.7025 val_auc=0.9540
[iter-train] ep=28 loss=0.7130 ce=0.6903 rrr=0.0227 val_acc=0.7026 val_auc=0.9538
[iter-train] ep=29 loss=0.7100 ce=0.6872 rrr=0.0227 val_acc=0.7032 val_auc=0.9537
[iter-train] ep=30 loss=0.7069 ce=0.6845 rrr=0.0224 val_acc=0.7029 val_auc=0.9539
[iter] done 3: test_acc=0.6997, test_auc=0.9537, aspen_strong3=0.6823
========================================================================
[iter] 4/5
[iter] seed=4052
[iter] computing full-dataset attributions source=smoothgrad
[iter-train] ep=1 loss=1.2527 ce=1.2436 rrr=0.0091 val_acc=0.6224 val_auc=0.9302
[iter-train] ep=2 loss=1.0749 ce=1.0610 rrr=0.0138 val_acc=0.6504 val_auc=0.9386
[iter-train] ep=3 loss=1.0291 ce=1.0133 rrr=0.0158 val_acc=0.6533 val_auc=0.9401
[iter-train] ep=4 loss=0.9868 ce=0.9697 rrr=0.0170 val_acc=0.6529 val_auc=0.9410
[iter-train] ep=5 loss=0.9608 ce=0.9433 rrr=0.0175 val_acc=0.6648 val_auc=0.9437
[iter-train] ep=6 loss=0.9403 ce=0.9226 rrr=0.0177 val_acc=0.6645 val_auc=0.9442
[iter-train] ep=7 loss=0.9257 ce=0.9077 rrr=0.0180 val_acc=0.6829 val_auc=0.9491
[iter-train] ep=8 loss=0.9117 ce=0.8937 rrr=0.0180 val_acc=0.6804 val_auc=0.9490
[iter-train] ep=9 loss=0.8979 ce=0.8799 rrr=0.0181 val_acc=0.6913 val_auc=0.9509
[iter-train] ep=10 loss=0.8874 ce=0.8690 rrr=0.0184 val_acc=0.6863 val_auc=0.9507
[iter-train] ep=11 loss=0.8768 ce=0.8586 rrr=0.0182 val_acc=0.6919 val_auc=0.9516
[iter-train] ep=12 loss=0.8659 ce=0.8475 rrr=0.0184 val_acc=0.6922 val_auc=0.9521
[iter-train] ep=13 loss=0.8555 ce=0.8369 rrr=0.0186 val_acc=0.6949 val_auc=0.9523
[iter-train] ep=14 loss=0.8449 ce=0.8263 rrr=0.0186 val_acc=0.6919 val_auc=0.9522
[iter-train] ep=15 loss=0.8346 ce=0.8155 rrr=0.0191 val_acc=0.6913 val_auc=0.9527
[iter-train] ep=16 loss=0.8237 ce=0.8044 rrr=0.0192 val_acc=0.7007 val_auc=0.9536
[iter-train] ep=17 loss=0.8110 ce=0.7914 rrr=0.0196 val_acc=0.7035 val_auc=0.9544
[iter-train] ep=18 loss=0.8022 ce=0.7822 rrr=0.0200 val_acc=0.6940 val_auc=0.9527
[iter-train] ep=19 loss=0.7894 ce=0.7693 rrr=0.0200 val_acc=0.6973 val_auc=0.9536
[iter-train] ep=20 loss=0.7777 ce=0.7571 rrr=0.0206 val_acc=0.7000 val_auc=0.9544
[iter-train] ep=21 loss=0.7675 ce=0.7465 rrr=0.0210 val_acc=0.7061 val_auc=0.9552
[iter-train] ep=22 loss=0.7569 ce=0.7360 rrr=0.0209 val_acc=0.7023 val_auc=0.9543
[iter-train] ep=23 loss=0.7462 ce=0.7245 rrr=0.0217 val_acc=0.7056 val_auc=0.9549
[iter-train] ep=24 loss=0.7353 ce=0.7131 rrr=0.0222 val_acc=0.7037 val_auc=0.9541
[iter-train] ep=25 loss=0.7262 ce=0.7038 rrr=0.0224 val_acc=0.7057 val_auc=0.9547
[iter-train] ep=26 loss=0.7191 ce=0.6970 rrr=0.0221 val_acc=0.7035 val_auc=0.9539
[iter-train] ep=27 loss=0.7136 ce=0.6908 rrr=0.0228 val_acc=0.7014 val_auc=0.9537
[iter-train] ep=28 loss=0.7098 ce=0.6872 rrr=0.0226 val_acc=0.7037 val_auc=0.9540
[iter-train] ep=29 loss=0.7043 ce=0.6819 rrr=0.0224 val_acc=0.7043 val_auc=0.9541
[iter-train] ep=30 loss=0.7021 ce=0.6797 rrr=0.0225 val_acc=0.7028 val_auc=0.9540
[iter] done 4: test_acc=0.7015, test_auc=0.9539, aspen_strong3=0.7535
========================================================================
[iter] 5/5
[iter] seed=5052
[iter] computing full-dataset attributions source=smoothgrad
[iter-train] ep=1 loss=1.2442 ce=1.2353 rrr=0.0089 val_acc=0.6211 val_auc=0.9318
[iter-train] ep=2 loss=1.0634 ce=1.0492 rrr=0.0142 val_acc=0.6506 val_auc=0.9391
[iter-train] ep=3 loss=1.0227 ce=1.0069 rrr=0.0158 val_acc=0.6187 val_auc=0.9336
[iter-train] ep=4 loss=0.9827 ce=0.9659 rrr=0.0168 val_acc=0.6704 val_auc=0.9454
[iter-train] ep=5 loss=0.9582 ce=0.9407 rrr=0.0175 val_acc=0.6727 val_auc=0.9460
[iter-train] ep=6 loss=0.9393 ce=0.9216 rrr=0.0177 val_acc=0.6741 val_auc=0.9470
[iter-train] ep=7 loss=0.9236 ce=0.9054 rrr=0.0181 val_acc=0.6643 val_auc=0.9436
[iter-train] ep=8 loss=0.9107 ce=0.8925 rrr=0.0182 val_acc=0.6797 val_auc=0.9489
[iter-train] ep=9 loss=0.8995 ce=0.8814 rrr=0.0181 val_acc=0.6710 val_auc=0.9489
[iter-train] ep=10 loss=0.8887 ce=0.8702 rrr=0.0185 val_acc=0.6802 val_auc=0.9489
[iter-train] ep=11 loss=0.8769 ce=0.8583 rrr=0.0185 val_acc=0.6879 val_auc=0.9514
[iter-train] ep=12 loss=0.8678 ce=0.8493 rrr=0.0184 val_acc=0.6780 val_auc=0.9507
[iter-train] ep=13 loss=0.8565 ce=0.8377 rrr=0.0188 val_acc=0.6854 val_auc=0.9511
[iter-train] ep=14 loss=0.8468 ce=0.8279 rrr=0.0188 val_acc=0.6977 val_auc=0.9527
[iter-train] ep=15 loss=0.8358 ce=0.8171 rrr=0.0188 val_acc=0.7007 val_auc=0.9536
[iter-train] ep=16 loss=0.8252 ce=0.8062 rrr=0.0191 val_acc=0.6981 val_auc=0.9533
[iter-train] ep=17 loss=0.8153 ce=0.7957 rrr=0.0195 val_acc=0.6942 val_auc=0.9532
[iter-train] ep=18 loss=0.8054 ce=0.7855 rrr=0.0199 val_acc=0.6999 val_auc=0.9540
[iter-train] ep=19 loss=0.7935 ce=0.7734 rrr=0.0201 val_acc=0.6928 val_auc=0.9535
[iter-train] ep=20 loss=0.7819 ce=0.7619 rrr=0.0201 val_acc=0.7056 val_auc=0.9549
[iter-train] ep=21 loss=0.7711 ce=0.7504 rrr=0.0207 val_acc=0.7053 val_auc=0.9549
[iter-train] ep=22 loss=0.7601 ce=0.7390 rrr=0.0211 val_acc=0.7082 val_auc=0.9554
[iter-train] ep=23 loss=0.7517 ce=0.7303 rrr=0.0215 val_acc=0.7008 val_auc=0.9544
[iter-train] ep=24 loss=0.7413 ce=0.7200 rrr=0.0213 val_acc=0.7031 val_auc=0.9548
[iter-train] ep=25 loss=0.7331 ce=0.7115 rrr=0.0216 val_acc=0.7041 val_auc=0.9545
[iter-train] ep=26 loss=0.7256 ce=0.7037 rrr=0.0220 val_acc=0.7059 val_auc=0.9547
[iter-train] ep=27 loss=0.7179 ce=0.6956 rrr=0.0223 val_acc=0.7012 val_auc=0.9540
[iter-train] ep=28 loss=0.7145 ce=0.6923 rrr=0.0222 val_acc=0.7028 val_auc=0.9543
[iter-train] ep=29 loss=0.7104 ce=0.6878 rrr=0.0226 val_acc=0.7044 val_auc=0.9545
[iter-train] ep=30 loss=0.7107 ce=0.6882 rrr=0.0225 val_acc=0.7040 val_auc=0.9544
[iter] done 5: test_acc=0.7038, test_auc=0.9544, aspen_strong3=0.5323
[done] outputs:
  /home/ryreu/atlas/CompPhys_FinalProject/restart_studies/results/rrr_findanother_seed52_smoothgrad_lam1_mask0p10/config.json
  /home/ryreu/atlas/CompPhys_FinalProject/restart_studies/results/rrr_findanother_seed52_smoothgrad_lam1_mask0p10/iteration_summary.csv
  /home/ryreu/atlas/CompPhys_FinalProject/restart_studies/results/rrr_findanother_seed52_smoothgrad_lam1_mask0p10/summary.json
  /home/ryreu/atlas/CompPhys_FinalProject/restart_studies/results/rrr_findanother_seed52_smoothgrad_lam1_mask0p10/iter_01/jetclass_test_metrics.json
  /home/ryreu/atlas/CompPhys_FinalProject/restart_studies/results/rrr_findanother_seed52_smoothgrad_lam1_mask0p10/iter_01/aspen_shift_metrics.json
  /home/ryreu/atlas/CompPhys_FinalProject/restart_studies/results/rrr_findanother_seed52_smoothgrad_lam1_mask0p10/iter_02/jetclass_test_metrics.json
  /home/ryreu/atlas/CompPhys_FinalProject/restart_studies/results/rrr_findanother_seed52_smoothgrad_lam1_mask0p10/iter_02/aspen_shift_metrics.json
  /home/ryreu/atlas/CompPhys_FinalProject/restart_studies/results/rrr_findanother_seed52_smoothgrad_lam1_mask0p10/iter_03/jetclass_test_metrics.json
  /home/ryreu/atlas/CompPhys_FinalProject/restart_studies/results/rrr_findanother_seed52_smoothgrad_lam1_mask0p10/iter_03/aspen_shift_metrics.json
  /home/ryreu/atlas/CompPhys_FinalProject/restart_studies/results/rrr_findanother_seed52_smoothgrad_lam1_mask0p10/iter_04/jetclass_test_metrics.json
  /home/ryreu/atlas/CompPhys_FinalProject/restart_studies/results/rrr_findanother_seed52_smoothgrad_lam1_mask0p10/iter_04/aspen_shift_metrics.json
  /home/ryreu/atlas/CompPhys_FinalProject/restart_studies/results/rrr_findanother_seed52_smoothgrad_lam1_mask0p10/iter_05/jetclass_test_metrics.json
  /home/ryreu/atlas/CompPhys_FinalProject/restart_studies/results/rrr_findanother_seed52_smoothgrad_lam1_mask0p10/iter_05/aspen_shift_metrics.json
[done] outputs:
  /home/ryreu/atlas/CompPhys_FinalProject/restart_studies/results/rrr_findanother_seed52_smoothgrad_lam1_mask0p10/config.json
  /home/ryreu/atlas/CompPhys_FinalProject/restart_studies/results/rrr_findanother_seed52_smoothgrad_lam1_mask0p10/iteration_summary.csv
  /home/ryreu/atlas/CompPhys_FinalProject/restart_studies/results/rrr_findanother_seed52_smoothgrad_lam1_mask0p10/summary.json
