============================================================
RRR Find-Another Sweep (16-config array)
Array Job: 21209304
Task ID: 12 / 15
A_SOURCE: integrated_gradients
Lambda: 1000
Mask frac: 0.05
Run name: rrr_findanother_seed52_integrated_gradients_lam1000_mask0p05
Delegating to: /home/ryreu/atlas/CompPhys_FinalProject/restart_studies/sbatch_train_rrr_find_another_single.sh
============================================================
[preflight] WORKDIR=/home/ryreu/atlas/CompPhys_FinalProject
[preflight] PROJECT_ROOT=/home/ryreu/atlas/CompPhys_FinalProject
[preflight] SCRIPT=/home/ryreu/atlas/CompPhys_FinalProject/restart_studies/train_rrr_find_another_single.py
[preflight] RUN_NAME=rrr_findanother_seed52_integrated_gradients_lam1000_mask0p05
[preflight] A_SOURCE=integrated_gradients
[preflight] LAMBDA_RRR=1000
[preflight] MASK_FRAC=0.05
[preflight] DATA_DIR=/home/ryreu/atlas/PracticeTagging/data/jetclass_part0
[preflight] ASPEN_DIR=/home/ryreu/atlas/CompPhys_Final/data/AspenOpenJets
[preflight] python: /home/ryreu/miniconda3/envs/atlas_kd/bin/python3
[preflight] module check OK
============================================================
RRR Find-Another Training (Single Config)
Job ID: 21243529
Node: skl-a-36
Output: /home/ryreu/atlas/CompPhys_FinalProject/restart_studies/results/rrr_findanother_seed52_integrated_gradients_lam1000_mask0p05
============================================================
 python3 -u /home/ryreu/atlas/CompPhys_FinalProject/restart_studies/train_rrr_find_another_single.py --data_dir /home/ryreu/atlas/PracticeTagging/data/jetclass_part0 --aspen_data_dir /home/ryreu/atlas/CompPhys_Final/data/AspenOpenJets --aspen_glob Run\*.h5 --aspen_n_jets 1000000 --aspen_chunk_jets 50000 --output_root /home/ryreu/atlas/CompPhys_FinalProject/restart_studies/results --run_name rrr_findanother_seed52_integrated_gradients_lam1000_mask0p05 --seed 52 --device cuda --num_workers 4 --feature_mode full --max_constits 128 --train_files_per_class 8 --val_files_per_class 1 --test_files_per_class 1 --n_train_jets 150000 --n_val_jets 50000 --n_test_jets 150000 --batch_size 512 --rrr_batch_size 128 --epochs 30 --lr 7e-4 --weight_decay 1e-5 --warmup_epochs 3 --embed_dim 128 --num_heads 8 --num_layers 6 --ff_dim 512 --dropout 0.1 --target_class HToBB --background_class ZJetsToNuNu --a_source integrated_gradients --lambda_rrr 1000 --mask_frac 0.05 --max_iterations 5 --attr_batch_size 128 --ig_steps 16 --smoothgrad_samples 16 --smoothgrad_sigma 0.10
[info] run_dir=/home/ryreu/atlas/CompPhys_FinalProject/restart_studies/results/rrr_findanother_seed52_integrated_gradients_lam1000_mask0p05
[info] device=cuda
[info] classes:
  - HToBB: 10 files
  - HToCC: 10 files
  - HToGG: 10 files
  - HToWW2Q1L: 10 files
  - HToWW4Q: 10 files
  - TTBar: 10 files
  - TTBarLep: 10 files
  - WToQQ: 10 files
  - ZJetsToNuNu: 10 files
  - ZToQQ: 10 files
[info] loading train/val/test splits
[info] loaded jets train=150000 val=50000 test=150000
[info] domain-prior mask coverage tokens=295956/5898045 features=2959560/100266765
========================================================================
[iter] 1/5
[iter] seed=1052
[iter-train] ep=1 loss=1.3520 ce=1.3130 rrr=0.0000 val_acc=0.6024 val_auc=0.9248
[iter-train] ep=2 loss=1.1139 ce=1.0867 rrr=0.0000 val_acc=0.6020 val_auc=0.9287
[iter-train] ep=3 loss=1.0476 ce=1.0263 rrr=0.0000 val_acc=0.6481 val_auc=0.9395
[iter-train] ep=4 loss=0.9888 ce=0.9744 rrr=0.0000 val_acc=0.6451 val_auc=0.9411
[iter-train] ep=5 loss=0.9544 ce=0.9440 rrr=0.0000 val_acc=0.6631 val_auc=0.9455
[iter-train] ep=6 loss=0.9371 ce=0.9255 rrr=0.0000 val_acc=0.6770 val_auc=0.9483
[iter-train] ep=7 loss=0.9192 ce=0.9093 rrr=0.0000 val_acc=0.6383 val_auc=0.9423
[iter-train] ep=8 loss=0.9134 ce=0.8970 rrr=0.0000 val_acc=0.6451 val_auc=0.9425
[iter-train] ep=9 loss=0.8900 ce=0.8825 rrr=0.0000 val_acc=0.6766 val_auc=0.9491
[iter-train] ep=10 loss=0.8793 ce=0.8717 rrr=0.0000 val_acc=0.6753 val_auc=0.9494
[iter-train] ep=11 loss=0.8677 ce=0.8611 rrr=0.0000 val_acc=0.6889 val_auc=0.9511
[iter-train] ep=12 loss=0.8583 ce=0.8516 rrr=0.0000 val_acc=0.6907 val_auc=0.9521
[iter-train] ep=13 loss=0.8469 ce=0.8404 rrr=0.0000 val_acc=0.6947 val_auc=0.9525
[iter-train] ep=14 loss=0.8347 ce=0.8288 rrr=0.0000 val_acc=0.6949 val_auc=0.9529
[iter-train] ep=15 loss=0.8225 ce=0.8167 rrr=0.0000 val_acc=0.6842 val_auc=0.9503
[iter-train] ep=16 loss=0.8125 ce=0.8069 rrr=0.0000 val_acc=0.6694 val_auc=0.9484
[iter-train] ep=17 loss=0.8032 ce=0.7976 rrr=0.0000 val_acc=0.6927 val_auc=0.9535
[iter-train] ep=18 loss=0.7900 ce=0.7846 rrr=0.0000 val_acc=0.7002 val_auc=0.9539
[iter-train] ep=19 loss=0.7801 ce=0.7747 rrr=0.0000 val_acc=0.6958 val_auc=0.9539
[iter-train] ep=20 loss=0.7694 ce=0.7641 rrr=0.0000 val_acc=0.7056 val_auc=0.9552
[iter-train] ep=21 loss=0.7569 ce=0.7517 rrr=0.0000 val_acc=0.6905 val_auc=0.9526
[iter-train] ep=22 loss=0.7458 ce=0.7402 rrr=0.0000 val_acc=0.6916 val_auc=0.9530
[iter-train] ep=23 loss=0.7372 ce=0.7319 rrr=0.0000 val_acc=0.6932 val_auc=0.9537
[iter-train] ep=24 loss=0.7268 ce=0.7215 rrr=0.0000 val_acc=0.7033 val_auc=0.9545
[iter-train] ep=25 loss=0.7180 ce=0.7124 rrr=0.0000 val_acc=0.6971 val_auc=0.9539
[iter-train] ep=26 loss=0.7114 ce=0.7062 rrr=0.0000 val_acc=0.7001 val_auc=0.9541
[iter-train] ep=27 loss=0.7034 ce=0.6980 rrr=0.0000 val_acc=0.6983 val_auc=0.9540
[iter-train] ep=28 loss=0.6994 ce=0.6940 rrr=0.0000 val_acc=0.6974 val_auc=0.9537
[iter-train] ep=29 loss=0.6971 ce=0.6906 rrr=0.0000 val_acc=0.7002 val_auc=0.9541
[iter-train] ep=30 loss=0.6952 ce=0.6897 rrr=0.0000 val_acc=0.7012 val_auc=0.9542
[iter] done 1: test_acc=0.7001, test_auc=0.9541, aspen_strong3=0.4547
========================================================================
[iter] 2/5
[iter] seed=2052
[iter] computing full-dataset attributions source=integrated_gradients
[iter-train] ep=1 loss=1.5990 ce=1.4957 rrr=0.0001 val_acc=0.5372 val_auc=0.8979
[iter-train] ep=2 loss=1.4568 ce=1.3338 rrr=0.0001 val_acc=0.5092 val_auc=0.8967
[iter-train] ep=3 loss=1.4339 ce=1.3102 rrr=0.0001 val_acc=0.5171 val_auc=0.8977
[iter-train] ep=4 loss=1.3946 ce=1.2719 rrr=0.0001 val_acc=0.5499 val_auc=0.9066
[iter-train] ep=5 loss=1.3815 ce=1.2455 rrr=0.0001 val_acc=0.5544 val_auc=0.9087
[iter-train] ep=6 loss=1.3511 ce=1.2296 rrr=0.0001 val_acc=0.5588 val_auc=0.9104
[iter-train] ep=7 loss=1.3421 ce=1.2122 rrr=0.0001 val_acc=0.5716 val_auc=0.9111
[iter-train] ep=8 loss=1.3252 ce=1.1970 rrr=0.0001 val_acc=0.5779 val_auc=0.9155
[iter-train] ep=9 loss=1.3052 ce=1.1821 rrr=0.0001 val_acc=0.5865 val_auc=0.9200
[iter-train] ep=10 loss=1.2928 ce=1.1714 rrr=0.0001 val_acc=0.5924 val_auc=0.9203
[iter-train] ep=11 loss=1.2916 ce=1.1553 rrr=0.0001 val_acc=0.5913 val_auc=0.9202
[iter-train] ep=12 loss=1.2697 ce=1.1459 rrr=0.0001 val_acc=0.5931 val_auc=0.9222
[iter-train] ep=13 loss=1.2489 ce=1.1328 rrr=0.0001 val_acc=0.6033 val_auc=0.9254
[iter-train] ep=14 loss=1.2808 ce=1.1195 rrr=0.0002 val_acc=0.5913 val_auc=0.9218
[iter-train] ep=15 loss=1.2419 ce=1.1092 rrr=0.0001 val_acc=0.6069 val_auc=0.9255
[iter-train] ep=16 loss=1.2185 ce=1.0968 rrr=0.0001 val_acc=0.6013 val_auc=0.9260
[iter-train] ep=17 loss=1.2299 ce=1.0848 rrr=0.0001 val_acc=0.6080 val_auc=0.9271
[iter-train] ep=18 loss=1.2044 ce=1.0731 rrr=0.0001 val_acc=0.6133 val_auc=0.9287
[iter-train] ep=19 loss=1.2068 ce=1.0620 rrr=0.0001 val_acc=0.6208 val_auc=0.9310
[iter-train] ep=20 loss=1.1690 ce=1.0506 rrr=0.0001 val_acc=0.6185 val_auc=0.9310
[iter-train] ep=21 loss=1.1553 ce=1.0405 rrr=0.0001 val_acc=0.6220 val_auc=0.9314
[iter-train] ep=22 loss=1.1430 ce=1.0307 rrr=0.0001 val_acc=0.6301 val_auc=0.9333
[iter-train] ep=23 loss=1.1569 ce=1.0238 rrr=0.0001 val_acc=0.6296 val_auc=0.9335
[iter-train] ep=24 loss=1.1188 ce=1.0146 rrr=0.0001 val_acc=0.6274 val_auc=0.9328
[iter-train] ep=25 loss=1.1136 ce=1.0065 rrr=0.0001 val_acc=0.6298 val_auc=0.9344
[iter-train] ep=26 loss=1.1131 ce=1.0008 rrr=0.0001 val_acc=0.6322 val_auc=0.9345
[iter-train] ep=27 loss=1.0998 ce=0.9954 rrr=0.0001 val_acc=0.6339 val_auc=0.9353
[iter-train] ep=28 loss=1.0878 ce=0.9929 rrr=0.0001 val_acc=0.6343 val_auc=0.9353
[iter-train] ep=29 loss=1.1067 ce=0.9904 rrr=0.0001 val_acc=0.6372 val_auc=0.9358
[iter-train] ep=30 loss=1.1033 ce=0.9888 rrr=0.0001 val_acc=0.6368 val_auc=0.9357
[iter] done 2: test_acc=0.6385, test_auc=0.9362, aspen_strong3=0.6760
========================================================================
[iter] 3/5
[iter] seed=3052
[iter] computing full-dataset attributions source=integrated_gradients
[iter-train] ep=1 loss=1.6504 ce=1.5358 rrr=0.0001 val_acc=0.5124 val_auc=0.8881
[iter-train] ep=2 loss=1.5184 ce=1.3876 rrr=0.0001 val_acc=0.5274 val_auc=0.8976
[iter-train] ep=3 loss=1.4925 ce=1.3587 rrr=0.0001 val_acc=0.5212 val_auc=0.8932
[iter-train] ep=4 loss=1.4546 ce=1.3206 rrr=0.0001 val_acc=0.5307 val_auc=0.9051
[iter-train] ep=5 loss=1.4299 ce=1.2948 rrr=0.0001 val_acc=0.5566 val_auc=0.9067
[iter-train] ep=6 loss=1.4153 ce=1.2762 rrr=0.0001 val_acc=0.5545 val_auc=0.9064
[iter-train] ep=7 loss=1.3961 ce=1.2597 rrr=0.0001 val_acc=0.5649 val_auc=0.9100
[iter-train] ep=8 loss=1.3878 ce=1.2494 rrr=0.0001 val_acc=0.5635 val_auc=0.9134
[iter-train] ep=9 loss=1.3783 ce=1.2323 rrr=0.0001 val_acc=0.5719 val_auc=0.9137
[iter-train] ep=10 loss=1.3656 ce=1.2215 rrr=0.0001 val_acc=0.5689 val_auc=0.9140
[iter-train] ep=11 loss=1.3496 ce=1.2071 rrr=0.0001 val_acc=0.5736 val_auc=0.9155
[iter-train] ep=12 loss=1.3359 ce=1.1944 rrr=0.0001 val_acc=0.5862 val_auc=0.9205
[iter-train] ep=13 loss=1.3285 ce=1.1796 rrr=0.0001 val_acc=0.5909 val_auc=0.9202
[iter-train] ep=14 loss=1.3182 ce=1.1703 rrr=0.0001 val_acc=0.5806 val_auc=0.9207
[iter-train] ep=15 loss=1.3076 ce=1.1572 rrr=0.0002 val_acc=0.5929 val_auc=0.9235
[iter-train] ep=16 loss=1.2919 ce=1.1420 rrr=0.0001 val_acc=0.5948 val_auc=0.9256
[iter-train] ep=17 loss=1.2974 ce=1.1316 rrr=0.0002 val_acc=0.5988 val_auc=0.9263
[iter-train] ep=18 loss=1.3014 ce=1.1166 rrr=0.0002 val_acc=0.6057 val_auc=0.9284
[iter-train] ep=19 loss=1.2801 ce=1.1070 rrr=0.0002 val_acc=0.6029 val_auc=0.9275
[iter-train] ep=20 loss=1.2988 ce=1.0943 rrr=0.0002 val_acc=0.6151 val_auc=0.9310
[iter-train] ep=21 loss=1.5370 ce=1.0834 rrr=0.0005 val_acc=0.6099 val_auc=0.9308
[iter-train] ep=22 loss=1.3684 ce=1.0739 rrr=0.0003 val_acc=0.6213 val_auc=0.9324
[iter-train] ep=23 loss=1.3142 ce=1.0630 rrr=0.0003 val_acc=0.6164 val_auc=0.9317
[iter-train] ep=24 loss=1.2991 ce=1.0558 rrr=0.0002 val_acc=0.6203 val_auc=0.9328
[iter-train] ep=25 loss=1.2706 ce=1.0468 rrr=0.0002 val_acc=0.6205 val_auc=0.9328
[iter-train] ep=26 loss=1.4813 ce=1.0406 rrr=0.0004 val_acc=0.6260 val_auc=0.9339
[iter-train] ep=27 loss=1.3972 ce=1.0350 rrr=0.0004 val_acc=0.6299 val_auc=0.9351
[iter-train] ep=28 loss=1.3485 ce=1.0312 rrr=0.0003 val_acc=0.6270 val_auc=0.9347
[iter-train] ep=29 loss=1.2740 ce=1.0283 rrr=0.0002 val_acc=0.6280 val_auc=0.9350
[iter-train] ep=30 loss=1.3625 ce=1.0260 rrr=0.0003 val_acc=0.6290 val_auc=0.9350
[iter] done 3: test_acc=0.6316, test_auc=0.9353, aspen_strong3=0.7467
========================================================================
[iter] 4/5
[iter] seed=4052
[iter] computing full-dataset attributions source=integrated_gradients
[iter-train] ep=1 loss=1.6488 ce=1.5284 rrr=0.0001 val_acc=0.5123 val_auc=0.8937
[iter-train] ep=2 loss=1.5232 ce=1.3868 rrr=0.0001 val_acc=0.4969 val_auc=0.8930
[iter-train] ep=3 loss=1.4932 ce=1.3553 rrr=0.0001 val_acc=0.5001 val_auc=0.8933
[iter-train] ep=4 loss=1.4595 ce=1.3193 rrr=0.0001 val_acc=0.5403 val_auc=0.9046
[iter-train] ep=5 loss=1.4391 ce=1.2974 rrr=0.0001 val_acc=0.5439 val_auc=0.9045
[iter-train] ep=6 loss=1.4218 ce=1.2773 rrr=0.0001 val_acc=0.5415 val_auc=0.9082
[iter-train] ep=7 loss=1.4088 ce=1.2629 rrr=0.0001 val_acc=0.5757 val_auc=0.9172
[iter-train] ep=8 loss=1.3961 ce=1.2469 rrr=0.0001 val_acc=0.5700 val_auc=0.9134
[iter-train] ep=9 loss=1.3879 ce=1.2381 rrr=0.0001 val_acc=0.5779 val_auc=0.9191
[iter-train] ep=10 loss=1.3752 ce=1.2225 rrr=0.0002 val_acc=0.5690 val_auc=0.9122
[iter-train] ep=11 loss=1.3727 ce=1.2106 rrr=0.0002 val_acc=0.5876 val_auc=0.9208
[iter-train] ep=12 loss=1.3514 ce=1.1985 rrr=0.0002 val_acc=0.5900 val_auc=0.9188
[iter-train] ep=13 loss=1.3461 ce=1.1841 rrr=0.0002 val_acc=0.5895 val_auc=0.9248
[iter-train] ep=14 loss=1.3375 ce=1.1745 rrr=0.0002 val_acc=0.5732 val_auc=0.9177
[iter-train] ep=15 loss=1.3656 ce=1.1616 rrr=0.0002 val_acc=0.5995 val_auc=0.9264
[iter-train] ep=16 loss=1.3621 ce=1.1483 rrr=0.0002 val_acc=0.5888 val_auc=0.9240
[iter-train] ep=17 loss=1.3277 ce=1.1377 rrr=0.0002 val_acc=0.5950 val_auc=0.9248
[iter-train] ep=18 loss=1.3594 ce=1.1251 rrr=0.0002 val_acc=0.6000 val_auc=0.9248
[iter-train] ep=19 loss=1.3505 ce=1.1140 rrr=0.0002 val_acc=0.6087 val_auc=0.9288
[iter-train] ep=20 loss=1.4084 ce=1.0998 rrr=0.0003 val_acc=0.6082 val_auc=0.9289
[iter-train] ep=21 loss=1.4154 ce=1.0894 rrr=0.0003 val_acc=0.6199 val_auc=0.9314
[iter-train] ep=22 loss=1.4370 ce=1.0807 rrr=0.0004 val_acc=0.6172 val_auc=0.9310
[iter-train] ep=23 loss=1.3758 ce=1.0704 rrr=0.0003 val_acc=0.6199 val_auc=0.9320
[iter-train] ep=24 loss=1.4790 ce=1.0604 rrr=0.0004 val_acc=0.6245 val_auc=0.9333
[iter-train] ep=25 loss=1.5311 ce=1.0538 rrr=0.0005 val_acc=0.6241 val_auc=0.9337
[iter-train] ep=26 loss=1.3885 ce=1.0467 rrr=0.0003 val_acc=0.6272 val_auc=0.9346
[iter-train] ep=27 loss=1.3974 ce=1.0413 rrr=0.0004 val_acc=0.6253 val_auc=0.9342
[iter-train] ep=28 loss=1.4539 ce=1.0383 rrr=0.0004 val_acc=0.6271 val_auc=0.9346
[iter-train] ep=29 loss=1.4572 ce=1.0352 rrr=0.0004 val_acc=0.6280 val_auc=0.9347
[iter-train] ep=30 loss=1.4855 ce=1.0339 rrr=0.0005 val_acc=0.6287 val_auc=0.9350
[iter] done 4: test_acc=0.6301, test_auc=0.9351, aspen_strong3=0.5973
========================================================================
[iter] 5/5
[iter] seed=5052
[iter] computing full-dataset attributions source=integrated_gradients
[iter-train] ep=1 loss=1.6453 ce=1.5237 rrr=0.0001 val_acc=0.5153 val_auc=0.8932
[iter-train] ep=2 loss=1.5282 ce=1.3910 rrr=0.0001 val_acc=0.5127 val_auc=0.8876
[iter-train] ep=3 loss=1.5018 ce=1.3619 rrr=0.0001 val_acc=0.5273 val_auc=0.8980
[iter-train] ep=4 loss=1.4718 ce=1.3291 rrr=0.0001 val_acc=0.5479 val_auc=0.9092
[iter-train] ep=5 loss=1.4508 ce=1.3070 rrr=0.0001 val_acc=0.5551 val_auc=0.9077
[iter-train] ep=6 loss=1.4355 ce=1.2898 rrr=0.0001 val_acc=0.5324 val_auc=0.9056
[iter-train] ep=7 loss=1.4231 ce=1.2751 rrr=0.0001 val_acc=0.5668 val_auc=0.9119
[iter-train] ep=8 loss=1.4077 ce=1.2597 rrr=0.0001 val_acc=0.5750 val_auc=0.9179
[iter-train] ep=9 loss=1.3996 ce=1.2454 rrr=0.0002 val_acc=0.5713 val_auc=0.9177
[iter-train] ep=10 loss=1.3931 ce=1.2327 rrr=0.0002 val_acc=0.5750 val_auc=0.9171
[iter-train] ep=11 loss=1.3809 ce=1.2217 rrr=0.0002 val_acc=0.5882 val_auc=0.9205
[iter-train] ep=12 loss=1.3721 ce=1.2096 rrr=0.0002 val_acc=0.5651 val_auc=0.9133
[iter-train] ep=13 loss=1.3926 ce=1.1998 rrr=0.0002 val_acc=0.5950 val_auc=0.9221
[iter-train] ep=14 loss=1.3935 ce=1.1886 rrr=0.0002 val_acc=0.5992 val_auc=0.9235
[iter-train] ep=15 loss=1.5839 ce=1.1694 rrr=0.0004 val_acc=0.5905 val_auc=0.9214
[iter-train] ep=16 loss=1.5060 ce=1.1603 rrr=0.0003 val_acc=0.5942 val_auc=0.9224
[iter-train] ep=17 loss=1.4324 ce=1.1511 rrr=0.0003 val_acc=0.5988 val_auc=0.9256
[iter-train] ep=18 loss=1.4896 ce=1.1405 rrr=0.0003 val_acc=0.6011 val_auc=0.9250
[iter-train] ep=19 loss=1.4406 ce=1.1275 rrr=0.0003 val_acc=0.6085 val_auc=0.9284
[iter-train] ep=20 loss=1.6425 ce=1.1180 rrr=0.0005 val_acc=0.6043 val_auc=0.9278
[iter-train] ep=21 loss=1.4827 ce=1.1069 rrr=0.0004 val_acc=0.6056 val_auc=0.9299
[iter-train] ep=22 loss=2.3470 ce=1.0936 rrr=0.0013 val_acc=0.6128 val_auc=0.9299
[iter-train] ep=23 loss=1.8057 ce=1.0888 rrr=0.0007 val_acc=0.6152 val_auc=0.9309
[iter-train] ep=24 loss=1.8354 ce=1.0786 rrr=0.0008 val_acc=0.6121 val_auc=0.9305
[iter-train] ep=25 loss=1.6075 ce=1.0719 rrr=0.0005 val_acc=0.6193 val_auc=0.9332
[iter-train] ep=26 loss=1.8668 ce=1.0633 rrr=0.0008 val_acc=0.6154 val_auc=0.9317
[iter-train] ep=27 loss=1.8201 ce=1.0576 rrr=0.0008 val_acc=0.6233 val_auc=0.9336
[iter-train] ep=28 loss=1.8526 ce=1.0554 rrr=0.0008 val_acc=0.6197 val_auc=0.9330
[iter-train] ep=29 loss=1.7237 ce=1.0518 rrr=0.0007 val_acc=0.6193 val_auc=0.9333
[iter-train] ep=30 loss=2.1908 ce=1.0509 rrr=0.0011 val_acc=0.6215 val_auc=0.9337
[iter] done 5: test_acc=0.6226, test_auc=0.9337, aspen_strong3=0.5697
[done] outputs:
  /home/ryreu/atlas/CompPhys_FinalProject/restart_studies/results/rrr_findanother_seed52_integrated_gradients_lam1000_mask0p05/config.json
  /home/ryreu/atlas/CompPhys_FinalProject/restart_studies/results/rrr_findanother_seed52_integrated_gradients_lam1000_mask0p05/iteration_summary.csv
  /home/ryreu/atlas/CompPhys_FinalProject/restart_studies/results/rrr_findanother_seed52_integrated_gradients_lam1000_mask0p05/summary.json
  /home/ryreu/atlas/CompPhys_FinalProject/restart_studies/results/rrr_findanother_seed52_integrated_gradients_lam1000_mask0p05/iter_01/jetclass_test_metrics.json
  /home/ryreu/atlas/CompPhys_FinalProject/restart_studies/results/rrr_findanother_seed52_integrated_gradients_lam1000_mask0p05/iter_01/aspen_shift_metrics.json
  /home/ryreu/atlas/CompPhys_FinalProject/restart_studies/results/rrr_findanother_seed52_integrated_gradients_lam1000_mask0p05/iter_02/jetclass_test_metrics.json
  /home/ryreu/atlas/CompPhys_FinalProject/restart_studies/results/rrr_findanother_seed52_integrated_gradients_lam1000_mask0p05/iter_02/aspen_shift_metrics.json
  /home/ryreu/atlas/CompPhys_FinalProject/restart_studies/results/rrr_findanother_seed52_integrated_gradients_lam1000_mask0p05/iter_03/jetclass_test_metrics.json
  /home/ryreu/atlas/CompPhys_FinalProject/restart_studies/results/rrr_findanother_seed52_integrated_gradients_lam1000_mask0p05/iter_03/aspen_shift_metrics.json
  /home/ryreu/atlas/CompPhys_FinalProject/restart_studies/results/rrr_findanother_seed52_integrated_gradients_lam1000_mask0p05/iter_04/jetclass_test_metrics.json
  /home/ryreu/atlas/CompPhys_FinalProject/restart_studies/results/rrr_findanother_seed52_integrated_gradients_lam1000_mask0p05/iter_04/aspen_shift_metrics.json
  /home/ryreu/atlas/CompPhys_FinalProject/restart_studies/results/rrr_findanother_seed52_integrated_gradients_lam1000_mask0p05/iter_05/jetclass_test_metrics.json
  /home/ryreu/atlas/CompPhys_FinalProject/restart_studies/results/rrr_findanother_seed52_integrated_gradients_lam1000_mask0p05/iter_05/aspen_shift_metrics.json
[done] outputs:
  /home/ryreu/atlas/CompPhys_FinalProject/restart_studies/results/rrr_findanother_seed52_integrated_gradients_lam1000_mask0p05/config.json
  /home/ryreu/atlas/CompPhys_FinalProject/restart_studies/results/rrr_findanother_seed52_integrated_gradients_lam1000_mask0p05/iteration_summary.csv
  /home/ryreu/atlas/CompPhys_FinalProject/restart_studies/results/rrr_findanother_seed52_integrated_gradients_lam1000_mask0p05/summary.json
