============================================================
RRR Find-Another Sweep (16-config array)
Array Job: 21209305
Task ID: 3 / 15
A_SOURCE: smoothgrad
Lambda: 1
Mask frac: 0.30
Run name: rrr_findanother_seed52_smoothgrad_lam1_mask0p30
Delegating to: /home/ryreu/atlas/CompPhys_FinalProject/restart_studies/sbatch_train_rrr_find_another_single.sh
============================================================
[preflight] WORKDIR=/home/ryreu/atlas/CompPhys_FinalProject
[preflight] PROJECT_ROOT=/home/ryreu/atlas/CompPhys_FinalProject
[preflight] SCRIPT=/home/ryreu/atlas/CompPhys_FinalProject/restart_studies/train_rrr_find_another_single.py
[preflight] RUN_NAME=rrr_findanother_seed52_smoothgrad_lam1_mask0p30
[preflight] A_SOURCE=smoothgrad
[preflight] LAMBDA_RRR=1
[preflight] MASK_FRAC=0.30
[preflight] DATA_DIR=/home/ryreu/atlas/PracticeTagging/data/jetclass_part0
[preflight] ASPEN_DIR=/home/ryreu/atlas/CompPhys_Final/data/AspenOpenJets
[preflight] python: /home/ryreu/miniconda3/envs/atlas_kd/bin/python3
[preflight] module check OK
============================================================
RRR Find-Another Training (Single Config)
Job ID: 21213526
Node: skl-a-25
Output: /home/ryreu/atlas/CompPhys_FinalProject/restart_studies/results/rrr_findanother_seed52_smoothgrad_lam1_mask0p30
============================================================
 python3 -u /home/ryreu/atlas/CompPhys_FinalProject/restart_studies/train_rrr_find_another_single.py --data_dir /home/ryreu/atlas/PracticeTagging/data/jetclass_part0 --aspen_data_dir /home/ryreu/atlas/CompPhys_Final/data/AspenOpenJets --aspen_glob Run\*.h5 --aspen_n_jets 1000000 --aspen_chunk_jets 50000 --output_root /home/ryreu/atlas/CompPhys_FinalProject/restart_studies/results --run_name rrr_findanother_seed52_smoothgrad_lam1_mask0p30 --seed 52 --device cuda --num_workers 4 --feature_mode full --max_constits 128 --train_files_per_class 8 --val_files_per_class 1 --test_files_per_class 1 --n_train_jets 150000 --n_val_jets 50000 --n_test_jets 150000 --batch_size 512 --rrr_batch_size 128 --epochs 30 --lr 7e-4 --weight_decay 1e-5 --warmup_epochs 3 --embed_dim 128 --num_heads 8 --num_layers 6 --ff_dim 512 --dropout 0.1 --target_class HToBB --background_class ZJetsToNuNu --a_source smoothgrad --lambda_rrr 1 --mask_frac 0.30 --max_iterations 5 --attr_batch_size 128 --ig_steps 16 --smoothgrad_samples 16 --smoothgrad_sigma 0.10
[info] run_dir=/home/ryreu/atlas/CompPhys_FinalProject/restart_studies/results/rrr_findanother_seed52_smoothgrad_lam1_mask0p30
[info] device=cuda
[info] classes:
  - HToBB: 10 files
  - HToCC: 10 files
  - HToGG: 10 files
  - HToWW2Q1L: 10 files
  - HToWW4Q: 10 files
  - TTBar: 10 files
  - TTBarLep: 10 files
  - WToQQ: 10 files
  - ZJetsToNuNu: 10 files
  - ZToQQ: 10 files
[info] loading train/val/test splits
[info] loaded jets train=150000 val=50000 test=150000
[info] domain-prior mask coverage tokens=1769358/5898045 features=17693580/100266765
========================================================================
[iter] 1/5
[iter] seed=1052
[iter-train] ep=1 loss=1.2357 ce=1.2332 rrr=0.0025 val_acc=0.6220 val_auc=0.9310
[iter-train] ep=2 loss=1.0483 ce=1.0458 rrr=0.0025 val_acc=0.6254 val_auc=0.9348
[iter-train] ep=3 loss=1.0080 ce=1.0055 rrr=0.0025 val_acc=0.6388 val_auc=0.9403
[iter-train] ep=4 loss=0.9631 ce=0.9605 rrr=0.0026 val_acc=0.6509 val_auc=0.9417
[iter-train] ep=5 loss=0.9377 ce=0.9351 rrr=0.0026 val_acc=0.6770 val_auc=0.9466
[iter-train] ep=6 loss=0.9192 ce=0.9167 rrr=0.0025 val_acc=0.6779 val_auc=0.9481
[iter-train] ep=7 loss=0.9029 ce=0.9004 rrr=0.0025 val_acc=0.6715 val_auc=0.9479
[iter-train] ep=8 loss=0.8912 ce=0.8889 rrr=0.0024 val_acc=0.6797 val_auc=0.9496
[iter-train] ep=9 loss=0.8790 ce=0.8767 rrr=0.0023 val_acc=0.6790 val_auc=0.9492
[iter-train] ep=10 loss=0.8693 ce=0.8669 rrr=0.0023 val_acc=0.6905 val_auc=0.9513
[iter-train] ep=11 loss=0.8580 ce=0.8557 rrr=0.0023 val_acc=0.6985 val_auc=0.9525
[iter-train] ep=12 loss=0.8472 ce=0.8449 rrr=0.0023 val_acc=0.6950 val_auc=0.9521
[iter-train] ep=13 loss=0.8377 ce=0.8354 rrr=0.0023 val_acc=0.7022 val_auc=0.9532
[iter-train] ep=14 loss=0.8270 ce=0.8247 rrr=0.0023 val_acc=0.6973 val_auc=0.9534
[iter-train] ep=15 loss=0.8156 ce=0.8132 rrr=0.0024 val_acc=0.6977 val_auc=0.9529
[iter-train] ep=16 loss=0.8046 ce=0.8022 rrr=0.0024 val_acc=0.6904 val_auc=0.9520
[iter-train] ep=17 loss=0.7939 ce=0.7915 rrr=0.0024 val_acc=0.7062 val_auc=0.9549
[iter-train] ep=18 loss=0.7813 ce=0.7788 rrr=0.0025 val_acc=0.7052 val_auc=0.9551
[iter-train] ep=19 loss=0.7715 ce=0.7689 rrr=0.0026 val_acc=0.7027 val_auc=0.9547
[iter-train] ep=20 loss=0.7615 ce=0.7588 rrr=0.0027 val_acc=0.7123 val_auc=0.9560
[iter-train] ep=21 loss=0.7486 ce=0.7459 rrr=0.0027 val_acc=0.7075 val_auc=0.9554
[iter-train] ep=22 loss=0.7378 ce=0.7350 rrr=0.0028 val_acc=0.7078 val_auc=0.9554
[iter-train] ep=23 loss=0.7273 ce=0.7245 rrr=0.0028 val_acc=0.7045 val_auc=0.9549
[iter-train] ep=24 loss=0.7168 ce=0.7138 rrr=0.0029 val_acc=0.7089 val_auc=0.9552
[iter-train] ep=25 loss=0.7084 ce=0.7053 rrr=0.0030 val_acc=0.7077 val_auc=0.9550
[iter-train] ep=26 loss=0.7016 ce=0.6984 rrr=0.0031 val_acc=0.7097 val_auc=0.9551
[iter-train] ep=27 loss=0.6941 ce=0.6909 rrr=0.0032 val_acc=0.7095 val_auc=0.9553
[iter-train] ep=28 loss=0.6894 ce=0.6862 rrr=0.0032 val_acc=0.7083 val_auc=0.9550
[iter-train] ep=29 loss=0.6873 ce=0.6840 rrr=0.0033 val_acc=0.7096 val_auc=0.9552
[iter-train] ep=30 loss=0.6859 ce=0.6826 rrr=0.0033 val_acc=0.7105 val_auc=0.9553
[iter] done 1: test_acc=0.7103, test_auc=0.9554, aspen_strong3=0.6628
========================================================================
[iter] 2/5
[iter] seed=2052
[iter] computing full-dataset attributions source=smoothgrad
[iter-train] ep=1 loss=1.2535 ce=1.2462 rrr=0.0073 val_acc=0.6110 val_auc=0.9316
[iter-train] ep=2 loss=1.0656 ce=1.0538 rrr=0.0119 val_acc=0.6338 val_auc=0.9355
[iter-train] ep=3 loss=1.0217 ce=1.0082 rrr=0.0135 val_acc=0.6168 val_auc=0.9323
[iter-train] ep=4 loss=0.9795 ce=0.9652 rrr=0.0143 val_acc=0.6547 val_auc=0.9427
[iter-train] ep=5 loss=0.9526 ce=0.9379 rrr=0.0147 val_acc=0.6727 val_auc=0.9452
[iter-train] ep=6 loss=0.9366 ce=0.9215 rrr=0.0151 val_acc=0.6690 val_auc=0.9457
[iter-train] ep=7 loss=0.9223 ce=0.9072 rrr=0.0151 val_acc=0.6812 val_auc=0.9484
[iter-train] ep=8 loss=0.9084 ce=0.8929 rrr=0.0155 val_acc=0.6802 val_auc=0.9479
[iter-train] ep=9 loss=0.8975 ce=0.8822 rrr=0.0153 val_acc=0.6838 val_auc=0.9491
[iter-train] ep=10 loss=0.8861 ce=0.8707 rrr=0.0154 val_acc=0.6796 val_auc=0.9483
[iter-train] ep=11 loss=0.8743 ce=0.8588 rrr=0.0155 val_acc=0.6872 val_auc=0.9506
[iter-train] ep=12 loss=0.8622 ce=0.8466 rrr=0.0156 val_acc=0.6917 val_auc=0.9515
[iter-train] ep=13 loss=0.8519 ce=0.8364 rrr=0.0156 val_acc=0.6970 val_auc=0.9523
[iter-train] ep=14 loss=0.8411 ce=0.8251 rrr=0.0159 val_acc=0.6992 val_auc=0.9529
[iter-train] ep=15 loss=0.8306 ce=0.8145 rrr=0.0161 val_acc=0.6964 val_auc=0.9531
[iter-train] ep=16 loss=0.8191 ce=0.8027 rrr=0.0164 val_acc=0.7006 val_auc=0.9529
[iter-train] ep=17 loss=0.8067 ce=0.7902 rrr=0.0165 val_acc=0.7024 val_auc=0.9539
[iter-train] ep=18 loss=0.7963 ce=0.7796 rrr=0.0167 val_acc=0.6986 val_auc=0.9538
[iter-train] ep=19 loss=0.7855 ce=0.7682 rrr=0.0174 val_acc=0.7030 val_auc=0.9546
[iter-train] ep=20 loss=0.7740 ce=0.7567 rrr=0.0174 val_acc=0.7020 val_auc=0.9548
[iter-train] ep=21 loss=0.7628 ce=0.7450 rrr=0.0178 val_acc=0.7047 val_auc=0.9547
[iter-train] ep=22 loss=0.7511 ce=0.7330 rrr=0.0181 val_acc=0.7018 val_auc=0.9542
[iter-train] ep=23 loss=0.7419 ce=0.7233 rrr=0.0186 val_acc=0.7037 val_auc=0.9547
[iter-train] ep=24 loss=0.7284 ce=0.7098 rrr=0.0185 val_acc=0.7036 val_auc=0.9542
[iter-train] ep=25 loss=0.7205 ce=0.7012 rrr=0.0193 val_acc=0.7053 val_auc=0.9543
[iter-train] ep=26 loss=0.7140 ce=0.6943 rrr=0.0197 val_acc=0.7049 val_auc=0.9545
[iter-train] ep=27 loss=0.7077 ce=0.6883 rrr=0.0195 val_acc=0.7058 val_auc=0.9547
[iter-train] ep=28 loss=0.7027 ce=0.6832 rrr=0.0195 val_acc=0.7049 val_auc=0.9543
[iter-train] ep=29 loss=0.7002 ce=0.6805 rrr=0.0197 val_acc=0.7041 val_auc=0.9541
[iter-train] ep=30 loss=0.6977 ce=0.6777 rrr=0.0200 val_acc=0.7043 val_auc=0.9542
[iter] done 2: test_acc=0.7027, test_auc=0.9538, aspen_strong3=0.7352
========================================================================
[iter] 3/5
[iter] seed=3052
[iter] computing full-dataset attributions source=smoothgrad
[iter-train] ep=1 loss=1.2481 ce=1.2409 rrr=0.0071 val_acc=0.6109 val_auc=0.9289
[iter-train] ep=2 loss=1.0623 ce=1.0513 rrr=0.0110 val_acc=0.6465 val_auc=0.9374
[iter-train] ep=3 loss=1.0207 ce=1.0079 rrr=0.0128 val_acc=0.6558 val_auc=0.9401
[iter-train] ep=4 loss=0.9794 ce=0.9656 rrr=0.0138 val_acc=0.6744 val_auc=0.9452
[iter-train] ep=5 loss=0.9524 ce=0.9382 rrr=0.0142 val_acc=0.6762 val_auc=0.9464
[iter-train] ep=6 loss=0.9356 ce=0.9212 rrr=0.0144 val_acc=0.6733 val_auc=0.9461
[iter-train] ep=7 loss=0.9219 ce=0.9076 rrr=0.0144 val_acc=0.6823 val_auc=0.9480
[iter-train] ep=8 loss=0.9069 ce=0.8924 rrr=0.0145 val_acc=0.6774 val_auc=0.9481
[iter-train] ep=9 loss=0.8937 ce=0.8791 rrr=0.0147 val_acc=0.6845 val_auc=0.9502
[iter-train] ep=10 loss=0.8833 ce=0.8686 rrr=0.0148 val_acc=0.6835 val_auc=0.9503
[iter-train] ep=11 loss=0.8719 ce=0.8569 rrr=0.0150 val_acc=0.6779 val_auc=0.9503
[iter-train] ep=12 loss=0.8613 ce=0.8462 rrr=0.0151 val_acc=0.6749 val_auc=0.9512
[iter-train] ep=13 loss=0.8522 ce=0.8373 rrr=0.0149 val_acc=0.6970 val_auc=0.9530
[iter-train] ep=14 loss=0.8409 ce=0.8257 rrr=0.0151 val_acc=0.6867 val_auc=0.9517
[iter-train] ep=15 loss=0.8306 ce=0.8151 rrr=0.0155 val_acc=0.6923 val_auc=0.9523
[iter-train] ep=16 loss=0.8192 ce=0.8032 rrr=0.0159 val_acc=0.6972 val_auc=0.9536
[iter-train] ep=17 loss=0.8100 ce=0.7939 rrr=0.0161 val_acc=0.7031 val_auc=0.9546
[iter-train] ep=18 loss=0.7977 ce=0.7815 rrr=0.0163 val_acc=0.7074 val_auc=0.9551
[iter-train] ep=19 loss=0.7864 ce=0.7698 rrr=0.0166 val_acc=0.7019 val_auc=0.9537
[iter-train] ep=20 loss=0.7749 ce=0.7576 rrr=0.0173 val_acc=0.7030 val_auc=0.9542
[iter-train] ep=21 loss=0.7665 ce=0.7493 rrr=0.0172 val_acc=0.7052 val_auc=0.9547
[iter-train] ep=22 loss=0.7524 ce=0.7349 rrr=0.0175 val_acc=0.7045 val_auc=0.9545
[iter-train] ep=23 loss=0.7432 ce=0.7250 rrr=0.0182 val_acc=0.7075 val_auc=0.9551
[iter-train] ep=24 loss=0.7331 ce=0.7147 rrr=0.0184 val_acc=0.7043 val_auc=0.9543
[iter-train] ep=25 loss=0.7250 ce=0.7060 rrr=0.0189 val_acc=0.7057 val_auc=0.9541
[iter-train] ep=26 loss=0.7166 ce=0.6974 rrr=0.0192 val_acc=0.7048 val_auc=0.9545
[iter-train] ep=27 loss=0.7094 ce=0.6904 rrr=0.0189 val_acc=0.7048 val_auc=0.9544
[iter-train] ep=28 loss=0.7053 ce=0.6859 rrr=0.0194 val_acc=0.7035 val_auc=0.9542
[iter-train] ep=29 loss=0.7039 ce=0.6843 rrr=0.0195 val_acc=0.7054 val_auc=0.9542
[iter-train] ep=30 loss=0.7001 ce=0.6808 rrr=0.0193 val_acc=0.7045 val_auc=0.9544
[iter] done 3: test_acc=0.7045, test_auc=0.9543, aspen_strong3=0.6171
========================================================================
[iter] 4/5
[iter] seed=4052
[iter] computing full-dataset attributions source=smoothgrad
[iter-train] ep=1 loss=1.2500 ce=1.2432 rrr=0.0068 val_acc=0.6248 val_auc=0.9306
[iter-train] ep=2 loss=1.0701 ce=1.0597 rrr=0.0103 val_acc=0.6528 val_auc=0.9390
[iter-train] ep=3 loss=1.0233 ce=1.0112 rrr=0.0120 val_acc=0.6561 val_auc=0.9407
[iter-train] ep=4 loss=0.9811 ce=0.9681 rrr=0.0130 val_acc=0.6608 val_auc=0.9424
[iter-train] ep=5 loss=0.9545 ce=0.9410 rrr=0.0135 val_acc=0.6655 val_auc=0.9442
[iter-train] ep=6 loss=0.9339 ce=0.9202 rrr=0.0137 val_acc=0.6666 val_auc=0.9447
[iter-train] ep=7 loss=0.9200 ce=0.9059 rrr=0.0141 val_acc=0.6838 val_auc=0.9490
[iter-train] ep=8 loss=0.9061 ce=0.8921 rrr=0.0140 val_acc=0.6830 val_auc=0.9495
[iter-train] ep=9 loss=0.8923 ce=0.8782 rrr=0.0141 val_acc=0.6900 val_auc=0.9509
[iter-train] ep=10 loss=0.8819 ce=0.8674 rrr=0.0144 val_acc=0.6856 val_auc=0.9502
[iter-train] ep=11 loss=0.8713 ce=0.8570 rrr=0.0143 val_acc=0.6941 val_auc=0.9515
[iter-train] ep=12 loss=0.8600 ce=0.8454 rrr=0.0146 val_acc=0.6931 val_auc=0.9522
[iter-train] ep=13 loss=0.8501 ce=0.8354 rrr=0.0147 val_acc=0.6943 val_auc=0.9523
[iter-train] ep=14 loss=0.8388 ce=0.8239 rrr=0.0149 val_acc=0.6943 val_auc=0.9523
[iter-train] ep=15 loss=0.8293 ce=0.8141 rrr=0.0152 val_acc=0.6940 val_auc=0.9532
[iter-train] ep=16 loss=0.8184 ce=0.8031 rrr=0.0153 val_acc=0.7023 val_auc=0.9539
[iter-train] ep=17 loss=0.8059 ce=0.7901 rrr=0.0158 val_acc=0.7052 val_auc=0.9546
[iter-train] ep=18 loss=0.7975 ce=0.7815 rrr=0.0160 val_acc=0.6995 val_auc=0.9536
[iter-train] ep=19 loss=0.7844 ce=0.7682 rrr=0.0162 val_acc=0.6999 val_auc=0.9538
[iter-train] ep=20 loss=0.7728 ce=0.7561 rrr=0.0167 val_acc=0.7018 val_auc=0.9548
[iter-train] ep=21 loss=0.7622 ce=0.7453 rrr=0.0169 val_acc=0.7066 val_auc=0.9554
[iter-train] ep=22 loss=0.7528 ce=0.7358 rrr=0.0171 val_acc=0.7058 val_auc=0.9549
[iter-train] ep=23 loss=0.7408 ce=0.7232 rrr=0.0176 val_acc=0.7068 val_auc=0.9549
[iter-train] ep=24 loss=0.7303 ce=0.7122 rrr=0.0181 val_acc=0.7042 val_auc=0.9546
[iter-train] ep=25 loss=0.7213 ce=0.7028 rrr=0.0185 val_acc=0.7065 val_auc=0.9550
[iter-train] ep=26 loss=0.7154 ce=0.6968 rrr=0.0186 val_acc=0.7052 val_auc=0.9545
[iter-train] ep=27 loss=0.7092 ce=0.6902 rrr=0.0190 val_acc=0.7045 val_auc=0.9545
[iter-train] ep=28 loss=0.7062 ce=0.6871 rrr=0.0191 val_acc=0.7052 val_auc=0.9547
[iter-train] ep=29 loss=0.7014 ce=0.6826 rrr=0.0189 val_acc=0.7049 val_auc=0.9547
[iter-train] ep=30 loss=0.6972 ce=0.6785 rrr=0.0187 val_acc=0.7047 val_auc=0.9547
[iter] done 4: test_acc=0.7043, test_auc=0.9544, aspen_strong3=0.6976
========================================================================
[iter] 5/5
[iter] seed=5052
[iter] computing full-dataset attributions source=smoothgrad
[iter-train] ep=1 loss=1.2416 ce=1.2351 rrr=0.0065 val_acc=0.6222 val_auc=0.9319
[iter-train] ep=2 loss=1.0583 ce=1.0478 rrr=0.0105 val_acc=0.6495 val_auc=0.9392
[iter-train] ep=3 loss=1.0172 ce=1.0053 rrr=0.0119 val_acc=0.6100 val_auc=0.9318
[iter-train] ep=4 loss=0.9775 ce=0.9646 rrr=0.0129 val_acc=0.6709 val_auc=0.9456
[iter-train] ep=5 loss=0.9522 ce=0.9386 rrr=0.0136 val_acc=0.6757 val_auc=0.9463
[iter-train] ep=6 loss=0.9336 ce=0.9198 rrr=0.0138 val_acc=0.6763 val_auc=0.9473
[iter-train] ep=7 loss=0.9179 ce=0.9037 rrr=0.0142 val_acc=0.6604 val_auc=0.9429
[iter-train] ep=8 loss=0.9050 ce=0.8908 rrr=0.0142 val_acc=0.6825 val_auc=0.9496
[iter-train] ep=9 loss=0.8931 ce=0.8788 rrr=0.0143 val_acc=0.6727 val_auc=0.9489
[iter-train] ep=10 loss=0.8827 ce=0.8682 rrr=0.0145 val_acc=0.6853 val_auc=0.9497
[iter-train] ep=11 loss=0.8714 ce=0.8567 rrr=0.0147 val_acc=0.6887 val_auc=0.9513
[iter-train] ep=12 loss=0.8615 ce=0.8470 rrr=0.0144 val_acc=0.6781 val_auc=0.9503
[iter-train] ep=13 loss=0.8513 ce=0.8366 rrr=0.0147 val_acc=0.6885 val_auc=0.9516
[iter-train] ep=14 loss=0.8411 ce=0.8262 rrr=0.0150 val_acc=0.7001 val_auc=0.9530
[iter-train] ep=15 loss=0.8301 ce=0.8149 rrr=0.0152 val_acc=0.7036 val_auc=0.9540
[iter-train] ep=16 loss=0.8196 ce=0.8041 rrr=0.0155 val_acc=0.6995 val_auc=0.9535
[iter-train] ep=17 loss=0.8101 ce=0.7945 rrr=0.0156 val_acc=0.6993 val_auc=0.9540
[iter-train] ep=18 loss=0.7996 ce=0.7836 rrr=0.0159 val_acc=0.7025 val_auc=0.9545
[iter-train] ep=19 loss=0.7884 ce=0.7723 rrr=0.0161 val_acc=0.6980 val_auc=0.9543
[iter-train] ep=20 loss=0.7765 ce=0.7601 rrr=0.0164 val_acc=0.7081 val_auc=0.9556
[iter-train] ep=21 loss=0.7655 ce=0.7486 rrr=0.0169 val_acc=0.7074 val_auc=0.9553
[iter-train] ep=22 loss=0.7553 ce=0.7381 rrr=0.0172 val_acc=0.7102 val_auc=0.9557
[iter-train] ep=23 loss=0.7470 ce=0.7293 rrr=0.0177 val_acc=0.7064 val_auc=0.9552
[iter-train] ep=24 loss=0.7367 ce=0.7192 rrr=0.0175 val_acc=0.7051 val_auc=0.9554
[iter-train] ep=25 loss=0.7287 ce=0.7107 rrr=0.0180 val_acc=0.7077 val_auc=0.9552
[iter-train] ep=26 loss=0.7205 ce=0.7024 rrr=0.0181 val_acc=0.7083 val_auc=0.9553
[iter-train] ep=27 loss=0.7132 ce=0.6946 rrr=0.0186 val_acc=0.7048 val_auc=0.9549
[iter-train] ep=28 loss=0.7104 ce=0.6916 rrr=0.0188 val_acc=0.7069 val_auc=0.9552
[iter-train] ep=29 loss=0.7070 ce=0.6880 rrr=0.0190 val_acc=0.7073 val_auc=0.9553
[iter-train] ep=30 loss=0.7054 ce=0.6866 rrr=0.0188 val_acc=0.7073 val_auc=0.9553
[iter] done 5: test_acc=0.7068, test_auc=0.9550, aspen_strong3=0.6302
[done] outputs:
  /home/ryreu/atlas/CompPhys_FinalProject/restart_studies/results/rrr_findanother_seed52_smoothgrad_lam1_mask0p30/config.json
  /home/ryreu/atlas/CompPhys_FinalProject/restart_studies/results/rrr_findanother_seed52_smoothgrad_lam1_mask0p30/iteration_summary.csv
  /home/ryreu/atlas/CompPhys_FinalProject/restart_studies/results/rrr_findanother_seed52_smoothgrad_lam1_mask0p30/summary.json
  /home/ryreu/atlas/CompPhys_FinalProject/restart_studies/results/rrr_findanother_seed52_smoothgrad_lam1_mask0p30/iter_01/jetclass_test_metrics.json
  /home/ryreu/atlas/CompPhys_FinalProject/restart_studies/results/rrr_findanother_seed52_smoothgrad_lam1_mask0p30/iter_01/aspen_shift_metrics.json
  /home/ryreu/atlas/CompPhys_FinalProject/restart_studies/results/rrr_findanother_seed52_smoothgrad_lam1_mask0p30/iter_02/jetclass_test_metrics.json
  /home/ryreu/atlas/CompPhys_FinalProject/restart_studies/results/rrr_findanother_seed52_smoothgrad_lam1_mask0p30/iter_02/aspen_shift_metrics.json
  /home/ryreu/atlas/CompPhys_FinalProject/restart_studies/results/rrr_findanother_seed52_smoothgrad_lam1_mask0p30/iter_03/jetclass_test_metrics.json
  /home/ryreu/atlas/CompPhys_FinalProject/restart_studies/results/rrr_findanother_seed52_smoothgrad_lam1_mask0p30/iter_03/aspen_shift_metrics.json
  /home/ryreu/atlas/CompPhys_FinalProject/restart_studies/results/rrr_findanother_seed52_smoothgrad_lam1_mask0p30/iter_04/jetclass_test_metrics.json
  /home/ryreu/atlas/CompPhys_FinalProject/restart_studies/results/rrr_findanother_seed52_smoothgrad_lam1_mask0p30/iter_04/aspen_shift_metrics.json
  /home/ryreu/atlas/CompPhys_FinalProject/restart_studies/results/rrr_findanother_seed52_smoothgrad_lam1_mask0p30/iter_05/jetclass_test_metrics.json
  /home/ryreu/atlas/CompPhys_FinalProject/restart_studies/results/rrr_findanother_seed52_smoothgrad_lam1_mask0p30/iter_05/aspen_shift_metrics.json
[done] outputs:
  /home/ryreu/atlas/CompPhys_FinalProject/restart_studies/results/rrr_findanother_seed52_smoothgrad_lam1_mask0p30/config.json
  /home/ryreu/atlas/CompPhys_FinalProject/restart_studies/results/rrr_findanother_seed52_smoothgrad_lam1_mask0p30/iteration_summary.csv
  /home/ryreu/atlas/CompPhys_FinalProject/restart_studies/results/rrr_findanother_seed52_smoothgrad_lam1_mask0p30/summary.json
