============================================================
RRR Find-Another Sweep (16-config array)
Array Job: 21209304
Task ID: 4 / 15
A_SOURCE: integrated_gradients
Lambda: 10
Mask frac: 0.05
Run name: rrr_findanother_seed52_integrated_gradients_lam10_mask0p05
Delegating to: /home/ryreu/atlas/CompPhys_FinalProject/restart_studies/sbatch_train_rrr_find_another_single.sh
============================================================
[preflight] WORKDIR=/home/ryreu/atlas/CompPhys_FinalProject
[preflight] PROJECT_ROOT=/home/ryreu/atlas/CompPhys_FinalProject
[preflight] SCRIPT=/home/ryreu/atlas/CompPhys_FinalProject/restart_studies/train_rrr_find_another_single.py
[preflight] RUN_NAME=rrr_findanother_seed52_integrated_gradients_lam10_mask0p05
[preflight] A_SOURCE=integrated_gradients
[preflight] LAMBDA_RRR=10
[preflight] MASK_FRAC=0.05
[preflight] DATA_DIR=/home/ryreu/atlas/PracticeTagging/data/jetclass_part0
[preflight] ASPEN_DIR=/home/ryreu/atlas/CompPhys_Final/data/AspenOpenJets
[preflight] python: /home/ryreu/miniconda3/envs/atlas_kd/bin/python3
[preflight] module check OK
============================================================
RRR Find-Another Training (Single Config)
Job ID: 21213964
Node: skl-a-25
Output: /home/ryreu/atlas/CompPhys_FinalProject/restart_studies/results/rrr_findanother_seed52_integrated_gradients_lam10_mask0p05
============================================================
 python3 -u /home/ryreu/atlas/CompPhys_FinalProject/restart_studies/train_rrr_find_another_single.py --data_dir /home/ryreu/atlas/PracticeTagging/data/jetclass_part0 --aspen_data_dir /home/ryreu/atlas/CompPhys_Final/data/AspenOpenJets --aspen_glob Run\*.h5 --aspen_n_jets 1000000 --aspen_chunk_jets 50000 --output_root /home/ryreu/atlas/CompPhys_FinalProject/restart_studies/results --run_name rrr_findanother_seed52_integrated_gradients_lam10_mask0p05 --seed 52 --device cuda --num_workers 4 --feature_mode full --max_constits 128 --train_files_per_class 8 --val_files_per_class 1 --test_files_per_class 1 --n_train_jets 150000 --n_val_jets 50000 --n_test_jets 150000 --batch_size 512 --rrr_batch_size 128 --epochs 30 --lr 7e-4 --weight_decay 1e-5 --warmup_epochs 3 --embed_dim 128 --num_heads 8 --num_layers 6 --ff_dim 512 --dropout 0.1 --target_class HToBB --background_class ZJetsToNuNu --a_source integrated_gradients --lambda_rrr 10 --mask_frac 0.05 --max_iterations 5 --attr_batch_size 128 --ig_steps 16 --smoothgrad_samples 16 --smoothgrad_sigma 0.10
[info] run_dir=/home/ryreu/atlas/CompPhys_FinalProject/restart_studies/results/rrr_findanother_seed52_integrated_gradients_lam10_mask0p05
[info] device=cuda
[info] classes:
  - HToBB: 10 files
  - HToCC: 10 files
  - HToGG: 10 files
  - HToWW2Q1L: 10 files
  - HToWW4Q: 10 files
  - TTBar: 10 files
  - TTBarLep: 10 files
  - WToQQ: 10 files
  - ZJetsToNuNu: 10 files
  - ZToQQ: 10 files
[info] loading train/val/test splits
[info] loaded jets train=150000 val=50000 test=150000
[info] domain-prior mask coverage tokens=295956/5898045 features=2959560/100266765
========================================================================
[iter] 1/5
[iter] seed=1052
[iter-train] ep=1 loss=1.2442 ce=1.2328 rrr=0.0011 val_acc=0.6236 val_auc=0.9313
[iter-train] ep=2 loss=1.0569 ce=1.0469 rrr=0.0010 val_acc=0.5944 val_auc=0.9291
[iter-train] ep=3 loss=1.0140 ce=1.0057 rrr=0.0008 val_acc=0.6325 val_auc=0.9394
[iter-train] ep=4 loss=0.9681 ce=0.9612 rrr=0.0007 val_acc=0.6394 val_auc=0.9391
[iter-train] ep=5 loss=0.9402 ce=0.9341 rrr=0.0006 val_acc=0.6732 val_auc=0.9465
[iter-train] ep=6 loss=0.9209 ce=0.9155 rrr=0.0005 val_acc=0.6805 val_auc=0.9490
[iter-train] ep=7 loss=0.9044 ce=0.8996 rrr=0.0005 val_acc=0.6496 val_auc=0.9443
[iter-train] ep=8 loss=0.8927 ce=0.8883 rrr=0.0004 val_acc=0.6512 val_auc=0.9449
[iter-train] ep=9 loss=0.8800 ce=0.8760 rrr=0.0004 val_acc=0.6573 val_auc=0.9449
[iter-train] ep=10 loss=0.8696 ce=0.8657 rrr=0.0004 val_acc=0.6819 val_auc=0.9508
[iter-train] ep=11 loss=0.8575 ce=0.8538 rrr=0.0004 val_acc=0.6954 val_auc=0.9520
[iter-train] ep=12 loss=0.8476 ce=0.8442 rrr=0.0003 val_acc=0.6901 val_auc=0.9519
[iter-train] ep=13 loss=0.8376 ce=0.8343 rrr=0.0003 val_acc=0.7018 val_auc=0.9536
[iter-train] ep=14 loss=0.8273 ce=0.8240 rrr=0.0003 val_acc=0.6938 val_auc=0.9526
[iter-train] ep=15 loss=0.8149 ce=0.8116 rrr=0.0003 val_acc=0.6905 val_auc=0.9513
[iter-train] ep=16 loss=0.8041 ce=0.8009 rrr=0.0003 val_acc=0.6811 val_auc=0.9510
[iter-train] ep=17 loss=0.7932 ce=0.7900 rrr=0.0003 val_acc=0.7004 val_auc=0.9542
[iter-train] ep=18 loss=0.7809 ce=0.7776 rrr=0.0003 val_acc=0.6979 val_auc=0.9535
[iter-train] ep=19 loss=0.7710 ce=0.7679 rrr=0.0003 val_acc=0.6998 val_auc=0.9543
[iter-train] ep=20 loss=0.7604 ce=0.7571 rrr=0.0003 val_acc=0.7073 val_auc=0.9555
[iter-train] ep=21 loss=0.7486 ce=0.7452 rrr=0.0003 val_acc=0.6984 val_auc=0.9539
[iter-train] ep=22 loss=0.7362 ce=0.7328 rrr=0.0003 val_acc=0.6992 val_auc=0.9539
[iter-train] ep=23 loss=0.7261 ce=0.7227 rrr=0.0003 val_acc=0.6998 val_auc=0.9541
[iter-train] ep=24 loss=0.7151 ce=0.7115 rrr=0.0004 val_acc=0.7031 val_auc=0.9543
[iter-train] ep=25 loss=0.7075 ce=0.7038 rrr=0.0004 val_acc=0.6970 val_auc=0.9535
[iter-train] ep=26 loss=0.7008 ce=0.6971 rrr=0.0004 val_acc=0.7022 val_auc=0.9538
[iter-train] ep=27 loss=0.6926 ce=0.6888 rrr=0.0004 val_acc=0.7019 val_auc=0.9538
[iter-train] ep=28 loss=0.6879 ce=0.6840 rrr=0.0004 val_acc=0.7014 val_auc=0.9537
[iter-train] ep=29 loss=0.6855 ce=0.6815 rrr=0.0004 val_acc=0.7040 val_auc=0.9541
[iter-train] ep=30 loss=0.6839 ce=0.6799 rrr=0.0004 val_acc=0.7030 val_auc=0.9540
[iter] done 1: test_acc=0.7029, test_auc=0.9540, aspen_strong3=0.4918
========================================================================
[iter] 2/5
[iter] seed=2052
[iter] computing full-dataset attributions source=integrated_gradients
[iter-train] ep=1 loss=1.2997 ce=1.2660 rrr=0.0034 val_acc=0.6079 val_auc=0.9283
[iter-train] ep=2 loss=1.1255 ce=1.0845 rrr=0.0041 val_acc=0.6278 val_auc=0.9336
[iter-train] ep=3 loss=1.0815 ce=1.0396 rrr=0.0042 val_acc=0.6318 val_auc=0.9348
[iter-train] ep=4 loss=1.0408 ce=0.9988 rrr=0.0042 val_acc=0.6459 val_auc=0.9397
[iter-train] ep=5 loss=1.0136 ce=0.9720 rrr=0.0042 val_acc=0.6572 val_auc=0.9422
[iter-train] ep=6 loss=0.9963 ce=0.9547 rrr=0.0042 val_acc=0.6609 val_auc=0.9431
[iter-train] ep=7 loss=0.9814 ce=0.9397 rrr=0.0042 val_acc=0.6665 val_auc=0.9445
[iter-train] ep=8 loss=0.9680 ce=0.9265 rrr=0.0042 val_acc=0.6709 val_auc=0.9450
[iter-train] ep=9 loss=0.9557 ce=0.9148 rrr=0.0041 val_acc=0.6753 val_auc=0.9469
[iter-train] ep=10 loss=0.9471 ce=0.9058 rrr=0.0041 val_acc=0.6759 val_auc=0.9466
[iter-train] ep=11 loss=0.9333 ce=0.8919 rrr=0.0041 val_acc=0.6585 val_auc=0.9450
[iter-train] ep=12 loss=0.9219 ce=0.8807 rrr=0.0041 val_acc=0.6802 val_auc=0.9487
[iter-train] ep=13 loss=0.9113 ce=0.8711 rrr=0.0040 val_acc=0.6825 val_auc=0.9494
[iter-train] ep=14 loss=0.8999 ce=0.8593 rrr=0.0041 val_acc=0.6834 val_auc=0.9496
[iter-train] ep=15 loss=0.8889 ce=0.8487 rrr=0.0040 val_acc=0.6839 val_auc=0.9503
[iter-train] ep=16 loss=0.8785 ce=0.8382 rrr=0.0040 val_acc=0.6861 val_auc=0.9501
[iter-train] ep=17 loss=0.8685 ce=0.8252 rrr=0.0043 val_acc=0.6832 val_auc=0.9498
[iter-train] ep=18 loss=0.8567 ce=0.8137 rrr=0.0043 val_acc=0.6838 val_auc=0.9505
[iter-train] ep=19 loss=0.8433 ce=0.8029 rrr=0.0040 val_acc=0.6876 val_auc=0.9512
[iter-train] ep=20 loss=0.8344 ce=0.7920 rrr=0.0042 val_acc=0.6887 val_auc=0.9514
[iter-train] ep=21 loss=0.8231 ce=0.7798 rrr=0.0043 val_acc=0.6864 val_auc=0.9514
[iter-train] ep=22 loss=0.8107 ce=0.7693 rrr=0.0041 val_acc=0.6800 val_auc=0.9503
[iter-train] ep=23 loss=0.7987 ce=0.7596 rrr=0.0039 val_acc=0.6846 val_auc=0.9512
[iter-train] ep=24 loss=0.7875 ce=0.7477 rrr=0.0040 val_acc=0.6860 val_auc=0.9510
[iter-train] ep=25 loss=0.7859 ce=0.7386 rrr=0.0047 val_acc=0.6834 val_auc=0.9508
[iter-train] ep=26 loss=0.7712 ce=0.7315 rrr=0.0040 val_acc=0.6854 val_auc=0.9510
[iter-train] ep=27 loss=0.7659 ce=0.7242 rrr=0.0042 val_acc=0.6866 val_auc=0.9513
[iter-train] ep=28 loss=0.7612 ce=0.7202 rrr=0.0041 val_acc=0.6859 val_auc=0.9509
[iter-train] ep=29 loss=0.7577 ce=0.7171 rrr=0.0041 val_acc=0.6858 val_auc=0.9508
[iter-train] ep=30 loss=0.7545 ce=0.7156 rrr=0.0039 val_acc=0.6860 val_auc=0.9509
[iter] done 2: test_acc=0.6878, test_auc=0.9511, aspen_strong3=0.6847
========================================================================
[iter] 3/5
[iter] seed=3052
[iter] computing full-dataset attributions source=integrated_gradients
[iter-train] ep=1 loss=1.2918 ce=1.2548 rrr=0.0037 val_acc=0.6265 val_auc=0.9303
[iter-train] ep=2 loss=1.1223 ce=1.0783 rrr=0.0044 val_acc=0.6361 val_auc=0.9337
[iter-train] ep=3 loss=1.0800 ce=1.0352 rrr=0.0045 val_acc=0.6485 val_auc=0.9372
[iter-train] ep=4 loss=1.0384 ce=0.9929 rrr=0.0045 val_acc=0.6488 val_auc=0.9387
[iter-train] ep=5 loss=1.0124 ce=0.9672 rrr=0.0045 val_acc=0.6632 val_auc=0.9429
[iter-train] ep=6 loss=0.9939 ce=0.9483 rrr=0.0046 val_acc=0.6609 val_auc=0.9441
[iter-train] ep=7 loss=0.9787 ce=0.9333 rrr=0.0045 val_acc=0.6636 val_auc=0.9438
[iter-train] ep=8 loss=0.9668 ce=0.9212 rrr=0.0046 val_acc=0.6588 val_auc=0.9448
[iter-train] ep=9 loss=0.9541 ce=0.9089 rrr=0.0045 val_acc=0.6714 val_auc=0.9469
[iter-train] ep=10 loss=0.9435 ce=0.8971 rrr=0.0046 val_acc=0.6692 val_auc=0.9463
[iter-train] ep=11 loss=0.9301 ce=0.8847 rrr=0.0045 val_acc=0.6654 val_auc=0.9466
[iter-train] ep=12 loss=0.9216 ce=0.8757 rrr=0.0046 val_acc=0.6497 val_auc=0.9472
[iter-train] ep=13 loss=0.9110 ce=0.8659 rrr=0.0045 val_acc=0.6851 val_auc=0.9503
[iter-train] ep=14 loss=0.9012 ce=0.8548 rrr=0.0046 val_acc=0.6765 val_auc=0.9494
[iter-train] ep=15 loss=0.8924 ce=0.8472 rrr=0.0045 val_acc=0.6719 val_auc=0.9489
[iter-train] ep=16 loss=0.8796 ce=0.8322 rrr=0.0047 val_acc=0.6723 val_auc=0.9488
[iter-train] ep=17 loss=0.8708 ce=0.8248 rrr=0.0046 val_acc=0.6905 val_auc=0.9519
[iter-train] ep=18 loss=0.8587 ce=0.8125 rrr=0.0046 val_acc=0.6877 val_auc=0.9521
[iter-train] ep=19 loss=0.8472 ce=0.8014 rrr=0.0046 val_acc=0.6861 val_auc=0.9515
[iter-train] ep=20 loss=0.8390 ce=0.7908 rrr=0.0048 val_acc=0.6925 val_auc=0.9525
[iter-train] ep=21 loss=0.8295 ce=0.7797 rrr=0.0050 val_acc=0.6906 val_auc=0.9525
[iter-train] ep=22 loss=0.8186 ce=0.7697 rrr=0.0049 val_acc=0.6849 val_auc=0.9517
[iter-train] ep=23 loss=0.8092 ce=0.7578 rrr=0.0051 val_acc=0.6944 val_auc=0.9530
[iter-train] ep=24 loss=0.7977 ce=0.7486 rrr=0.0049 val_acc=0.6905 val_auc=0.9522
[iter-train] ep=25 loss=0.7897 ce=0.7392 rrr=0.0051 val_acc=0.6909 val_auc=0.9521
[iter-train] ep=26 loss=0.7816 ce=0.7346 rrr=0.0047 val_acc=0.6929 val_auc=0.9527
[iter-train] ep=27 loss=0.7773 ce=0.7263 rrr=0.0051 val_acc=0.6919 val_auc=0.9525
[iter-train] ep=28 loss=0.7730 ce=0.7233 rrr=0.0050 val_acc=0.6912 val_auc=0.9526
[iter-train] ep=29 loss=0.7701 ce=0.7206 rrr=0.0049 val_acc=0.6922 val_auc=0.9524
[iter-train] ep=30 loss=0.7630 ce=0.7166 rrr=0.0046 val_acc=0.6915 val_auc=0.9525
[iter] done 3: test_acc=0.6911, test_auc=0.9523, aspen_strong3=0.7627
========================================================================
[iter] 4/5
[iter] seed=4052
[iter] computing full-dataset attributions source=integrated_gradients
[iter-train] ep=1 loss=1.2971 ce=1.2605 rrr=0.0037 val_acc=0.6138 val_auc=0.9281
[iter-train] ep=2 loss=1.1281 ce=1.0833 rrr=0.0045 val_acc=0.6280 val_auc=0.9337
[iter-train] ep=3 loss=1.0883 ce=1.0421 rrr=0.0046 val_acc=0.6297 val_auc=0.9351
[iter-train] ep=4 loss=1.0469 ce=1.0002 rrr=0.0047 val_acc=0.6365 val_auc=0.9369
[iter-train] ep=5 loss=1.0205 ce=0.9740 rrr=0.0047 val_acc=0.6556 val_auc=0.9414
[iter-train] ep=6 loss=0.9992 ce=0.9522 rrr=0.0047 val_acc=0.6401 val_auc=0.9392
[iter-train] ep=7 loss=0.9842 ce=0.9374 rrr=0.0047 val_acc=0.6706 val_auc=0.9456
[iter-train] ep=8 loss=0.9712 ce=0.9250 rrr=0.0046 val_acc=0.6688 val_auc=0.9447
[iter-train] ep=9 loss=0.9571 ce=0.9106 rrr=0.0046 val_acc=0.6769 val_auc=0.9482
[iter-train] ep=10 loss=0.9452 ce=0.8983 rrr=0.0047 val_acc=0.6704 val_auc=0.9474
[iter-train] ep=11 loss=0.9351 ce=0.8883 rrr=0.0047 val_acc=0.6879 val_auc=0.9497
[iter-train] ep=12 loss=0.9233 ce=0.8766 rrr=0.0047 val_acc=0.6735 val_auc=0.9482
[iter-train] ep=13 loss=0.9134 ce=0.8667 rrr=0.0047 val_acc=0.6735 val_auc=0.9481
[iter-train] ep=14 loss=0.9030 ce=0.8550 rrr=0.0048 val_acc=0.6849 val_auc=0.9499
[iter-train] ep=15 loss=0.8971 ce=0.8471 rrr=0.0050 val_acc=0.6799 val_auc=0.9502
[iter-train] ep=16 loss=0.8835 ce=0.8358 rrr=0.0048 val_acc=0.6850 val_auc=0.9505
[iter-train] ep=17 loss=0.8702 ce=0.8229 rrr=0.0047 val_acc=0.6879 val_auc=0.9513
[iter-train] ep=18 loss=0.8633 ce=0.8123 rrr=0.0051 val_acc=0.6806 val_auc=0.9501
[iter-train] ep=19 loss=0.8480 ce=0.8004 rrr=0.0048 val_acc=0.6881 val_auc=0.9511
[iter-train] ep=20 loss=0.8382 ce=0.7891 rrr=0.0049 val_acc=0.6893 val_auc=0.9524
[iter-train] ep=21 loss=0.8293 ce=0.7783 rrr=0.0051 val_acc=0.6946 val_auc=0.9530
[iter-train] ep=22 loss=0.8185 ce=0.7692 rrr=0.0049 val_acc=0.6901 val_auc=0.9521
[iter-train] ep=23 loss=0.8062 ce=0.7571 rrr=0.0049 val_acc=0.6899 val_auc=0.9520
[iter-train] ep=24 loss=0.7980 ce=0.7474 rrr=0.0051 val_acc=0.6892 val_auc=0.9516
[iter-train] ep=25 loss=0.7881 ce=0.7390 rrr=0.0049 val_acc=0.6908 val_auc=0.9523
[iter-train] ep=26 loss=0.7833 ce=0.7295 rrr=0.0054 val_acc=0.6907 val_auc=0.9521
[iter-train] ep=27 loss=0.7759 ce=0.7232 rrr=0.0053 val_acc=0.6904 val_auc=0.9518
[iter-train] ep=28 loss=0.7727 ce=0.7187 rrr=0.0054 val_acc=0.6905 val_auc=0.9520
[iter-train] ep=29 loss=0.7649 ce=0.7160 rrr=0.0049 val_acc=0.6913 val_auc=0.9522
[iter-train] ep=30 loss=0.7668 ce=0.7137 rrr=0.0053 val_acc=0.6897 val_auc=0.9519
[iter] done 4: test_acc=0.6903, test_auc=0.9519, aspen_strong3=0.6114
========================================================================
[iter] 5/5
[iter] seed=5052
[iter] computing full-dataset attributions source=integrated_gradients
[iter-train] ep=1 loss=1.2820 ce=1.2454 rrr=0.0037 val_acc=0.6177 val_auc=0.9302
[iter-train] ep=2 loss=1.1204 ce=1.0753 rrr=0.0045 val_acc=0.6397 val_auc=0.9360
[iter-train] ep=3 loss=1.0814 ce=1.0350 rrr=0.0046 val_acc=0.6149 val_auc=0.9326
[iter-train] ep=4 loss=1.0398 ce=0.9928 rrr=0.0047 val_acc=0.6401 val_auc=0.9394
[iter-train] ep=5 loss=1.0167 ce=0.9692 rrr=0.0047 val_acc=0.6666 val_auc=0.9444
[iter-train] ep=6 loss=0.9966 ce=0.9490 rrr=0.0048 val_acc=0.6604 val_auc=0.9439
[iter-train] ep=7 loss=0.9825 ce=0.9343 rrr=0.0048 val_acc=0.6730 val_auc=0.9452
[iter-train] ep=8 loss=0.9691 ce=0.9209 rrr=0.0048 val_acc=0.6733 val_auc=0.9473
[iter-train] ep=9 loss=0.9571 ce=0.9085 rrr=0.0049 val_acc=0.6669 val_auc=0.9468
[iter-train] ep=10 loss=0.9477 ce=0.8988 rrr=0.0049 val_acc=0.6628 val_auc=0.9453
[iter-train] ep=11 loss=0.9356 ce=0.8868 rrr=0.0049 val_acc=0.6800 val_auc=0.9491
[iter-train] ep=12 loss=0.9254 ce=0.8769 rrr=0.0049 val_acc=0.6739 val_auc=0.9484
[iter-train] ep=13 loss=0.9135 ce=0.8660 rrr=0.0047 val_acc=0.6762 val_auc=0.9491
[iter-train] ep=14 loss=0.9031 ce=0.8557 rrr=0.0047 val_acc=0.6900 val_auc=0.9505
[iter-train] ep=15 loss=0.8950 ce=0.8444 rrr=0.0051 val_acc=0.6906 val_auc=0.9509
[iter-train] ep=16 loss=0.8843 ce=0.8345 rrr=0.0050 val_acc=0.6849 val_auc=0.9509
[iter-train] ep=17 loss=0.8732 ce=0.8230 rrr=0.0050 val_acc=0.6769 val_auc=0.9498
[iter-train] ep=18 loss=0.8643 ce=0.8143 rrr=0.0050 val_acc=0.6880 val_auc=0.9515
[iter-train] ep=19 loss=0.8532 ce=0.8014 rrr=0.0052 val_acc=0.6847 val_auc=0.9513
[iter-train] ep=20 loss=0.8408 ce=0.7904 rrr=0.0050 val_acc=0.6929 val_auc=0.9525
[iter-train] ep=21 loss=0.8308 ce=0.7783 rrr=0.0053 val_acc=0.6935 val_auc=0.9522
[iter-train] ep=22 loss=0.8188 ce=0.7670 rrr=0.0052 val_acc=0.6962 val_auc=0.9530
[iter-train] ep=23 loss=0.8071 ce=0.7569 rrr=0.0050 val_acc=0.6907 val_auc=0.9522
[iter-train] ep=24 loss=0.7973 ce=0.7454 rrr=0.0052 val_acc=0.6917 val_auc=0.9524
[iter-train] ep=25 loss=0.7918 ce=0.7378 rrr=0.0054 val_acc=0.6918 val_auc=0.9523
[iter-train] ep=26 loss=0.7828 ce=0.7298 rrr=0.0053 val_acc=0.6920 val_auc=0.9524
[iter-train] ep=27 loss=0.7775 ce=0.7233 rrr=0.0054 val_acc=0.6897 val_auc=0.9517
[iter-train] ep=28 loss=0.7706 ce=0.7191 rrr=0.0051 val_acc=0.6911 val_auc=0.9520
[iter-train] ep=29 loss=0.7677 ce=0.7159 rrr=0.0052 val_acc=0.6924 val_auc=0.9522
[iter-train] ep=30 loss=0.7655 ce=0.7133 rrr=0.0052 val_acc=0.6926 val_auc=0.9520
[iter] done 5: test_acc=0.6930, test_auc=0.9520, aspen_strong3=0.6247
[done] outputs:
  /home/ryreu/atlas/CompPhys_FinalProject/restart_studies/results/rrr_findanother_seed52_integrated_gradients_lam10_mask0p05/config.json
  /home/ryreu/atlas/CompPhys_FinalProject/restart_studies/results/rrr_findanother_seed52_integrated_gradients_lam10_mask0p05/iteration_summary.csv
  /home/ryreu/atlas/CompPhys_FinalProject/restart_studies/results/rrr_findanother_seed52_integrated_gradients_lam10_mask0p05/summary.json
  /home/ryreu/atlas/CompPhys_FinalProject/restart_studies/results/rrr_findanother_seed52_integrated_gradients_lam10_mask0p05/iter_01/jetclass_test_metrics.json
  /home/ryreu/atlas/CompPhys_FinalProject/restart_studies/results/rrr_findanother_seed52_integrated_gradients_lam10_mask0p05/iter_01/aspen_shift_metrics.json
  /home/ryreu/atlas/CompPhys_FinalProject/restart_studies/results/rrr_findanother_seed52_integrated_gradients_lam10_mask0p05/iter_02/jetclass_test_metrics.json
  /home/ryreu/atlas/CompPhys_FinalProject/restart_studies/results/rrr_findanother_seed52_integrated_gradients_lam10_mask0p05/iter_02/aspen_shift_metrics.json
  /home/ryreu/atlas/CompPhys_FinalProject/restart_studies/results/rrr_findanother_seed52_integrated_gradients_lam10_mask0p05/iter_03/jetclass_test_metrics.json
  /home/ryreu/atlas/CompPhys_FinalProject/restart_studies/results/rrr_findanother_seed52_integrated_gradients_lam10_mask0p05/iter_03/aspen_shift_metrics.json
  /home/ryreu/atlas/CompPhys_FinalProject/restart_studies/results/rrr_findanother_seed52_integrated_gradients_lam10_mask0p05/iter_04/jetclass_test_metrics.json
  /home/ryreu/atlas/CompPhys_FinalProject/restart_studies/results/rrr_findanother_seed52_integrated_gradients_lam10_mask0p05/iter_04/aspen_shift_metrics.json
  /home/ryreu/atlas/CompPhys_FinalProject/restart_studies/results/rrr_findanother_seed52_integrated_gradients_lam10_mask0p05/iter_05/jetclass_test_metrics.json
  /home/ryreu/atlas/CompPhys_FinalProject/restart_studies/results/rrr_findanother_seed52_integrated_gradients_lam10_mask0p05/iter_05/aspen_shift_metrics.json
[done] outputs:
  /home/ryreu/atlas/CompPhys_FinalProject/restart_studies/results/rrr_findanother_seed52_integrated_gradients_lam10_mask0p05/config.json
  /home/ryreu/atlas/CompPhys_FinalProject/restart_studies/results/rrr_findanother_seed52_integrated_gradients_lam10_mask0p05/iteration_summary.csv
  /home/ryreu/atlas/CompPhys_FinalProject/restart_studies/results/rrr_findanother_seed52_integrated_gradients_lam10_mask0p05/summary.json
